Archive member included to satisfy reference by file (symbol)

F:/Software/STM32Cube/STM32CubeIDE_2.2.0/STM32CubeIDE/plugins/com.st.stm32cube.ide.mcu.externaltools.gnu-tools-for-stm32.14.3.rel1.win32_1.0.100.202602081740/tools/bin/../lib/gcc/arm-none-eabi/14.3.1/../../../../arm-none-eabi/lib/thumb/v7-m/nofp\libc_nano.a(libc_a-exit.o)
                              F:/Software/STM32Cube/STM32CubeIDE_2.2.0/STM32CubeIDE/plugins/com.st.stm32cube.ide.mcu.externaltools.gnu-tools-for-stm32.14.3.rel1.win32_1.0.100.202602081740/tools/bin/../lib/gcc/arm-none-eabi/14.3.1/../../../../arm-none-eabi/lib/thumb/v7-m/nofp/crt0.o (exit)
F:/Software/STM32Cube/STM32CubeIDE_2.2.0/STM32CubeIDE/plugins/com.st.stm32cube.ide.mcu.externaltools.gnu-tools-for-stm32.14.3.rel1.win32_1.0.100.202602081740/tools/bin/../lib/gcc/arm-none-eabi/14.3.1/../../../../arm-none-eabi/lib/thumb/v7-m/nofp\libc_nano.a(libc_a-findfp.o)
                              F:/Software/STM32Cube/STM32CubeIDE_2.2.0/STM32CubeIDE/plugins/com.st.stm32cube.ide.mcu.externaltools.gnu-tools-for-stm32.14.3.rel1.win32_1.0.100.202602081740/tools/bin/../lib/gcc/arm-none-eabi/14.3.1/../../../../arm-none-eabi/lib/thumb/v7-m/nofp\libc_nano.a(libc_a-exit.o) (__stdio_exit_handler)
F:/Software/STM32Cube/STM32CubeIDE_2.2.0/STM32CubeIDE/plugins/com.st.stm32cube.ide.mcu.externaltools.gnu-tools-for-stm32.14.3.rel1.win32_1.0.100.202602081740/tools/bin/../lib/gcc/arm-none-eabi/14.3.1/../../../../arm-none-eabi/lib/thumb/v7-m/nofp\libc_nano.a(libc_a-fwalk.o)
                              F:/Software/STM32Cube/STM32CubeIDE_2.2.0/STM32CubeIDE/plugins/com.st.stm32cube.ide.mcu.externaltools.gnu-tools-for-stm32.14.3.rel1.win32_1.0.100.202602081740/tools/bin/../lib/gcc/arm-none-eabi/14.3.1/../../../../arm-none-eabi/lib/thumb/v7-m/nofp\libc_nano.a(libc_a-findfp.o) (_fwalk_sglue)
F:/Software/STM32Cube/STM32CubeIDE_2.2.0/STM32CubeIDE/plugins/com.st.stm32cube.ide.mcu.externaltools.gnu-tools-for-stm32.14.3.rel1.win32_1.0.100.202602081740/tools/bin/../lib/gcc/arm-none-eabi/14.3.1/../../../../arm-none-eabi/lib/thumb/v7-m/nofp\libc_nano.a(libc_a-stdio.o)
                              F:/Software/STM32Cube/STM32CubeIDE_2.2.0/STM32CubeIDE/plugins/com.st.stm32cube.ide.mcu.externaltools.gnu-tools-for-stm32.14.3.rel1.win32_1.0.100.202602081740/tools/bin/../lib/gcc/arm-none-eabi/14.3.1/../../../../arm-none-eabi/lib/thumb/v7-m/nofp\libc_nano.a(libc_a-findfp.o) (__sread)
F:/Software/STM32Cube/STM32CubeIDE_2.2.0/STM32CubeIDE/plugins/com.st.stm32cube.ide.mcu.externaltools.gnu-tools-for-stm32.14.3.rel1.win32_1.0.100.202602081740/tools/bin/../lib/gcc/arm-none-eabi/14.3.1/../../../../arm-none-eabi/lib/thumb/v7-m/nofp\libc_nano.a(libc_a-memset.o)
                              F:/Software/STM32Cube/STM32CubeIDE_2.2.0/STM32CubeIDE/plugins/com.st.stm32cube.ide.mcu.externaltools.gnu-tools-for-stm32.14.3.rel1.win32_1.0.100.202602081740/tools/bin/../lib/gcc/arm-none-eabi/14.3.1/../../../../arm-none-eabi/lib/thumb/v7-m/nofp/crt0.o (memset)
F:/Software/STM32Cube/STM32CubeIDE_2.2.0/STM32CubeIDE/plugins/com.st.stm32cube.ide.mcu.externaltools.gnu-tools-for-stm32.14.3.rel1.win32_1.0.100.202602081740/tools/bin/../lib/gcc/arm-none-eabi/14.3.1/../../../../arm-none-eabi/lib/thumb/v7-m/nofp\libc_nano.a(libc_a-closer.o)
                              F:/Software/STM32Cube/STM32CubeIDE_2.2.0/STM32CubeIDE/plugins/com.st.stm32cube.ide.mcu.externaltools.gnu-tools-for-stm32.14.3.rel1.win32_1.0.100.202602081740/tools/bin/../lib/gcc/arm-none-eabi/14.3.1/../../../../arm-none-eabi/lib/thumb/v7-m/nofp\libc_nano.a(libc_a-stdio.o) (_close_r)
F:/Software/STM32Cube/STM32CubeIDE_2.2.0/STM32CubeIDE/plugins/com.st.stm32cube.ide.mcu.externaltools.gnu-tools-for-stm32.14.3.rel1.win32_1.0.100.202602081740/tools/bin/../lib/gcc/arm-none-eabi/14.3.1/../../../../arm-none-eabi/lib/thumb/v7-m/nofp\libc_nano.a(libc_a-reent.o)
                              F:/Software/STM32Cube/STM32CubeIDE_2.2.0/STM32CubeIDE/plugins/com.st.stm32cube.ide.mcu.externaltools.gnu-tools-for-stm32.14.3.rel1.win32_1.0.100.202602081740/tools/bin/../lib/gcc/arm-none-eabi/14.3.1/../../../../arm-none-eabi/lib/thumb/v7-m/nofp\libc_nano.a(libc_a-closer.o) (errno)
F:/Software/STM32Cube/STM32CubeIDE_2.2.0/STM32CubeIDE/plugins/com.st.stm32cube.ide.mcu.externaltools.gnu-tools-for-stm32.14.3.rel1.win32_1.0.100.202602081740/tools/bin/../lib/gcc/arm-none-eabi/14.3.1/../../../../arm-none-eabi/lib/thumb/v7-m/nofp\libc_nano.a(libc_a-impure.o)
                              F:/Software/STM32Cube/STM32CubeIDE_2.2.0/STM32CubeIDE/plugins/com.st.stm32cube.ide.mcu.externaltools.gnu-tools-for-stm32.14.3.rel1.win32_1.0.100.202602081740/tools/bin/../lib/gcc/arm-none-eabi/14.3.1/../../../../arm-none-eabi/lib/thumb/v7-m/nofp\libc_nano.a(libc_a-reent.o) (_impure_ptr)
[...]
Memory Configuration

Name             Origin             Length             Attributes
RAM              0x20000000         0x00005000         xrw
FLASH            0x08000000         0x0000fc00         xr
*default*        0x00000000         0xffffffff

Linker script and memory map

LOAD F:/Software/STM32Cube/STM32CubeIDE_2.2.0/STM32CubeIDE/plugins/com.st.stm32cube.ide.mcu.externaltools.gnu-tools-for-stm32.14.3.rel1.win32_1.0.100.202602081740/tools/bin/../lib/gcc/arm-none-eabi/14.3.1/thumb/v7-m/nofp/crti.o
LOAD F:/Software/STM32Cube/STM32CubeIDE_2.2.0/STM32CubeIDE/plugins/com.st.stm32cube.ide.mcu.externaltools.gnu-tools-for-stm32.14.3.rel1.win32_1.0.100.202602081740/tools/bin/../lib/gcc/arm-none-eabi/14.3.1/thumb/v7-m/nofp/crtbegin.o
LOAD F:/Software/STM32Cube/STM32CubeIDE_2.2.0/STM32CubeIDE/plugins/com.st.stm32cube.ide.mcu.externaltools.gnu-tools-for-stm32.14.3.rel1.win32_1.0.100.202602081740/tools/bin/../lib/gcc/arm-none-eabi/14.3.1/../../../../arm-none-eabi/lib/thumb/v7-m/nofp/crt0.o
LOAD ./AGV_Communication/agv_stm32_c.o
LOAD ./Core/Src/main.o
LOAD ./Core/Src/motor.o
LOAD ./Core/Src/mpu6050.o
LOAD ./Core/Src/stm32f1xx_hal_msp.o
LOAD ./Core/Src/stm32f1xx_it.o
LOAD ./Core/Src/syscalls.o
LOAD ./Core/Src/sysmem.o
LOAD ./Core/Src/system_stm32f1xx.o
LOAD ./Core/Src/vl53l0x.o
LOAD ./Core/Startup/startup_stm32f103c8tx.o
LOAD ./Drivers/STM32F1xx_HAL_Driver/Src/stm32f1xx_hal.o
LOAD ./Drivers/STM32F1xx_HAL_Driver/Src/stm32f1xx_hal_cortex.o
LOAD ./Drivers/STM32F1xx_HAL_Driver/Src/stm32f1xx_hal_dma.o
LOAD ./Drivers/STM32F1xx_HAL_Driver/Src/stm32f1xx_hal_exti.o
LOAD ./Drivers/STM32F1xx_HAL_Driver/Src/stm32f1xx_hal_flash.o
LOAD ./Drivers/STM32F1xx_HAL_Driver/Src/stm32f1xx_hal_flash_ex.o
LOAD ./Drivers/STM32F1xx_HAL_Driver/Src/stm32f1xx_hal_gpio.o
LOAD ./Drivers/STM32F1xx_HAL_Driver/Src/stm32f1xx_hal_gpio_ex.o
LOAD ./Drivers/STM32F1xx_HAL_Driver/Src/stm32f1xx_hal_i2c.o
LOAD ./Drivers/STM32F1xx_HAL_Driver/Src/stm32f1xx_hal_pwr.o
LOAD ./Drivers/STM32F1xx_HAL_Driver/Src/stm32f1xx_hal_rcc.o
LOAD ./Drivers/STM32F1xx_HAL_Driver/Src/stm32f1xx_hal_rcc_ex.o
LOAD ./Drivers/STM32F1xx_HAL_Driver/Src/stm32f1xx_hal_tim.o
LOAD ./Drivers/STM32F1xx_HAL_Driver/Src/stm32f1xx_hal_tim_ex.o
LOAD ./Drivers/STM32F1xx_HAL_Driver/Src/stm32f1xx_hal_uart.o
START GROUP
LOAD F:/Software/STM32Cube/STM32CubeIDE_2.2.0/STM32CubeIDE/plugins/com.st.stm32cube.ide.mcu.externaltools.gnu-tools-for-stm32.14.3.rel1.win32_1.0.100.202602081740/tools/bin/../lib/gcc/arm-none-eabi/14.3.1/../../../../arm-none-eabi/lib/thumb/v7-m/nofp\libc_nano.a
LOAD F:/Software/STM32Cube/STM32CubeIDE_2.2.0/STM32CubeIDE/plugins/com.st.stm32cube.ide.mcu.externaltools.gnu-tools-for-stm32.14.3.rel1.win32_1.0.100.202602081740/tools/bin/../lib/gcc/arm-none-eabi/14.3.1/../../../../arm-none-eabi/lib/thumb/v7-m/nofp\libm.a
END GROUP
START GROUP
LOAD F:/Software/STM32Cube/STM32CubeIDE_2.2.0/STM32CubeIDE/plugins/com.st.stm32cube.ide.mcu.externaltools.gnu-tools-for-stm32.14.3.rel1.win32_1.0.100.202602081740/tools/bin/../lib/gcc/arm-none-eabi/14.3.1/thumb/v7-m/nofp\libgcc.a
LOAD F:/Software/STM32Cube/STM32CubeIDE_2.2.0/STM32CubeIDE/plugins/com.st.stm32cube.ide.mcu.externaltools.gnu-tools-for-stm32.14.3.rel1.win32_1.0.100.202602081740/tools/bin/../lib/gcc/arm-none-eabi/14.3.1/../../../../arm-none-eabi/lib/thumb/v7-m/nofp\libc_nano.a
END GROUP
START GROUP
LOAD F:/Software/STM32Cube/STM32CubeIDE_2.2.0/STM32CubeIDE/plugins/com.st.stm32cube.ide.mcu.externaltools.gnu-tools-for-stm32.14.3.rel1.win32_1.0.100.202602081740/tools/bin/../lib/gcc/arm-none-eabi/14.3.1/thumb/v7-m/nofp\libgcc.a
LOAD F:/Software/STM32Cube/STM32CubeIDE_2.2.0/STM32CubeIDE/plugins/com.st.stm32cube.ide.mcu.externaltools.gnu-tools-for-stm32.14.3.rel1.win32_1.0.100.202602081740/tools/bin/../lib/gcc/arm-none-eabi/14.3.1/../../../../arm-none-eabi/lib/thumb/v7-m/nofp\libc_nano.a
LOAD F:/Software/STM32Cube/STM32CubeIDE_2.2.0/STM32CubeIDE/plugins/com.st.stm32cube.ide.mcu.externaltools.gnu-tools-for-stm32.14.3.rel1.win32_1.0.100.202602081740/tools/bin/../lib/gcc/arm-none-eabi/14.3.1/../../../../arm-none-eabi/lib/thumb/v7-m/nofp\libnosys.a
END GROUP
START GROUP
LOAD F:/Software/STM32Cube/STM32CubeIDE_2.2.0/STM32CubeIDE/plugins/com.st.stm32cube.ide.mcu.externaltools.gnu-tools-for-stm32.14.3.rel1.win32_1.0.100.202602081740/tools/bin/../lib/gcc/arm-none-eabi/14.3.1/thumb/v7-m/nofp\libgcc.a
LOAD F:/Software/STM32Cube/STM32CubeIDE_2.2.0/STM32CubeIDE/plugins/com.st.stm32cube.ide.mcu.externaltools.gnu-tools-for-stm32.14.3.rel1.win32_1.0.100.202602081740/tools/bin/../lib/gcc/arm-none-eabi/14.3.1/../../../../arm-none-eabi/lib/thumb/v7-m/nofp\libc_nano.a
LOAD F:/Software/STM32Cube/STM32CubeIDE_2.2.0/STM32CubeIDE/plugins/com.st.stm32cube.ide.mcu.externaltools.gnu-tools-for-stm32.14.3.rel1.win32_1.0.100.202602081740/tools/bin/../lib/gcc/arm-none-eabi/14.3.1/../../../../arm-none-eabi/lib/thumb/v7-m/nofp\libnosys.a
END GROUP
LOAD F:/Software/STM32Cube/STM32CubeIDE_2.2.0/STM32CubeIDE/plugins/com.st.stm32cube.ide.mcu.externaltools.gnu-tools-for-stm32.14.3.rel1.win32_1.0.100.202602081740/tools/bin/../lib/gcc/arm-none-eabi/14.3.1/thumb/v7-m/nofp/crtend.o
LOAD F:/Software/STM32Cube/STM32CubeIDE_2.2.0/STM32CubeIDE/plugins/com.st.stm32cube.ide.mcu.externaltools.gnu-tools-for-stm32.14.3.rel1.win32_1.0.100.202602081740/tools/bin/../lib/gcc/arm-none-eabi/14.3.1/thumb/v7-m/nofp/crtn.o
                0x20005000                        _estack = (ORIGIN (RAM) + LENGTH (RAM))
                0x00000200                        _Min_Heap_Size = 0x200
                0x00000800                        _Min_Stack_Size = 0x800

.isr_vector     0x08000000      0x10c
                0x08000000                        . = ALIGN (0x4)
 *(.isr_vector)
 .isr_vector    0x08000000      0x10c ./Core/Startup/startup_stm32f103c8tx.o
                0x08000000                g_pfnVectors
                0x0800010c                        . = ALIGN (0x4)

.text           0x08000110     0xa52c
                0x08000110                        . = ALIGN (0x4)
 *(.text)
 .text          0x08000110       0x40 F:/Software/STM32Cube/STM32CubeIDE_2.2.0/STM32CubeIDE/plugins/com.st.stm32cube.ide.mcu.externaltools.gnu-tools-for-stm32.14.3.rel1.win32_1.0.100.202602081740/tools/bin/../lib/gcc/arm-none-eabi/14.3.1/thumb/v7-m/nofp/crtbegin.o
 .text          0x08000150      0x378 F:/Software/STM32Cube/STM32CubeIDE_2.2.0/STM32CubeIDE/plugins/com.st.stm32cube.ide.mcu.externaltools.gnu-tools-for-stm32.14.3.rel1.win32_1.0.100.202602081740/tools/bin/../lib/gcc/arm-none-eabi/14.3.1/thumb/v7-m/nofp\libgcc.a(_arm_addsubdf3.o)
                0x08000150                __aeabi_drsub
                0x08000158                __aeabi_dsub
                0x08000158                __subdf3
                0x0800015c                __aeabi_dadd
                0x0800015c                __adddf3
                0x080003d4                __floatunsidf
                0x080003d4                __aeabi_ui2d
                0x080003f4                __floatsidf
                0x080003f4                __aeabi_i2d
                0x08000418                __aeabi_f2d
                0x08000418                __extendsfdf2
                0x0800045c                __floatundidf
                0x0800045c                __aeabi_ul2d
                0x0800046c                __floatdidf
                0x0800046c                __aeabi_l2d
 .text          0x080004c8      0x424 F:/Software/STM32Cube/STM32CubeIDE_2.2.0/STM32CubeIDE/plugins/com.st.stm32cube.ide.mcu.externaltools.gnu-tools-for-stm32.14.3.rel1.win32_1.0.100.202602081740/tools/bin/../lib/gcc/arm-none-eabi/14.3.1/thumb/v7-m/nofp\libgcc.a(_arm_muldivdf3.o)
                0x080004c8                __aeabi_dmul
                0x080004c8                __muldf3
                0x0800071c                __divdf3
                0x0800071c                __aeabi_ddiv
 .text          0x080008ec      0x110 F:/Software/STM32Cube/STM32CubeIDE_2.2.0/STM32CubeIDE/plugins/com.st.stm32cube.ide.mcu.externaltools.gnu-tools-for-stm32.14.3.rel1.win32_1.0.100.202602081740/tools/bin/../lib/gcc/arm-none-eabi/14.3.1/thumb/v7-m/nofp\libgcc.a(_arm_cmpdf2.o)
                0x080008ec                __gtdf2
                0x080008ec                __gedf2
                0x080008f4                __ltdf2
                0x080008f4                __ledf2
                0x080008fc                __nedf2
                0x080008fc                __eqdf2
                0x080008fc                __cmpdf2
                0x08000978                __aeabi_cdrcmple
                0x08000988                __aeabi_cdcmpeq
                0x08000988                __aeabi_cdcmple
                0x08000998                __aeabi_dcmpeq
                0x080009ac                __aeabi_dcmplt
                0x080009c0                __aeabi_dcmple
                0x080009d4                __aeabi_dcmpge
                0x080009e8                __aeabi_dcmpgt
 .text          0x080009fc       0x2c F:/Software/STM32Cube/STM32CubeIDE_2.2.0/STM32CubeIDE/plugins/com.st.stm32cube.ide.mcu.externaltools.gnu-tools-for-stm32.14.3.rel1.win32_1.0.100.202602081740/tools/bin/../lib/gcc/arm-none-eabi/14.3.1/thumb/v7-m/nofp\libgcc.a(_arm_unorddf2.o)
                0x080009fc                __unorddf2
                0x080009fc                __aeabi_dcmpun
 .text          0x08000a28       0xa0 F:/Software/STM32Cube/STM32CubeIDE_2.2.0/STM32CubeIDE/plugins/com.st.stm32cube.ide.mcu.externaltools.gnu-tools-for-stm32.14.3.rel1.win32_1.0.100.202602081740/tools/bin/../lib/gcc/arm-none-eabi/14.3.1/thumb/v7-m/nofp\libgcc.a(_arm_truncdfsf2.o)
                0x08000a28                __truncdfsf2
                0x08000a28                __aeabi_d2f
 .text          0x08000ac8      0x21c F:/Software/STM32Cube/STM32CubeIDE_2.2.0/STM32CubeIDE/plugins/com.st.stm32cube.ide.mcu.externaltools.gnu-tools-for-stm32.14.3.rel1.win32_1.0.100.202602081740/tools/bin/../lib/gcc/arm-none-eabi/14.3.1/thumb/v7-m/nofp\libgcc.a(_arm_addsubsf3.o)
                0x08000ac8                __aeabi_frsub
                0x08000ad0                __subsf3
                0x08000ad0                __aeabi_fsub
                0x08000ad4                __aeabi_fadd
                0x08000ad4                __addsf3
                0x08000c34                __aeabi_ui2f
                0x08000c34                __floatunsisf
                0x08000c3c                __aeabi_i2f
                0x08000c3c                __floatsisf
                0x08000c58                __aeabi_ul2f
                0x08000c58                __floatundisf
                0x08000c68                __aeabi_l2f
                0x08000c68                __floatdisf
 .text          0x08000ce4      0x2a0 F:/Software/STM32Cube/STM32CubeIDE_2.2.0/STM32CubeIDE/plugins/com.st.stm32cube.ide.mcu.externaltools.gnu-tools-for-stm32.14.3.rel1.win32_1.0.100.202602081740/tools/bin/../lib/gcc/arm-none-eabi/14.3.1/thumb/v7-m/nofp\libgcc.a(_arm_muldivsf3.o)
                0x08000ce4                __mulsf3
                0x08000ce4                __aeabi_fmul
                0x08000e4c                __aeabi_fdiv
                0x08000e4c                __divsf3
 .text          0x08000f84       0xec F:/Software/STM32Cube/STM32CubeIDE_2.2.0/STM32CubeIDE/plugins/com.st.stm32cube.ide.mcu.externaltools.gnu-tools-for-stm32.14.3.rel1.win32_1.0.100.202602081740/tools/bin/../lib/gcc/arm-none-eabi/14.3.1/thumb/v7-m/nofp\libgcc.a(_arm_cmpsf2.o)
                0x08000f84                __gesf2
                0x08000f84                __gtsf2
                0x08000f8c                __lesf2
                0x08000f8c                __ltsf2
                0x08000f94                __nesf2
                0x08000f94                __eqsf2
                0x08000f94                __cmpsf2
                0x08000ff4                __aeabi_cfrcmple
                0x08000ffc                __aeabi_cfcmpeq
                0x08000ffc                __aeabi_cfcmple
                0x0800100c                __aeabi_fcmpeq
                0x08001020                __aeabi_fcmplt
                0x08001034                __aeabi_fcmple
                0x08001048                __aeabi_fcmpge
                0x0800105c                __aeabi_fcmpgt
 .text          0x08001070       0x4c F:/Software/STM32Cube/STM32CubeIDE_2.2.0/STM32CubeIDE/plugins/com.st.stm32cube.ide.mcu.externaltools.gnu-tools-for-stm32.14.3.rel1.win32_1.0.100.202602081740/tools/bin/../lib/gcc/arm-none-eabi/14.3.1/thumb/v7-m/nofp\libgcc.a(_arm_fixsfsi.o)
                0x08001070                __aeabi_f2iz
                0x08001070                __fixsfsi
 .text          0x080010bc       0x40 F:/Software/STM32Cube/STM32CubeIDE_2.2.0/STM32CubeIDE/plugins/com.st.stm32cube.ide.mcu.externaltools.gnu-tools-for-stm32.14.3.rel1.win32_1.0.100.202602081740/tools/bin/../lib/gcc/arm-none-eabi/14.3.1/thumb/v7-m/nofp\libgcc.a(_arm_fixunssfsi.o)
                0x080010bc                __fixunssfsi
                0x080010bc                __aeabi_f2uiz
 *(.text*)
 .text.agv_crc16_calc
                0x080010fc       0x80 ./AGV_Communication/agv_stm32_c.o
                0x080010fc                agv_crc16_calc
 .text.agv_encode_packet
                0x0800117c      0x126 ./AGV_Communication/agv_stm32_c.o
                0x0800117c                agv_encode_packet
 .text.agv_decode_packet
                0x080012a2      0x118 ./AGV_Communication/agv_stm32_c.o
                0x080012a2                agv_decode_packet
 .text.agv_stm32_parser_init
                0x080013ba       0x3c ./AGV_Communication/agv_stm32_c.o
                0x080013ba                agv_stm32_parser_init
 *fill*         0x080013f6        0x2 
 .text.agv_stm32_parser_feed
                0x080013f8      0x274 ./AGV_Communication/agv_stm32_c.o
                0x080013f8                agv_stm32_parser_feed
 .text.agv_build_ack
                0x0800166c       0x42 ./AGV_Communication/agv_stm32_c.o
                0x0800166c                agv_build_ack
 .text.agv_build_status
                0x080016ae       0x42 ./AGV_Communication/agv_stm32_c.o
                0x080016ae                agv_build_status
 .text.agv_build_version
                0x080016f0       0x5c ./AGV_Communication/agv_stm32_c.o
                0x080016f0                agv_build_version
 .text.agv_build_odometry
                0x0800174c       0x8a ./AGV_Communication/agv_stm32_c.o
                0x0800174c                agv_build_odometry
 .text.agv_build_telemetry_sync
                0x080017d6      0x1b8 ./AGV_Communication/agv_stm32_c.o
                0x080017d6                agv_build_telemetry_sync
 .text.agv_build_move_done
                0x0800198e       0x42 ./AGV_Communication/agv_stm32_c.o
                0x0800198e                agv_build_move_done
 .text.agv_build_turn_done
                0x080019d0       0x42 ./AGV_Communication/agv_stm32_c.o
                0x080019d0                agv_build_turn_done
 .text.agv_parse_move
                0x08001a12       0x82 ./AGV_Communication/agv_stm32_c.o
                0x08001a12                agv_parse_move
 .text.agv_parse_turn
                0x08001a94       0x78 ./AGV_Communication/agv_stm32_c.o
                0x08001a94                agv_parse_turn
 .text.agv_parse_set_repeat_speed
                0x08001b0c       0x50 ./AGV_Communication/agv_stm32_c.o
                0x08001b0c                agv_parse_set_repeat_speed
 .text.agv_parse_set_speeds
                0x08001b5c       0x6e ./AGV_Communication/agv_stm32_c.o
                0x08001b5c                agv_parse_set_speeds
 .text.agv_parse_motor_trim
                0x08001bca       0x6c ./AGV_Communication/agv_stm32_c.o
                0x08001bca                agv_parse_motor_trim
 .text.agv_parse_set_pid_tuning
                0x08001c36       0xa0 ./AGV_Communication/agv_stm32_c.o
                0x08001c36                agv_parse_set_pid_tuning
 .text.agv_parse_set_pid_enable
                0x08001cd6       0x48 ./AGV_Communication/agv_stm32_c.o
                0x08001cd6                agv_parse_set_pid_enable
 .text.agv_parse_set_encoder_config
                0x08001d1e       0x86 ./AGV_Communication/agv_stm32_c.o
                0x08001d1e                agv_parse_set_encoder_config
 .text.agv_parse_set_tof_config
                0x08001da4       0x42 ./AGV_Communication/agv_stm32_c.o
                0x08001da4                agv_parse_set_tof_config
 *fill*         0x08001de6        0x2 
 .text.Load_IMU_Offset
                0x08001de8       0x50 ./Core/Src/main.o
                0x08001de8                Load_IMU_Offset
 .text.Save_IMU_Offset
                0x08001e38      0x140 ./Core/Src/main.o
                0x08001e38                Save_IMU_Offset
 .text.I2C_BusRecover
                0x08001f78       0xac ./Core/Src/main.o
                0x08001f78                I2C_BusRecover
 .text.I2C_CheckAndRecover
                0x08002024       0x5c ./Core/Src/main.o
                0x08002024                I2C_CheckAndRecover
 .text.AGV_STM32_DispatchCommand
                0x08002080      0x820 ./Core/Src/main.o
                0x08002080                AGV_STM32_DispatchCommand
 .text.HAL_UART_RxCpltCallback
                0x080028a0       0x74 ./Core/Src/main.o
                0x080028a0                HAL_UART_RxCpltCallback
 .text.HAL_UART_ErrorCallback
                0x08002914       0xa0 ./Core/Src/main.o
                0x08002914                HAL_UART_ErrorCallback
 .text.main     0x080029b4      0xf5c ./Core/Src/main.o
                0x080029b4                main
 .text.SystemClock_Config
                0x08003910       0x8a ./Core/Src/main.o
                0x08003910                SystemClock_Config
 *fill*         0x0800399a        0x2 
 .text.MX_I2C1_Init
                0x0800399c       0x5c ./Core/Src/main.o
 .text.MX_TIM1_Init
                0x080039f8      0x158 ./Core/Src/main.o
 .text.MX_TIM2_Init
                0x08003b50       0xa8 ./Core/Src/main.o
 .text.MX_TIM3_Init
                0x08003bf8       0xa8 ./Core/Src/main.o
 .text.MX_USART2_UART_Init
                0x08003ca0       0x54 ./Core/Src/main.o
 .text.MX_GPIO_Init
                0x08003cf4       0xdc ./Core/Src/main.o
 .text.Error_Handler
                0x08003dd0       0x34 ./Core/Src/main.o
                0x08003dd0                Error_Handler
 .text.Motor_Init
                0x08003e04       0x20 ./Core/Src/motor.o
                0x08003e04                Motor_Init
 .text.Motor_SetSpeed
                0x08003e24      0x14c ./Core/Src/motor.o
                0x08003e24                Motor_SetSpeed
 .text.MPU6050_Init
                0x08003f70       0xbc ./Core/Src/mpu6050.o
                0x08003f70                MPU6050_Init
 *fill*         0x0800402c        0x4 
 .text.MPU6050_Read_All
                0x08004030      0x3e0 ./Core/Src/mpu6050.o
                0x08004030                MPU6050_Read_All
 .text.Kalman_getAngle
                0x08004410      0x2a6 ./Core/Src/mpu6050.o
                0x08004410                Kalman_getAngle
 *fill*         0x080046b6        0x2 
 .text.HAL_MspInit
                0x080046b8       0x64 ./Core/Src/stm32f1xx_hal_msp.o
                0x080046b8                HAL_MspInit
 .text.HAL_I2C_MspInit
                0x0800471c       0x7c ./Core/Src/stm32f1xx_hal_msp.o
                0x0800471c                HAL_I2C_MspInit
 .text.HAL_I2C_MspDeInit
                0x08004798       0x44 ./Core/Src/stm32f1xx_hal_msp.o
                0x08004798                HAL_I2C_MspDeInit
 .text.HAL_TIM_Base_MspInit
                0x080047dc       0x3c ./Core/Src/stm32f1xx_hal_msp.o
                0x080047dc                HAL_TIM_Base_MspInit
 .text.HAL_TIM_Encoder_MspInit
                0x08004818       0xd0 ./Core/Src/stm32f1xx_hal_msp.o
                0x08004818                HAL_TIM_Encoder_MspInit
 .text.HAL_TIM_MspPostInit
                0x080048e8       0x68 ./Core/Src/stm32f1xx_hal_msp.o
                0x080048e8                HAL_TIM_MspPostInit
 .text.HAL_UART_MspInit
                0x08004950       0xa4 ./Core/Src/stm32f1xx_hal_msp.o
                0x08004950                HAL_UART_MspInit
 .text.EmergencyMotorKill
                0x080049f4       0x28 ./Core/Src/stm32f1xx_it.o
 .text.NMI_Handler
                0x08004a1c        0xc ./Core/Src/stm32f1xx_it.o
                0x08004a1c                NMI_Handler
 .text.HardFault_Handler
                0x08004a28        0xc ./Core/Src/stm32f1xx_it.o
                0x08004a28                HardFault_Handler
 .text.MemManage_Handler
                0x08004a34        0x8 ./Core/Src/stm32f1xx_it.o
                0x08004a34                MemManage_Handler
 .text.BusFault_Handler
                0x08004a3c        0xc ./Core/Src/stm32f1xx_it.o
                0x08004a3c                BusFault_Handler
 .text.UsageFault_Handler
                0x08004a48        0x8 ./Core/Src/stm32f1xx_it.o
                0x08004a48                UsageFault_Handler
 .text.SVC_Handler
                0x08004a50        0xc ./Core/Src/stm32f1xx_it.o
                0x08004a50                SVC_Handler
 .text.DebugMon_Handler
                0x08004a5c        0xc ./Core/Src/stm32f1xx_it.o
                0x08004a5c                DebugMon_Handler
 .text.PendSV_Handler
                0x08004a68        0xc ./Core/Src/stm32f1xx_it.o
                0x08004a68                PendSV_Handler
 .text.SysTick_Handler
                0x08004a74        0xc ./Core/Src/stm32f1xx_it.o
                0x08004a74                SysTick_Handler
 .text.USART2_IRQHandler
                0x08004a80       0x14 ./Core/Src/stm32f1xx_it.o
                0x08004a80                USART2_IRQHandler
 .text.SystemInit
                0x08004a94        0xc ./Core/Src/system_stm32f1xx.o
                0x08004a94                SystemInit
 .text.writeReg
                0x08004aa0       0x50 ./Core/Src/vl53l0x.o
                0x08004aa0                writeReg
 .text.writeReg16Bit
                0x08004af0       0x5c ./Core/Src/vl53l0x.o
                0x08004af0                writeReg16Bit
 .text.writeReg32Bit
                0x08004b4c       0x6c ./Core/Src/vl53l0x.o
                0x08004b4c                writeReg32Bit
 .text.readReg  0x08004bb8       0x54 ./Core/Src/vl53l0x.o
                0x08004bb8                readReg
 .text.readReg16Bit
                0x08004c0c       0x64 ./Core/Src/vl53l0x.o
                0x08004c0c                readReg16Bit
 .text.writeMulti
                0x08004c70       0x5c ./Core/Src/vl53l0x.o
                0x08004c70                writeMulti
 .text.readMulti
                0x08004ccc       0x54 ./Core/Src/vl53l0x.o
                0x08004ccc                readMulti
 .text.setAddress_VL53L0X
                0x08004d20       0x2a ./Core/Src/vl53l0x.o
                0x08004d20                setAddress_VL53L0X
 *fill*         0x08004d4a        0x2 
 .text.initVL53L0X
                0x08004d4c      0x5a8 ./Core/Src/vl53l0x.o
                0x08004d4c                initVL53L0X
 *fill*         0x080052f4        0x4 
 .text.setSignalRateLimit
                0x080052f8       0x68 ./Core/Src/vl53l0x.o
                0x080052f8                setSignalRateLimit
 .text.setMeasurementTimingBudget
                0x08005360      0x132 ./Core/Src/vl53l0x.o
                0x08005360                setMeasurementTimingBudget
 .text.getMeasurementTimingBudget
                0x08005492       0xce ./Core/Src/vl53l0x.o
                0x08005492                getMeasurementTimingBudget
 .text.getVcselPulsePeriod
                0x08005560       0x4a ./Core/Src/vl53l0x.o
                0x08005560                getVcselPulsePeriod
 .text.startContinuous
                0x080055aa       0x9e ./Core/Src/vl53l0x.o
                0x080055aa                startContinuous
 .text.isDataReady
                0x08005648       0x28 ./Core/Src/vl53l0x.o
                0x08005648                isDataReady
 .text.readRangeContinuousMillimeters
                0x08005670       0xf0 ./Core/Src/vl53l0x.o
                0x08005670                readRangeContinuousMillimeters
 .text.setTimeout
                0x08005760       0x1c ./Core/Src/vl53l0x.o
                0x08005760                setTimeout
 .text.getSpadInfo
                0x0800577c      0x152 ./Core/Src/vl53l0x.o
                0x0800577c                getSpadInfo
 .text.getSequenceStepEnables
                0x080058ce       0x68 ./Core/Src/vl53l0x.o
                0x080058ce                getSequenceStepEnables
 .text.getSequenceStepTimeouts
                0x08005936       0xd6 ./Core/Src/vl53l0x.o
                0x08005936                getSequenceStepTimeouts
 .text.decodeTimeout
                0x08005a0c       0x26 ./Core/Src/vl53l0x.o
 .text.encodeTimeout
                0x08005a32       0x52 ./Core/Src/vl53l0x.o
 .text.timeoutMclksToMicroseconds
                0x08005a84       0x50 ./Core/Src/vl53l0x.o
 .text.timeoutMicrosecondsToMclks
                0x08005ad4       0x4c ./Core/Src/vl53l0x.o
 .text.performSingleRefCalibration
                0x08005b20       0x80 ./Core/Src/vl53l0x.o
                0x08005b20                performSingleRefCalibration
 .text.Reset_Handler
                0x08005ba0       0x48 ./Core/Startup/startup_stm32f103c8tx.o
                0x08005ba0                Reset_Handler
 .text.Default_Handler
                0x08005be8        0x2 ./Core/Startup/startup_stm32f103c8tx.o
                0x08005be8                RTC_Alarm_IRQHandler
                0x08005be8                EXTI2_IRQHandler
                0x08005be8                TIM1_CC_IRQHandler
                0x08005be8                PVD_IRQHandler
                0x08005be8                EXTI3_IRQHandler
                0x08005be8                EXTI0_IRQHandler
                0x08005be8                I2C2_EV_IRQHandler
                0x08005be8                ADC1_2_IRQHandler
                0x08005be8                SPI1_IRQHandler
                0x08005be8                TAMPER_IRQHandler
                0x08005be8                DMA1_Channel4_IRQHandler
                0x08005be8                USART3_IRQHandler
                0x08005be8                RTC_IRQHandler
                0x08005be8                DMA1_Channel7_IRQHandler
                0x08005be8                CAN1_RX1_IRQHandler
                0x08005be8                TIM4_IRQHandler
                0x08005be8                I2C1_EV_IRQHandler
                0x08005be8                DMA1_Channel6_IRQHandler
                0x08005be8                TIM3_IRQHandler
                0x08005be8                RCC_IRQHandler
                0x08005be8                TIM1_TRG_COM_IRQHandler
                0x08005be8                DMA1_Channel1_IRQHandler
                0x08005be8                Default_Handler
                0x08005be8                EXTI15_10_IRQHandler
                0x08005be8                EXTI9_5_IRQHandler
                0x08005be8                SPI2_IRQHandler
                0x08005be8                DMA1_Channel5_IRQHandler
                0x08005be8                EXTI4_IRQHandler
                0x08005be8                USB_LP_CAN1_RX0_IRQHandler
                0x08005be8                USB_HP_CAN1_TX_IRQHandler
                0x08005be8                DMA1_Channel3_IRQHandler
                0x08005be8                TIM1_UP_IRQHandler
                0x08005be8                WWDG_IRQHandler
                0x08005be8                TIM2_IRQHandler
                0x08005be8                TIM1_BRK_IRQHandler
                0x08005be8                EXTI1_IRQHandler
                0x08005be8                I2C2_ER_IRQHandler
                0x08005be8                DMA1_Channel2_IRQHandler
                0x08005be8                CAN1_SCE_IRQHandler
                0x08005be8                FLASH_IRQHandler
                0x08005be8                USART1_IRQHandler
                0x08005be8                I2C1_ER_IRQHandler
                0x08005be8                USBWakeUp_IRQHandler
 *fill*         0x08005bea        0x2 
 .text.HAL_Init
                0x08005bec       0x2c ./Drivers/STM32F1xx_HAL_Driver/Src/stm32f1xx_hal.o
                0x08005bec                HAL_Init
 .text.HAL_InitTick
                0x08005c18       0x60 ./Drivers/STM32F1xx_HAL_Driver/Src/stm32f1xx_hal.o
                0x08005c18                HAL_InitTick
 .text.HAL_IncTick
                0x08005c78       0x24 ./Drivers/STM32F1xx_HAL_Driver/Src/stm32f1xx_hal.o
                0x08005c78                HAL_IncTick
 .text.HAL_GetTick
                0x08005c9c       0x14 ./Drivers/STM32F1xx_HAL_Driver/Src/stm32f1xx_hal.o
                0x08005c9c                HAL_GetTick
 .text.HAL_Delay
                0x08005cb0       0x48 ./Drivers/STM32F1xx_HAL_Driver/Src/stm32f1xx_hal.o
                0x08005cb0                HAL_Delay
 .text.__NVIC_SetPriorityGrouping
                0x08005cf8       0x48 ./Drivers/STM32F1xx_HAL_Driver/Src/stm32f1xx_hal_cortex.o
 .text.__NVIC_GetPriorityGrouping
                0x08005d40       0x1c ./Drivers/STM32F1xx_HAL_Driver/Src/stm32f1xx_hal_cortex.o
 .text.__NVIC_EnableIRQ
                0x08005d5c       0x38 ./Drivers/STM32F1xx_HAL_Driver/Src/stm32f1xx_hal_cortex.o
 .text.__NVIC_DisableIRQ
                0x08005d94       0x48 ./Drivers/STM32F1xx_HAL_Driver/Src/stm32f1xx_hal_cortex.o
 .text.__NVIC_SetPriority
                0x08005ddc       0x54 ./Drivers/STM32F1xx_HAL_Driver/Src/stm32f1xx_hal_cortex.o
 .text.NVIC_EncodePriority
                0x08005e30       0x64 ./Drivers/STM32F1xx_HAL_Driver/Src/stm32f1xx_hal_cortex.o
 .text.SysTick_Config
                0x08005e94       0x44 ./Drivers/STM32F1xx_HAL_Driver/Src/stm32f1xx_hal_cortex.o
 .text.HAL_NVIC_SetPriorityGrouping
                0x08005ed8       0x16 ./Drivers/STM32F1xx_HAL_Driver/Src/stm32f1xx_hal_cortex.o
                0x08005ed8                HAL_NVIC_SetPriorityGrouping
 .text.HAL_NVIC_SetPriority
                0x08005eee       0x38 ./Drivers/STM32F1xx_HAL_Driver/Src/stm32f1xx_hal_cortex.o
                0x08005eee                HAL_NVIC_SetPriority
 .text.HAL_NVIC_EnableIRQ
                0x08005f26       0x1c ./Drivers/STM32F1xx_HAL_Driver/Src/stm32f1xx_hal_cortex.o
                0x08005f26                HAL_NVIC_EnableIRQ
 .text.HAL_NVIC_DisableIRQ
                0x08005f42       0x1c ./Drivers/STM32F1xx_HAL_Driver/Src/stm32f1xx_hal_cortex.o
                0x08005f42                HAL_NVIC_DisableIRQ
 .text.HAL_SYSTICK_Config
                0x08005f5e       0x18 ./Drivers/STM32F1xx_HAL_Driver/Src/stm32f1xx_hal_cortex.o
                0x08005f5e                HAL_SYSTICK_Config
 .text.HAL_DMA_Abort
                0x08005f76       0x76 ./Drivers/STM32F1xx_HAL_Driver/Src/stm32f1xx_hal_dma.o
                0x08005f76                HAL_DMA_Abort
 .text.HAL_DMA_Abort_IT
                0x08005fec       0xf0 ./Drivers/STM32F1xx_HAL_Driver/Src/stm32f1xx_hal_dma.o
                0x08005fec                HAL_DMA_Abort_IT
 .text.HAL_FLASH_Program
                0x080060dc       0xe0 ./Drivers/STM32F1xx_HAL_Driver/Src/stm32f1xx_hal_flash.o
                0x080060dc                HAL_FLASH_Program
 .text.HAL_FLASH_Unlock
                0x080061bc       0x4c ./Drivers/STM32F1xx_HAL_Driver/Src/stm32f1xx_hal_flash.o
                0x080061bc                HAL_FLASH_Unlock
 .text.HAL_FLASH_Lock
                0x08006208       0x20 ./Drivers/STM32F1xx_HAL_Driver/Src/stm32f1xx_hal_flash.o
                0x08006208                HAL_FLASH_Lock
 .text.FLASH_Program_HalfWord
                0x08006228       0x38 ./Drivers/STM32F1xx_HAL_Driver/Src/stm32f1xx_hal_flash.o
 .text.FLASH_WaitForLastOperation
                0x08006260       0x8c ./Drivers/STM32F1xx_HAL_Driver/Src/stm32f1xx_hal_flash.o
                0x08006260                FLASH_WaitForLastOperation
 .text.FLASH_SetErrorCode
                0x080062ec       0xa0 ./Drivers/STM32F1xx_HAL_Driver/Src/stm32f1xx_hal_flash.o
 .text.HAL_FLASHEx_Erase
                0x0800638c       0xd8 ./Drivers/STM32F1xx_HAL_Driver/Src/stm32f1xx_hal_flash_ex.o
                0x0800638c                HAL_FLASHEx_Erase
 .text.FLASH_MassErase
                0x08006464       0x38 ./Drivers/STM32F1xx_HAL_Driver/Src/stm32f1xx_hal_flash_ex.o
 .text.FLASH_PageErase
                0x0800649c       0x40 ./Drivers/STM32F1xx_HAL_Driver/Src/stm32f1xx_hal_flash_ex.o
                0x0800649c                FLASH_PageErase
 .text.HAL_GPIO_Init
                0x080064dc      0x308 ./Drivers/STM32F1xx_HAL_Driver/Src/stm32f1xx_hal_gpio.o
                0x080064dc                HAL_GPIO_Init
 .text.HAL_GPIO_DeInit
                0x080067e4      0x178 ./Drivers/STM32F1xx_HAL_Driver/Src/stm32f1xx_hal_gpio.o
                0x080067e4                HAL_GPIO_DeInit
 .text.HAL_GPIO_WritePin
                0x0800695c       0x30 ./Drivers/STM32F1xx_HAL_Driver/Src/stm32f1xx_hal_gpio.o
                0x0800695c                HAL_GPIO_WritePin
 .text.HAL_GPIO_TogglePin
                0x0800698c       0x32 ./Drivers/STM32F1xx_HAL_Driver/Src/stm32f1xx_hal_gpio.o
                0x0800698c                HAL_GPIO_TogglePin
 *fill*         0x080069be        0x2 
 .text.HAL_I2C_Init
                0x080069c0      0x288 ./Drivers/STM32F1xx_HAL_Driver/Src/stm32f1xx_hal_i2c.o
                0x080069c0                HAL_I2C_Init
 .text.HAL_I2C_DeInit
                0x08006c48       0x5e ./Drivers/STM32F1xx_HAL_Driver/Src/stm32f1xx_hal_i2c.o
                0x08006c48                HAL_I2C_DeInit
 *fill*         0x08006ca6        0x2 
 .text.HAL_I2C_Mem_Write
                0x08006ca8      0x1f4 ./Drivers/STM32F1xx_HAL_Driver/Src/stm32f1xx_hal_i2c.o
                0x08006ca8                HAL_I2C_Mem_Write
 .text.HAL_I2C_Mem_Read
                0x08006e9c      0x4e8 ./Drivers/STM32F1xx_HAL_Driver/Src/stm32f1xx_hal_i2c.o
                0x08006e9c                HAL_I2C_Mem_Read
 .text.I2C_RequestMemoryWrite
                0x08007384      0x12c ./Drivers/STM32F1xx_HAL_Driver/Src/stm32f1xx_hal_i2c.o
 .text.I2C_RequestMemoryRead
                0x080074b0      0x1d0 ./Drivers/STM32F1xx_HAL_Driver/Src/stm32f1xx_hal_i2c.o
 .text.I2C_WaitOnFlagUntilTimeout
                0x08007680       0xf4 ./Drivers/STM32F1xx_HAL_Driver/Src/stm32f1xx_hal_i2c.o
 .text.I2C_WaitOnMasterAddressFlagUntilTimeout
                0x08007774      0x140 ./Drivers/STM32F1xx_HAL_Driver/Src/stm32f1xx_hal_i2c.o
 .text.I2C_WaitOnTXEFlagUntilTimeout
                0x080078b4       0x90 ./Drivers/STM32F1xx_HAL_Driver/Src/stm32f1xx_hal_i2c.o
 .text.I2C_WaitOnBTFFlagUntilTimeout
                0x08007944       0x90 ./Drivers/STM32F1xx_HAL_Driver/Src/stm32f1xx_hal_i2c.o
 .text.I2C_WaitOnRXNEFlagUntilTimeout
                0x080079d4       0xba ./Drivers/STM32F1xx_HAL_Driver/Src/stm32f1xx_hal_i2c.o
 .text.I2C_IsAcknowledgeFailed
                0x08007a8e       0x5c ./Drivers/STM32F1xx_HAL_Driver/Src/stm32f1xx_hal_i2c.o
 *fill*         0x08007aea        0x2 
 .text.HAL_RCC_OscConfig
                0x08007aec      0x504 ./Drivers/STM32F1xx_HAL_Driver/Src/stm32f1xx_hal_rcc.o
                0x08007aec                HAL_RCC_OscConfig
 .text.HAL_RCC_ClockConfig
                0x08007ff0      0x1d4 ./Drivers/STM32F1xx_HAL_Driver/Src/stm32f1xx_hal_rcc.o
                0x08007ff0                HAL_RCC_ClockConfig
 .text.HAL_RCC_GetSysClockFreq
                0x080081c4       0xa8 ./Drivers/STM32F1xx_HAL_Driver/Src/stm32f1xx_hal_rcc.o
                0x080081c4                HAL_RCC_GetSysClockFreq
 .text.HAL_RCC_GetHCLKFreq
                0x0800826c       0x14 ./Drivers/STM32F1xx_HAL_Driver/Src/stm32f1xx_hal_rcc.o
                0x0800826c                HAL_RCC_GetHCLKFreq
 .text.HAL_RCC_GetPCLK1Freq
                0x08008280       0x28 ./Drivers/STM32F1xx_HAL_Driver/Src/stm32f1xx_hal_rcc.o
                0x08008280                HAL_RCC_GetPCLK1Freq
 .text.HAL_RCC_GetPCLK2Freq
                0x080082a8       0x28 ./Drivers/STM32F1xx_HAL_Driver/Src/stm32f1xx_hal_rcc.o
                0x080082a8                HAL_RCC_GetPCLK2Freq
 .text.RCC_Delay
                0x080082d0       0x3c ./Drivers/STM32F1xx_HAL_Driver/Src/stm32f1xx_hal_rcc.o
 .text.HAL_TIM_Base_Init
                0x0800830c       0x9e ./Drivers/STM32F1xx_HAL_Driver/Src/stm32f1xx_hal_tim.o
                0x0800830c                HAL_TIM_Base_Init
 .text.HAL_TIM_PWM_Init
                0x080083aa       0x9e ./Drivers/STM32F1xx_HAL_Driver/Src/stm32f1xx_hal_tim.o
                0x080083aa                HAL_TIM_PWM_Init
 .text.HAL_TIM_PWM_MspInit
                0x08008448       0x12 ./Drivers/STM32F1xx_HAL_Driver/Src/stm32f1xx_hal_tim.o
                0x08008448                HAL_TIM_PWM_MspInit
 *fill*         0x0800845a        0x2 
 .text.HAL_TIM_PWM_Start
                0x0800845c      0x144 ./Drivers/STM32F1xx_HAL_Driver/Src/stm32f1xx_hal_tim.o
                0x0800845c                HAL_TIM_PWM_Start
 .text.HAL_TIM_Encoder_Init
                0x080085a0      0x144 ./Drivers/STM32F1xx_HAL_Driver/Src/stm32f1xx_hal_tim.o
                0x080085a0                HAL_TIM_Encoder_Init
 .text.HAL_TIM_Encoder_Start
                0x080086e4      0x11c ./Drivers/STM32F1xx_HAL_Driver/Src/stm32f1xx_hal_tim.o
                0x080086e4                HAL_TIM_Encoder_Start
 .text.HAL_TIM_PWM_ConfigChannel
                0x08008800      0x184 ./Drivers/STM32F1xx_HAL_Driver/Src/stm32f1xx_hal_tim.o
                0x08008800                HAL_TIM_PWM_ConfigChannel
 .text.HAL_TIM_ConfigClockSource
                0x08008984      0x18e ./Drivers/STM32F1xx_HAL_Driver/Src/stm32f1xx_hal_tim.o
                0x08008984                HAL_TIM_ConfigClockSource
 *fill*         0x08008b12        0x2 
 .text.TIM_Base_SetConfig
                0x08008b14       0xdc ./Drivers/STM32F1xx_HAL_Driver/Src/stm32f1xx_hal_tim.o
                0x08008b14                TIM_Base_SetConfig
 .text.TIM_OC1_SetConfig
                0x08008bf0       0xcc ./Drivers/STM32F1xx_HAL_Driver/Src/stm32f1xx_hal_tim.o
 .text.TIM_OC2_SetConfig
                0x08008cbc       0xd4 ./Drivers/STM32F1xx_HAL_Driver/Src/stm32f1xx_hal_tim.o
                0x08008cbc                TIM_OC2_SetConfig
 .text.TIM_OC3_SetConfig
                0x08008d90       0xd4 ./Drivers/STM32F1xx_HAL_Driver/Src/stm32f1xx_hal_tim.o
 .text.TIM_OC4_SetConfig
                0x08008e64       0x9c ./Drivers/STM32F1xx_HAL_Driver/Src/stm32f1xx_hal_tim.o
 .text.TIM_TI1_ConfigInputStage
                0x08008f00       0x5c ./Drivers/STM32F1xx_HAL_Driver/Src/stm32f1xx_hal_tim.o
 .text.TIM_TI2_ConfigInputStage
                0x08008f5c       0x5e ./Drivers/STM32F1xx_HAL_Driver/Src/stm32f1xx_hal_tim.o
 .text.TIM_ITRx_SetConfig
                0x08008fba       0x34 ./Drivers/STM32F1xx_HAL_Driver/Src/stm32f1xx_hal_tim.o
 .text.TIM_ETR_SetConfig
                0x08008fee       0x3e ./Drivers/STM32F1xx_HAL_Driver/Src/stm32f1xx_hal_tim.o
                0x08008fee                TIM_ETR_SetConfig
 .text.TIM_CCxChannelCmd
                0x0800902c       0x48 ./Drivers/STM32F1xx_HAL_Driver/Src/stm32f1xx_hal_tim.o
                0x0800902c                TIM_CCxChannelCmd
 .text.HAL_TIMEx_MasterConfigSynchronization
                0x08009074       0xbc ./Drivers/STM32F1xx_HAL_Driver/Src/stm32f1xx_hal_tim_ex.o
                0x08009074                HAL_TIMEx_MasterConfigSynchronization
 .text.HAL_TIMEx_ConfigBreakDeadTime
                0x08009130       0xa2 ./Drivers/STM32F1xx_HAL_Driver/Src/stm32f1xx_hal_tim_ex.o
                0x08009130                HAL_TIMEx_ConfigBreakDeadTime
 .text.HAL_UART_Init
                0x080091d2       0xa0 ./Drivers/STM32F1xx_HAL_Driver/Src/stm32f1xx_hal_uart.o
                0x080091d2                HAL_UART_Init
 .text.HAL_UART_Transmit
                0x08009272      0x116 ./Drivers/STM32F1xx_HAL_Driver/Src/stm32f1xx_hal_uart.o
                0x08009272                HAL_UART_Transmit
 .text.HAL_UART_Receive_IT
                0x08009388       0x4a ./Drivers/STM32F1xx_HAL_Driver/Src/stm32f1xx_hal_uart.o
                0x08009388                HAL_UART_Receive_IT
 *fill*         0x080093d2        0x2 
 .text.HAL_UART_IRQHandler
                0x080093d4      0x524 ./Drivers/STM32F1xx_HAL_Driver/Src/stm32f1xx_hal_uart.o
                0x080093d4                HAL_UART_IRQHandler
 .text.HAL_UART_TxCpltCallback
                0x080098f8       0x12 ./Drivers/STM32F1xx_HAL_Driver/Src/stm32f1xx_hal_uart.o
                0x080098f8                HAL_UART_TxCpltCallback
 .text.HAL_UARTEx_RxEventCallback
                0x0800990a       0x16 ./Drivers/STM32F1xx_HAL_Driver/Src/stm32f1xx_hal_uart.o
                0x0800990a                HAL_UARTEx_RxEventCallback
 .text.UART_WaitOnFlagUntilTimeout
                0x08009920       0xb2 ./Drivers/STM32F1xx_HAL_Driver/Src/stm32f1xx_hal_uart.o
 .text.UART_Start_Receive_IT
                0x080099d2       0x72 ./Drivers/STM32F1xx_HAL_Driver/Src/stm32f1xx_hal_uart.o
                0x080099d2                UART_Start_Receive_IT
 .text.UART_EndRxTransfer
                0x08009a44       0xc4 ./Drivers/STM32F1xx_HAL_Driver/Src/stm32f1xx_hal_uart.o
 .text.UART_DMAAbortOnError
                0x08009b08       0x28 ./Drivers/STM32F1xx_HAL_Driver/Src/stm32f1xx_hal_uart.o
 .text.UART_Transmit_IT
                0x08009b30       0x9e ./Drivers/STM32F1xx_HAL_Driver/Src/stm32f1xx_hal_uart.o
 .text.UART_EndTransmit_IT
                0x08009bce       0x30 ./Drivers/STM32F1xx_HAL_Driver/Src/stm32f1xx_hal_uart.o
 .text.UART_Receive_IT
                0x08009bfe      0x17c ./Drivers/STM32F1xx_HAL_Driver/Src/stm32f1xx_hal_uart.o
 *fill*         0x08009d7a        0x2 
 .text.UART_SetConfig
                0x08009d7c      0x11c ./Drivers/STM32F1xx_HAL_Driver/Src/stm32f1xx_hal_uart.o
 .text.memset   0x08009e98       0x10 F:/Software/STM32Cube/STM32CubeIDE_2.2.0/STM32CubeIDE/plugins/com.st.stm32cube.ide.mcu.externaltools.gnu-tools-for-stm32.14.3.rel1.win32_1.0.100.202602081740/tools/bin/../lib/gcc/arm-none-eabi/14.3.1/../../../../arm-none-eabi/lib/thumb/v7-m/nofp\libc_nano.a(libc_a-memset.o)
                0x08009e98                memset
 .text.__errno  0x08009ea8        0xc F:/Software/STM32Cube/STM32CubeIDE_2.2.0/STM32CubeIDE/plugins/com.st.stm32cube.ide.mcu.externaltools.gnu-tools-for-stm32.14.3.rel1.win32_1.0.100.202602081740/tools/bin/../lib/gcc/arm-none-eabi/14.3.1/../../../../arm-none-eabi/lib/thumb/v7-m/nofp\libc_nano.a(libc_a-errno.o)
                0x08009ea8                __errno
 .text.__libc_init_array
                0x08009eb4       0x48 F:/Software/STM32Cube/STM32CubeIDE_2.2.0/STM32CubeIDE/plugins/com.st.stm32cube.ide.mcu.externaltools.gnu-tools-for-stm32.14.3.rel1.win32_1.0.100.202602081740/tools/bin/../lib/gcc/arm-none-eabi/14.3.1/../../../../arm-none-eabi/lib/thumb/v7-m/nofp\libc_nano.a(libc_a-init.o)
                0x08009eb4                __libc_init_array
 .text.memcpy   0x08009efc       0x1c F:/Software/STM32Cube/STM32CubeIDE_2.2.0/STM32CubeIDE/plugins/com.st.stm32cube.ide.mcu.externaltools.gnu-tools-for-stm32.14.3.rel1.win32_1.0.100.202602081740/tools/bin/../lib/gcc/arm-none-eabi/14.3.1/../../../../arm-none-eabi/lib/thumb/v7-m/nofp\libc_nano.a(libc_a-memcpy-stub.o)
                0x08009efc                memcpy
 .text.atan2    0x08009f18        0x4 F:/Software/STM32Cube/STM32CubeIDE_2.2.0/STM32CubeIDE/plugins/com.st.stm32cube.ide.mcu.externaltools.gnu-tools-for-stm32.14.3.rel1.win32_1.0.100.202602081740/tools/bin/../lib/gcc/arm-none-eabi/14.3.1/../../../../arm-none-eabi/lib/thumb/v7-m/nofp\libm.a(libm_a-w_atan2.o)
                0x08009f18                atan2
 .text.sqrt     0x08009f1c       0x50 F:/Software/STM32Cube/STM32CubeIDE_2.2.0/STM32CubeIDE/plugins/com.st.stm32cube.ide.mcu.externaltools.gnu-tools-for-stm32.14.3.rel1.win32_1.0.100.202602081740/tools/bin/../lib/gcc/arm-none-eabi/14.3.1/../../../../arm-none-eabi/lib/thumb/v7-m/nofp\libm.a(libm_a-w_sqrt.o)
                0x08009f1c                sqrt
 *fill*         0x08009f6c        0x4 
 .text.atan     0x08009f70      0x338 F:/Software/STM32Cube/STM32CubeIDE_2.2.0/STM32CubeIDE/plugins/com.st.stm32cube.ide.mcu.externaltools.gnu-tools-for-stm32.14.3.rel1.win32_1.0.100.202602081740/tools/bin/../lib/gcc/arm-none-eabi/14.3.1/../../../../arm-none-eabi/lib/thumb/v7-m/nofp\libm.a(libm_a-s_atan.o)
                0x08009f70                atan
 .text.fabs     0x0800a2a8        0x8 F:/Software/STM32Cube/STM32CubeIDE_2.2.0/STM32CubeIDE/plugins/com.st.stm32cube.ide.mcu.externaltools.gnu-tools-for-stm32.14.3.rel1.win32_1.0.100.202602081740/tools/bin/../lib/gcc/arm-none-eabi/14.3.1/../../../../arm-none-eabi/lib/thumb/v7-m/nofp\libm.a(libm_a-s_fabs.o)
                0x0800a2a8                fabs
 .text.__ieee754_sqrt
                0x0800a2b0      0x1dc F:/Software/STM32Cube/STM32CubeIDE_2.2.0/STM32CubeIDE/plugins/com.st.stm32cube.ide.mcu.externaltools.gnu-tools-for-stm32.14.3.rel1.win32_1.0.100.202602081740/tools/bin/../lib/gcc/arm-none-eabi/14.3.1/../../../../arm-none-eabi/lib/thumb/v7-m/nofp\libm.a(libm_a-e_sqrt.o)
                0x0800a2b0                __ieee754_sqrt
 *fill*         0x0800a48c        0x4 
 .text.__ieee754_atan2
                0x0800a490      0x194 F:/Software/STM32Cube/STM32CubeIDE_2.2.0/STM32CubeIDE/plugins/com.st.stm32cube.ide.mcu.externaltools.gnu-tools-for-stm32.14.3.rel1.win32_1.0.100.202602081740/tools/bin/../lib/gcc/arm-none-eabi/14.3.1/../../../../arm-none-eabi/lib/thumb/v7-m/nofp\libm.a(libm_a-e_atan2.o)
                0x0800a490                __ieee754_atan2
 *(.glue_7)
 .glue_7        0x0800a624        0x0 linker stubs
 *(.glue_7t)
 .glue_7t       0x0800a624        0x0 linker stubs
 *(.eh_frame)
 .eh_frame      0x0800a624        0x0 F:/Software/STM32Cube/STM32CubeIDE_2.2.0/STM32CubeIDE/plugins/com.st.stm32cube.ide.mcu.externaltools.gnu-tools-for-stm32.14.3.rel1.win32_1.0.100.202602081740/tools/bin/../lib/gcc/arm-none-eabi/14.3.1/thumb/v7-m/nofp/crtbegin.o
 *(.init)
 .init          0x0800a624        0x4 F:/Software/STM32Cube/STM32CubeIDE_2.2.0/STM32CubeIDE/plugins/com.st.stm32cube.ide.mcu.externaltools.gnu-tools-for-stm32.14.3.rel1.win32_1.0.100.202602081740/tools/bin/../lib/gcc/arm-none-eabi/14.3.1/thumb/v7-m/nofp/crti.o
                0x0800a624                _init
 .init          0x0800a628        0x8 F:/Software/STM32Cube/STM32CubeIDE_2.2.0/STM32CubeIDE/plugins/com.st.stm32cube.ide.mcu.externaltools.gnu-tools-for-stm32.14.3.rel1.win32_1.0.100.202602081740/tools/bin/../lib/gcc/arm-none-eabi/14.3.1/thumb/v7-m/nofp/crtn.o
 *(.fini)
 .fini          0x0800a630        0x4 F:/Software/STM32Cube/STM32CubeIDE_2.2.0/STM32CubeIDE/plugins/com.st.stm32cube.ide.mcu.externaltools.gnu-tools-for-stm32.14.3.rel1.win32_1.0.100.202602081740/tools/bin/../lib/gcc/arm-none-eabi/14.3.1/thumb/v7-m/nofp/crti.o
                0x0800a630                _fini
 .fini          0x0800a634        0x8 F:/Software/STM32Cube/STM32CubeIDE_2.2.0/STM32CubeIDE/plugins/com.st.stm32cube.ide.mcu.externaltools.gnu-tools-for-stm32.14.3.rel1.win32_1.0.100.202602081740/tools/bin/../lib/gcc/arm-none-eabi/14.3.1/thumb/v7-m/nofp/crtn.o
                0x0800a63c                        . = ALIGN (0x4)
                0x0800a63c                        _etext = .

.vfp11_veneer   0x0800a63c        0x0
 .vfp11_veneer  0x0800a63c        0x0 linker stubs

.v4_bx          0x0800a63c        0x0
 .v4_bx         0x0800a63c        0x0 linker stubs

.iplt           0x0800a63c        0x0
 .iplt          0x0800a63c        0x0 F:/Software/STM32Cube/STM32CubeIDE_2.2.0/STM32CubeIDE/plugins/com.st.stm32cube.ide.mcu.externaltools.gnu-tools-for-stm32.14.3.rel1.win32_1.0.100.202602081740/tools/bin/../lib/gcc/arm-none-eabi/14.3.1/thumb/v7-m/nofp/crtbegin.o

.rodata         0x0800a640       0xb0
                0x0800a640                        . = ALIGN (0x4)
 *(.rodata)
 *(.rodata*)
 .rodata.AHBPrescTable
                0x0800a640       0x10 ./Core/Src/system_stm32f1xx.o
                0x0800a640                AHBPrescTable
 .rodata.APBPrescTable
                0x0800a650        0x8 ./Core/Src/system_stm32f1xx.o
                0x0800a650                APBPrescTable
 .rodata.aPLLMULFactorTable.1
                0x0800a658       0x10 ./Drivers/STM32F1xx_HAL_Driver/Src/stm32f1xx_hal_rcc.o
 .rodata.aPredivFactorTable.0
                0x0800a668        0x2 ./Drivers/STM32F1xx_HAL_Driver/Src/stm32f1xx_hal_rcc.o
 *fill*         0x0800a66a        0x6 
 .rodata.atanlo
                0x0800a670       0x20 F:/Software/STM32Cube/STM32CubeIDE_2.2.0/STM32CubeIDE/plugins/com.st.stm32cube.ide.mcu.externaltools.gnu-tools-for-stm32.14.3.rel1.win32_1.0.100.202602081740/tools/bin/../lib/gcc/arm-none-eabi/14.3.1/../../../../arm-none-eabi/lib/thumb/v7-m/nofp\libm.a(libm_a-s_atan.o)
 .rodata.atanhi
                0x0800a690       0x20 F:/Software/STM32Cube/STM32CubeIDE_2.2.0/STM32CubeIDE/plugins/com.st.stm32cube.ide.mcu.externaltools.gnu-tools-for-stm32.14.3.rel1.win32_1.0.100.202602081740/tools/bin/../lib/gcc/arm-none-eabi/14.3.1/../../../../arm-none-eabi/lib/thumb/v7-m/nofp\libm.a(libm_a-s_atan.o)
 .rodata.tiny   0x0800a6b0        0x8 F:/Software/STM32Cube/STM32CubeIDE_2.2.0/STM32CubeIDE/plugins/com.st.stm32cube.ide.mcu.externaltools.gnu-tools-for-stm32.14.3.rel1.win32_1.0.100.202602081740/tools/bin/../lib/gcc/arm-none-eabi/14.3.1/../../../../arm-none-eabi/lib/thumb/v7-m/nofp\libm.a(libm_a-e_sqrt.o)
 .rodata.one    0x0800a6b8        0x8 F:/Software/STM32Cube/STM32CubeIDE_2.2.0/STM32CubeIDE/plugins/com.st.stm32cube.ide.mcu.externaltools.gnu-tools-for-stm32.14.3.rel1.win32_1.0.100.202602081740/tools/bin/../lib/gcc/arm-none-eabi/14.3.1/../../../../arm-none-eabi/lib/thumb/v7-m/nofp\libm.a(libm_a-e_sqrt.o)
 .rodata.CSWTCH.9
                0x0800a6c0       0x18 F:/Software/STM32Cube/STM32CubeIDE_2.2.0/STM32CubeIDE/plugins/com.st.stm32cube.ide.mcu.externaltools.gnu-tools-for-stm32.14.3.rel1.win32_1.0.100.202602081740/tools/bin/../lib/gcc/arm-none-eabi/14.3.1/../../../../arm-none-eabi/lib/thumb/v7-m/nofp\libm.a(libm_a-e_atan2.o)
 .rodata.CSWTCH.8
                0x0800a6d8       0x18 F:/Software/STM32Cube/STM32CubeIDE_2.2.0/STM32CubeIDE/plugins/com.st.stm32cube.ide.mcu.externaltools.gnu-tools-for-stm32.14.3.rel1.win32_1.0.100.202602081740/tools/bin/../lib/gcc/arm-none-eabi/14.3.1/../../../../arm-none-eabi/lib/thumb/v7-m/nofp\libm.a(libm_a-e_atan2.o)
                0x0800a6f0                        . = ALIGN (0x4)

.ARM.extab      0x0800a6f0        0x0
                0x0800a6f0                        . = ALIGN (0x4)
 *(.ARM.extab* .gnu.linkonce.armextab.*)
                0x0800a6f0                        . = ALIGN (0x4)

.ARM            0x0800a6f0        0x0
                0x0800a6f0                        . = ALIGN (0x4)
                0x0800a6f0                        __exidx_start = .
 *(.ARM.exidx*)
                0x0800a6f0                        __exidx_end = .
                0x0800a6f0                        . = ALIGN (0x4)

.preinit_array  0x0800a6f0        0x0
                0x0800a6f0                        . = ALIGN (0x4)
                0x0800a6f0                        PROVIDE (__preinit_array_start = .)
 *(.preinit_array*)
                0x0800a6f0                        PROVIDE (__preinit_array_end = .)
                0x0800a6f0                        . = ALIGN (0x4)

.init_array     0x0800a6f0        0x4
                0x0800a6f0                        . = ALIGN (0x4)
                0x0800a6f0                        PROVIDE (__init_array_start = .)
 *(SORT_BY_NAME(.init_array.*))
 *(.init_array*)
 .init_array    0x0800a6f0        0x4 F:/Software/STM32Cube/STM32CubeIDE_2.2.0/STM32CubeIDE/plugins/com.st.stm32cube.ide.mcu.externaltools.gnu-tools-for-stm32.14.3.rel1.win32_1.0.100.202602081740/tools/bin/../lib/gcc/arm-none-eabi/14.3.1/thumb/v7-m/nofp/crtbegin.o
                0x0800a6f4                        PROVIDE (__init_array_end = .)
                0x0800a6f4                        . = ALIGN (0x4)

.fini_array     0x0800a6f4        0x4
                0x0800a6f4                        . = ALIGN (0x4)
                [!provide]                        PROVIDE (__fini_array_start = .)
 *(SORT_BY_NAME(.fini_array.*))
 *(.fini_array*)
 .fini_array    0x0800a6f4        0x4 F:/Software/STM32Cube/STM32CubeIDE_2.2.0/STM32CubeIDE/plugins/com.st.stm32cube.ide.mcu.externaltools.gnu-tools-for-stm32.14.3.rel1.win32_1.0.100.202602081740/tools/bin/../lib/gcc/arm-none-eabi/14.3.1/thumb/v7-m/nofp/crtbegin.o
                [!provide]                        PROVIDE (__fini_array_end = .)
                0x0800a6f8                        . = ALIGN (0x4)
                0x0800a6f8                        _sidata = LOADADDR (.data)

.rel.dyn        0x0800a6f8        0x0
 .rel.iplt      0x0800a6f8        0x0 F:/Software/STM32Cube/STM32CubeIDE_2.2.0/STM32CubeIDE/plugins/com.st.stm32cube.ide.mcu.externaltools.gnu-tools-for-stm32.14.3.rel1.win32_1.0.100.202602081740/tools/bin/../lib/gcc/arm-none-eabi/14.3.1/thumb/v7-m/nofp/crtbegin.o

.data           0x20000000      0x114 load address 0x0800a6f8
                0x20000000                        . = ALIGN (0x4)
                0x20000000                        _sdata = .
 *(.data)
 *(.data*)
 .data.trim_l_fwd
                0x20000000        0x1 ./Core/Src/main.o
 .data.trim_r_fwd
                0x20000001        0x1 ./Core/Src/main.o
 .data.trim_l_turn
                0x20000002        0x1 ./Core/Src/main.o
 .data.trim_r_turn
                0x20000003        0x1 ./Core/Src/main.o
 .data.pid_kp_L
                0x20000004        0x4 ./Core/Src/main.o
 .data.pid_kp_R
                0x20000008        0x4 ./Core/Src/main.o
 .data.pid_enabled
                0x2000000c        0x1 ./Core/Src/main.o
 *fill*         0x2000000d        0x3 
 .data.enc_wheel_circ_mm
                0x20000010        0x4 ./Core/Src/main.o
 .data.enc_ppr_l
                0x20000014        0x2 ./Core/Src/main.o
 .data.enc_ppr_r
                0x20000016        0x2 ./Core/Src/main.o
 .data.repeat_speed_pct
                0x20000018        0x2 ./Core/Src/main.o
 *fill*         0x2000001a        0x2 
 .data.tof_stop_distance_mm
                0x2000001c        0x4 ./Core/Src/main.o
 .data.was_turning.3
                0x20000020        0x1 ./Core/Src/main.o
 *fill*         0x20000021        0x7 
 .data.KalmanX  0x20000028       0x48 ./Core/Src/mpu6050.o
                0x20000028                KalmanX
 .data.KalmanY  0x20000070       0x48 ./Core/Src/mpu6050.o
                0x20000070                KalmanY
 .data.SystemCoreClock
                0x200000b8        0x4 ./Core/Src/system_stm32f1xx.o
                0x200000b8                SystemCoreClock
 .data.uwTickPrio
                0x200000bc        0x4 ./Drivers/STM32F1xx_HAL_Driver/Src/stm32f1xx_hal.o
                0x200000bc                uwTickPrio
 .data.uwTickFreq
                0x200000c0        0x1 ./Drivers/STM32F1xx_HAL_Driver/Src/stm32f1xx_hal.o
                0x200000c0                uwTickFreq
 *fill*         0x200000c1        0x3 
 .data._impure_ptr
                0x200000c4        0x4 F:/Software/STM32Cube/STM32CubeIDE_2.2.0/STM32CubeIDE/plugins/com.st.stm32cube.ide.mcu.externaltools.gnu-tools-for-stm32.14.3.rel1.win32_1.0.100.202602081740/tools/bin/../lib/gcc/arm-none-eabi/14.3.1/../../../../arm-none-eabi/lib/thumb/v7-m/nofp\libc_nano.a(libc_a-impure.o)
                0x200000c4                _impure_ptr
 .data._impure_data
                0x200000c8       0x4c F:/Software/STM32Cube/STM32CubeIDE_2.2.0/STM32CubeIDE/plugins/com.st.stm32cube.ide.mcu.externaltools.gnu-tools-for-stm32.14.3.rel1.win32_1.0.100.202602081740/tools/bin/../lib/gcc/arm-none-eabi/14.3.1/../../../../arm-none-eabi/lib/thumb/v7-m/nofp\libc_nano.a(libc_a-impure.o)
                0x200000c8                _impure_data
 *(.RamFunc)
 *(.RamFunc*)
                0x20000114                        . = ALIGN (0x4)
                0x20000114                        _edata = .

.igot.plt       0x20000114        0x0 load address 0x0800a80c
 .igot.plt      0x20000114        0x0 F:/Software/STM32Cube/STM32CubeIDE_2.2.0/STM32CubeIDE/plugins/com.st.stm32cube.ide.mcu.externaltools.gnu-tools-for-stm32.14.3.rel1.win32_1.0.100.202602081740/tools/bin/../lib/gcc/arm-none-eabi/14.3.1/thumb/v7-m/nofp/crtbegin.o
                0x20000114                        . = ALIGN (0x4)

.bss            0x20000118      0x560 load address 0x0800a80c
                0x20000118                        _sbss = .
                0x20000118                        __bss_start__ = _sbss
 *(.bss)
 .bss           0x20000118       0x1c F:/Software/STM32Cube/STM32CubeIDE_2.2.0/STM32CubeIDE/plugins/com.st.stm32cube.ide.mcu.externaltools.gnu-tools-for-stm32.14.3.rel1.win32_1.0.100.202602081740/tools/bin/../lib/gcc/arm-none-eabi/14.3.1/thumb/v7-m/nofp/crtbegin.o
 *(.bss*)
 .bss.hi2c1     0x20000134       0x54 ./Core/Src/main.o
                0x20000134                hi2c1
 .bss.htim1     0x20000188       0x48 ./Core/Src/main.o
                0x20000188                htim1
 .bss.htim2     0x200001d0       0x48 ./Core/Src/main.o
                0x200001d0                htim2
 .bss.htim3     0x20000218       0x48 ./Core/Src/main.o
                0x20000218                htim3
 .bss.huart2    0x20000260       0x48 ./Core/Src/main.o
                0x20000260                huart2
 .bss.agv_parser
                0x200002a8       0x94 ./Core/Src/main.o
 .bss.rx_byte   0x2000033c        0x1 ./Core/Src/main.o
 *fill*         0x2000033d        0x3 
 .bss.tx_buffer
                0x20000340       0x80 ./Core/Src/main.o
 .bss.current_left_dist_mm
                0x200003c0        0x4 ./Core/Src/main.o
 .bss.current_right_dist_mm
                0x200003c4        0x4 ./Core/Src/main.o
 .bss.current_yaw_deg_x10
                0x200003c8        0x2 ./Core/Src/main.o
 *fill*         0x200003ca        0x2 
 .bss.last_telemetry_time
                0x200003cc        0x4 ./Core/Src/main.o
 .bss.cmd_pending
                0x200003d0        0x1 ./Core/Src/main.o
 *fill*         0x200003d1        0x3 
 .bss.pending_pkt
                0x200003d4       0x46 ./Core/Src/main.o
 *fill*         0x2000041a        0x2 
 .bss.pid_ki_L  0x2000041c        0x4 ./Core/Src/main.o
 .bss.pid_kd_L  0x20000420        0x4 ./Core/Src/main.o
 .bss.pid_ki_R  0x20000424        0x4 ./Core/Src/main.o
 .bss.pid_kd_R  0x20000428        0x4 ./Core/Src/main.o
 .bss.pid_integral_L
                0x2000042c        0x4 ./Core/Src/main.o
 .bss.pid_integral_R
                0x20000430        0x4 ./Core/Src/main.o
 .bss.target_rpm_L
                0x20000434        0x4 ./Core/Src/main.o
 .bss.target_rpm_R
                0x20000438        0x4 ./Core/Src/main.o
 .bss.last_pid_time
                0x2000043c        0x4 ./Core/Src/main.o
 .bss.last_tof_time
                0x20000440        0x4 ./Core/Src/main.o
 .bss.cached_tof_l
                0x20000444        0x2 ./Core/Src/main.o
 .bss.cached_tof_c
                0x20000446        0x2 ./Core/Src/main.o
 .bss.cached_tof_r
                0x20000448        0x2 ./Core/Src/main.o
 .bss.obstacle_blocked
                0x2000044a        0x1 ./Core/Src/main.o
 *fill*         0x2000044b        0x1 
 .bss.tof_left  0x2000044c       0x14 ./Core/Src/main.o
 .bss.tof_center
                0x20000460       0x14 ./Core/Src/main.o
 .bss.tof_right
                0x20000474       0x14 ./Core/Src/main.o
 .bss.mpu_data  0x20000488       0x58 ./Core/Src/main.o
 .bss.current_yaw_float
                0x200004e0        0x4 ./Core/Src/main.o
 .bss.gyro_z_offset
                0x200004e4        0x4 ./Core/Src/main.o
 .bss.calibrating_imu
                0x200004e8        0x1 ./Core/Src/main.o
 *fill*         0x200004e9        0x1 
 .bss.calib_samples
                0x200004ea        0x2 ./Core/Src/main.o
 .bss.calib_sum
                0x200004ec        0x4 ./Core/Src/main.o
 .bss.i2c_error_count
                0x200004f0        0x4 ./Core/Src/main.o
 .bss.last_led_time.6
                0x200004f4        0x4 ./Core/Src/main.o
 .bss.last_enc_l.5
                0x200004f8        0x4 ./Core/Src/main.o
 .bss.last_enc_r.4
                0x200004fc        0x4 ./Core/Src/main.o
 .bss.target_heading.2
                0x20000500        0x4 ./Core/Src/main.o
 .bss.prev_actual_rpm_L.1
                0x20000504        0x4 ./Core/Src/main.o
 .bss.prev_actual_rpm_R.0
                0x20000508        0x4 ./Core/Src/main.o
 .bss.timer     0x2000050c        0x4 ./Core/Src/mpu6050.o
                0x2000050c                timer
 .bss.msgBuffer
                0x20000510        0x4 ./Core/Src/vl53l0x.o
                0x20000510                msgBuffer
 .bss.i2cStat   0x20000514        0x1 ./Core/Src/vl53l0x.o
                0x20000514                i2cStat
 *fill*         0x20000515        0x3 
 .bss.uwTick    0x20000518        0x4 ./Drivers/STM32F1xx_HAL_Driver/Src/stm32f1xx_hal.o
                0x20000518                uwTick
 *fill*         0x2000051c        0x4 
 .bss.pFlash    0x20000520       0x20 ./Drivers/STM32F1xx_HAL_Driver/Src/stm32f1xx_hal_flash.o
                0x20000520                pFlash
 .bss.__sf      0x20000540      0x138 F:/Software/STM32Cube/STM32CubeIDE_2.2.0/STM32CubeIDE/plugins/com.st.stm32cube.ide.mcu.externaltools.gnu-tools-for-stm32.14.3.rel1.win32_1.0.100.202602081740/tools/bin/../lib/gcc/arm-none-eabi/14.3.1/../../../../arm-none-eabi/lib/thumb/v7-m/nofp\libc_nano.a(libc_a-findfp.o)
                0x20000540                __sf
 *(COMMON)
                0x20000678                        . = ALIGN (0x4)
                0x20000678                        _ebss = .
                0x20000678                        __bss_end__ = _ebss

._user_heap_stack
                0x20000678      0xa00 load address 0x0800a80c
                0x20000678                        . = ALIGN (0x8)
                [!provide]                        PROVIDE (end = .)
                0x20000678                        PROVIDE (_end = .)
                0x20000878                        . = (. + _Min_Heap_Size)
 *fill*         0x20000678      0x200 
                0x20001078                        . = (. + _Min_Stack_Size)
 *fill*         0x20000878      0x800 
                0x20001078                        . = ALIGN (0x8)

/DISCARD/
 libc.a(*)
 libm.a(*)
 libgcc.a(*)

.ARM.attributes
                0x00000000       0x29
 *(.ARM.attributes)
 .ARM.attributes
                0x00000000       0x1d F:/Software/STM32Cube/STM32CubeIDE_2.2.0/STM32CubeIDE/plugins/com.st.stm32cube.ide.mcu.externaltools.gnu-tools-for-stm32.14.3.rel1.win32_1.0.100.202602081740/tools/bin/../lib/gcc/arm-none-eabi/14.3.1/thumb/v7-m/nofp/crti.o
 .ARM.attributes
                0x0000001d       0x2d F:/Software/STM32Cube/STM32CubeIDE_2.2.0/STM32CubeIDE/plugins/com.st.stm32cube.ide.mcu.externaltools.gnu-tools-for-stm32.14.3.rel1.win32_1.0.100.202602081740/tools/bin/../lib/gcc/arm-none-eabi/14.3.1/thumb/v7-m/nofp/crtbegin.o
 .ARM.attributes
                0x0000004a       0x2d ./AGV_Communication/agv_stm32_c.o
 .ARM.attributes
                0x00000077       0x2d ./Core/Src/main.o
 .ARM.attributes
                0x000000a4       0x2d ./Core/Src/motor.o
 .ARM.attributes
                0x000000d1       0x2d ./Core/Src/mpu6050.o
 .ARM.attributes
                0x000000fe       0x2d ./Core/Src/stm32f1xx_hal_msp.o
 .ARM.attributes
                0x0000012b       0x2d ./Core/Src/stm32f1xx_it.o
 .ARM.attributes
                0x00000158       0x2d ./Core/Src/system_stm32f1xx.o
 .ARM.attributes
                0x00000185       0x2d ./Core/Src/vl53l0x.o
 .ARM.attributes
                0x000001b2       0x21 ./Core/Startup/startup_stm32f103c8tx.o
 .ARM.attributes
                0x000001d3       0x2d ./Drivers/STM32F1xx_HAL_Driver/Src/stm32f1xx_hal.o
 .ARM.attributes
                0x00000200       0x2d ./Drivers/STM32F1xx_HAL_Driver/Src/stm32f1xx_hal_cortex.o
 .ARM.attributes
                0x0000022d       0x2d ./Drivers/STM32F1xx_HAL_Driver/Src/stm32f1xx_hal_dma.o
 .ARM.attributes
                0x0000025a       0x2d ./Drivers/STM32F1xx_HAL_Driver/Src/stm32f1xx_hal_flash.o
 .ARM.attributes
                0x00000287       0x2d ./Drivers/STM32F1xx_HAL_Driver/Src/stm32f1xx_hal_flash_ex.o
 .ARM.attributes
                0x000002b4       0x2d ./Drivers/STM32F1xx_HAL_Driver/Src/stm32f1xx_hal_gpio.o
 .ARM.attributes
                0x000002e1       0x2d ./Drivers/STM32F1xx_HAL_Driver/Src/stm32f1xx_hal_i2c.o
 .ARM.attributes
                0x0000030e       0x2d ./Drivers/STM32F1xx_HAL_Driver/Src/stm32f1xx_hal_rcc.o
 .ARM.attributes
                0x0000033b       0x2d ./Drivers/STM32F1xx_HAL_Driver/Src/stm32f1xx_hal_tim.o
 .ARM.attributes
                0x00000368       0x2d ./Drivers/STM32F1xx_HAL_Driver/Src/stm32f1xx_hal_tim_ex.o
 .ARM.attributes
                0x00000395       0x2d ./Drivers/STM32F1xx_HAL_Driver/Src/stm32f1xx_hal_uart.o
 .ARM.attributes
                0x000003c2       0x2d F:/Software/STM32Cube/STM32CubeIDE_2.2.0/STM32CubeIDE/plugins/com.st.stm32cube.ide.mcu.externaltools.gnu-tools-for-stm32.14.3.rel1.win32_1.0.100.202602081740/tools/bin/../lib/gcc/arm-none-eabi/14.3.1/../../../../arm-none-eabi/lib/thumb/v7-m/nofp\libc_nano.a(libc_a-findfp.o)
 .ARM.attributes
                0x000003ef       0x2d F:/Software/STM32Cube/STM32CubeIDE_2.2.0/STM32CubeIDE/plugins/com.st.stm32cube.ide.mcu.externaltools.gnu-tools-for-stm32.14.3.rel1.win32_1.0.100.202602081740/tools/bin/../lib/gcc/arm-none-eabi/14.3.1/../../../../arm-none-eabi/lib/thumb/v7-m/nofp\libc_nano.a(libc_a-memset.o)
 .ARM.attributes
                0x0000041c       0x2d F:/Software/STM32Cube/STM32CubeIDE_2.2.0/STM32CubeIDE/plugins/com.st.stm32cube.ide.mcu.externaltools.gnu-tools-for-stm32.14.3.rel1.win32_1.0.100.202602081740/tools/bin/../lib/gcc/arm-none-eabi/14.3.1/../../../../arm-none-eabi/lib/thumb/v7-m/nofp\libc_nano.a(libc_a-impure.o)
 .ARM.attributes
                0x00000449       0x2d F:/Software/STM32Cube/STM32CubeIDE_2.2.0/STM32CubeIDE/plugins/com.st.stm32cube.ide.mcu.externaltools.gnu-tools-for-stm32.14.3.rel1.win32_1.0.100.202602081740/tools/bin/../lib/gcc/arm-none-eabi/14.3.1/../../../../arm-none-eabi/lib/thumb/v7-m/nofp\libc_nano.a(libc_a-errno.o)
 .ARM.attributes
                0x00000476       0x2d F:/Software/STM32Cube/STM32CubeIDE_2.2.0/STM32CubeIDE/plugins/com.st.stm32cube.ide.mcu.externaltools.gnu-tools-for-stm32.14.3.rel1.win32_1.0.100.202602081740/tools/bin/../lib/gcc/arm-none-eabi/14.3.1/../../../../arm-none-eabi/lib/thumb/v7-m/nofp\libc_nano.a(libc_a-init.o)
 .ARM.attributes
                0x000004a3       0x2d F:/Software/STM32Cube/STM32CubeIDE_2.2.0/STM32CubeIDE/plugins/com.st.stm32cube.ide.mcu.externaltools.gnu-tools-for-stm32.14.3.rel1.win32_1.0.100.202602081740/tools/bin/../lib/gcc/arm-none-eabi/14.3.1/../../../../arm-none-eabi/lib/thumb/v7-m/nofp\libc_nano.a(libc_a-memcpy-stub.o)
 .ARM.attributes
                0x000004d0       0x2d F:/Software/STM32Cube/STM32CubeIDE_2.2.0/STM32CubeIDE/plugins/com.st.stm32cube.ide.mcu.externaltools.gnu-tools-for-stm32.14.3.rel1.win32_1.0.100.202602081740/tools/bin/../lib/gcc/arm-none-eabi/14.3.1/../../../../arm-none-eabi/lib/thumb/v7-m/nofp\libm.a(libm_a-w_atan2.o)
 .ARM.attributes
                0x000004fd       0x2d F:/Software/STM32Cube/STM32CubeIDE_2.2.0/STM32CubeIDE/plugins/com.st.stm32cube.ide.mcu.externaltools.gnu-tools-for-stm32.14.3.rel1.win32_1.0.100.202602081740/tools/bin/../lib/gcc/arm-none-eabi/14.3.1/../../../../arm-none-eabi/lib/thumb/v7-m/nofp\libm.a(libm_a-w_sqrt.o)
 .ARM.attributes
                0x0000052a       0x2d F:/Software/STM32Cube/STM32CubeIDE_2.2.0/STM32CubeIDE/plugins/com.st.stm32cube.ide.mcu.externaltools.gnu-tools-for-stm32.14.3.rel1.win32_1.0.100.202602081740/tools/bin/../lib/gcc/arm-none-eabi/14.3.1/../../../../arm-none-eabi/lib/thumb/v7-m/nofp\libm.a(libm_a-s_atan.o)
 .ARM.attributes
                0x00000557       0x2d F:/Software/STM32Cube/STM32CubeIDE_2.2.0/STM32CubeIDE/plugins/com.st.stm32cube.ide.mcu.externaltools.gnu-tools-for-stm32.14.3.rel1.win32_1.0.100.202602081740/tools/bin/../lib/gcc/arm-none-eabi/14.3.1/../../../../arm-none-eabi/lib/thumb/v7-m/nofp\libm.a(libm_a-s_fabs.o)
 .ARM.attributes
                0x00000584       0x2d F:/Software/STM32Cube/STM32CubeIDE_2.2.0/STM32CubeIDE/plugins/com.st.stm32cube.ide.mcu.externaltools.gnu-tools-for-stm32.14.3.rel1.win32_1.0.100.202602081740/tools/bin/../lib/gcc/arm-none-eabi/14.3.1/../../../../arm-none-eabi/lib/thumb/v7-m/nofp\libm.a(libm_a-e_sqrt.o)
 .ARM.attributes
                0x000005b1       0x2d F:/Software/STM32Cube/STM32CubeIDE_2.2.0/STM32CubeIDE/plugins/com.st.stm32cube.ide.mcu.externaltools.gnu-tools-for-stm32.14.3.rel1.win32_1.0.100.202602081740/tools/bin/../lib/gcc/arm-none-eabi/14.3.1/../../../../arm-none-eabi/lib/thumb/v7-m/nofp\libm.a(libm_a-e_atan2.o)
 .ARM.attributes
                0x000005de       0x1d F:/Software/STM32Cube/STM32CubeIDE_2.2.0/STM32CubeIDE/plugins/com.st.stm32cube.ide.mcu.externaltools.gnu-tools-for-stm32.14.3.rel1.win32_1.0.100.202602081740/tools/bin/../lib/gcc/arm-none-eabi/14.3.1/thumb/v7-m/nofp\libgcc.a(_arm_addsubdf3.o)
 .ARM.attributes
                0x000005fb       0x1d F:/Software/STM32Cube/STM32CubeIDE_2.2.0/STM32CubeIDE/plugins/com.st.stm32cube.ide.mcu.externaltools.gnu-tools-for-stm32.14.3.rel1.win32_1.0.100.202602081740/tools/bin/../lib/gcc/arm-none-eabi/14.3.1/thumb/v7-m/nofp\libgcc.a(_arm_muldivdf3.o)
 .ARM.attributes
                0x00000618       0x1d F:/Software/STM32Cube/STM32CubeIDE_2.2.0/STM32CubeIDE/plugins/com.st.stm32cube.ide.mcu.externaltools.gnu-tools-for-stm32.14.3.rel1.win32_1.0.100.202602081740/tools/bin/../lib/gcc/arm-none-eabi/14.3.1/thumb/v7-m/nofp\libgcc.a(_arm_cmpdf2.o)
 .ARM.attributes
                0x00000635       0x1d F:/Software/STM32Cube/STM32CubeIDE_2.2.0/STM32CubeIDE/plugins/com.st.stm32cube.ide.mcu.externaltools.gnu-tools-for-stm32.14.3.rel1.win32_1.0.100.202602081740/tools/bin/../lib/gcc/arm-none-eabi/14.3.1/thumb/v7-m/nofp\libgcc.a(_arm_unorddf2.o)
 .ARM.attributes
                0x00000652       0x1d F:/Software/STM32Cube/STM32CubeIDE_2.2.0/STM32CubeIDE/plugins/com.st.stm32cube.ide.mcu.externaltools.gnu-tools-for-stm32.14.3.rel1.win32_1.0.100.202602081740/tools/bin/../lib/gcc/arm-none-eabi/14.3.1/thumb/v7-m/nofp\libgcc.a(_arm_truncdfsf2.o)
 .ARM.attributes
                0x0000066f       0x1d F:/Software/STM32Cube/STM32CubeIDE_2.2.0/STM32CubeIDE/plugins/com.st.stm32cube.ide.mcu.externaltools.gnu-tools-for-stm32.14.3.rel1.win32_1.0.100.202602081740/tools/bin/../lib/gcc/arm-none-eabi/14.3.1/thumb/v7-m/nofp\libgcc.a(_arm_addsubsf3.o)
 .ARM.attributes
                0x0000068c       0x1d F:/Software/STM32Cube/STM32CubeIDE_2.2.0/STM32CubeIDE/plugins/com.st.stm32cube.ide.mcu.externaltools.gnu-tools-for-stm32.14.3.rel1.win32_1.0.100.202602081740/tools/bin/../lib/gcc/arm-none-eabi/14.3.1/thumb/v7-m/nofp\libgcc.a(_arm_muldivsf3.o)
 .ARM.attributes
                0x000006a9       0x1d F:/Software/STM32Cube/STM32CubeIDE_2.2.0/STM32CubeIDE/plugins/com.st.stm32cube.ide.mcu.externaltools.gnu-tools-for-stm32.14.3.rel1.win32_1.0.100.202602081740/tools/bin/../lib/gcc/arm-none-eabi/14.3.1/thumb/v7-m/nofp\libgcc.a(_arm_cmpsf2.o)
 .ARM.attributes
                0x000006c6       0x1d F:/Software/STM32Cube/STM32CubeIDE_2.2.0/STM32CubeIDE/plugins/com.st.stm32cube.ide.mcu.externaltools.gnu-tools-for-stm32.14.3.rel1.win32_1.0.100.202602081740/tools/bin/../lib/gcc/arm-none-eabi/14.3.1/thumb/v7-m/nofp\libgcc.a(_arm_fixsfsi.o)
 .ARM.attributes
                0x000006e3       0x1d F:/Software/STM32Cube/STM32CubeIDE_2.2.0/STM32CubeIDE/plugins/com.st.stm32cube.ide.mcu.externaltools.gnu-tools-for-stm32.14.3.rel1.win32_1.0.100.202602081740/tools/bin/../lib/gcc/arm-none-eabi/14.3.1/thumb/v7-m/nofp\libgcc.a(_arm_fixunssfsi.o)
 .ARM.attributes
                0x00000700       0x1d F:/Software/STM32Cube/STM32CubeIDE_2.2.0/STM32CubeIDE/plugins/com.st.stm32cube.ide.mcu.externaltools.gnu-tools-for-stm32.14.3.rel1.win32_1.0.100.202602081740/tools/bin/../lib/gcc/arm-none-eabi/14.3.1/thumb/v7-m/nofp/crtn.o
OUTPUT(TARSLift_AGV.elf elf32-littlearm)
LOAD linker stubs
LOAD F:/Software/STM32Cube/STM32CubeIDE_2.2.0/STM32CubeIDE/plugins/com.st.stm32cube.ide.mcu.externaltools.gnu-tools-for-stm32.14.3.rel1.win32_1.0.100.202602081740/tools/bin/../lib/gcc/arm-none-eabi/14.3.1/../../../../arm-none-eabi/lib/thumb/v7-m/nofp\libc.a
LOAD F:/Software/STM32Cube/STM32CubeIDE_2.2.0/STM32CubeIDE/plugins/com.st.stm32cube.ide.mcu.externaltools.gnu-tools-for-stm32.14.3.rel1.win32_1.0.100.202602081740/tools/bin/../lib/gcc/arm-none-eabi/14.3.1/../../../../arm-none-eabi/lib/thumb/v7-m/nofp\libm.a
LOAD F:/Software/STM32Cube/STM32CubeIDE_2.2.0/STM32CubeIDE/plugins/com.st.stm32cube.ide.mcu.externaltools.gnu-tools-for-stm32.14.3.rel1.win32_1.0.100.202602081740/tools/bin/../lib/gcc/arm-none-eabi/14.3.1/thumb/v7-m/nofp\libgcc.a

.debug_info     0x00000000    0x1417c
 .debug_info    0x00000000     0x1138 ./AGV_Communication/agv_stm32_c.o
 .debug_info    0x00001138     0x2ad4 ./Core/Src/main.o
 .debug_info    0x00003c0c      0x72e ./Core/Src/motor.o
 .debug_info    0x0000433a      0xa99 ./Core/Src/mpu6050.o
 .debug_info    0x00004dd3     0x1164 ./Core/Src/stm32f1xx_hal_msp.o
 .debug_info    0x00005f37      0x778 ./Core/Src/stm32f1xx_it.o
 .debug_info    0x000066af      0x222 ./Core/Src/system_stm32f1xx.o
 .debug_info    0x000068d1     0x142a ./Core/Src/vl53l0x.o
 .debug_info    0x00007cfb       0x30 ./Core/Startup/startup_stm32f103c8tx.o
 .debug_info    0x00007d2b      0x704 ./Drivers/STM32F1xx_HAL_Driver/Src/stm32f1xx_hal.o
 .debug_info    0x0000842f      0xa87 ./Drivers/STM32F1xx_HAL_Driver/Src/stm32f1xx_hal_cortex.o
 .debug_info    0x00008eb6      0x6d2 ./Drivers/STM32F1xx_HAL_Driver/Src/stm32f1xx_hal_dma.o
 .debug_info    0x00009588      0x4f8 ./Drivers/STM32F1xx_HAL_Driver/Src/stm32f1xx_hal_flash.o
 .debug_info    0x00009a80      0x777 ./Drivers/STM32F1xx_HAL_Driver/Src/stm32f1xx_hal_flash_ex.o
 .debug_info    0x0000a1f7      0x5ab ./Drivers/STM32F1xx_HAL_Driver/Src/stm32f1xx_hal_gpio.o
 .debug_info    0x0000a7a2     0x2524 ./Drivers/STM32F1xx_HAL_Driver/Src/stm32f1xx_hal_i2c.o
 .debug_info    0x0000ccc6      0x7d5 ./Drivers/STM32F1xx_HAL_Driver/Src/stm32f1xx_hal_rcc.o
 .debug_info    0x0000d49b     0x2959 ./Drivers/STM32F1xx_HAL_Driver/Src/stm32f1xx_hal_tim.o
 .debug_info    0x0000fdf4     0x149b ./Drivers/STM32F1xx_HAL_Driver/Src/stm32f1xx_hal_tim_ex.o
 .debug_info    0x0001128f     0x2eed ./Drivers/STM32F1xx_HAL_Driver/Src/stm32f1xx_hal_uart.o

.debug_abbrev   0x00000000     0x2c41
 .debug_abbrev  0x00000000      0x203 ./AGV_Communication/agv_stm32_c.o
 .debug_abbrev  0x00000203      0x34f ./Core/Src/main.o
 .debug_abbrev  0x00000552      0x1a2 ./Core/Src/motor.o
 .debug_abbrev  0x000006f4      0x220 ./Core/Src/mpu6050.o
 .debug_abbrev  0x00000914      0x254 ./Core/Src/stm32f1xx_hal_msp.o
 .debug_abbrev  0x00000b68      0x18c ./Core/Src/stm32f1xx_it.o
 .debug_abbrev  0x00000cf4      0x13f ./Core/Src/system_stm32f1xx.o
 .debug_abbrev  0x00000e33      0x33e ./Core/Src/vl53l0x.o
 .debug_abbrev  0x00001171       0x24 ./Core/Startup/startup_stm32f103c8tx.o
 .debug_abbrev  0x00001195      0x201 ./Drivers/STM32F1xx_HAL_Driver/Src/stm32f1xx_hal.o
 .debug_abbrev  0x00001396      0x2f8 ./Drivers/STM32F1xx_HAL_Driver/Src/stm32f1xx_hal_cortex.o
 .debug_abbrev  0x0000168e      0x20b ./Drivers/STM32F1xx_HAL_Driver/Src/stm32f1xx_hal_dma.o
 .debug_abbrev  0x00001899      0x250 ./Drivers/STM32F1xx_HAL_Driver/Src/stm32f1xx_hal_flash.o
 .debug_abbrev  0x00001ae9      0x247 ./Drivers/STM32F1xx_HAL_Driver/Src/stm32f1xx_hal_flash_ex.o
 .debug_abbrev  0x00001d30      0x1ca ./Drivers/STM32F1xx_HAL_Driver/Src/stm32f1xx_hal_gpio.o
 .debug_abbrev  0x00001efa      0x2a3 ./Drivers/STM32F1xx_HAL_Driver/Src/stm32f1xx_hal_i2c.o
 .debug_abbrev  0x0000219d      0x2b3 ./Drivers/STM32F1xx_HAL_Driver/Src/stm32f1xx_hal_rcc.o
 .debug_abbrev  0x00002450      0x277 ./Drivers/STM32F1xx_HAL_Driver/Src/stm32f1xx_hal_tim.o
 .debug_abbrev  0x000026c7      0x282 ./Drivers/STM32F1xx_HAL_Driver/Src/stm32f1xx_hal_tim_ex.o
 .debug_abbrev  0x00002949      0x2f8 ./Drivers/STM32F1xx_HAL_Driver/Src/stm32f1xx_hal_uart.o

.debug_aranges  0x00000000     0x12c8
 .debug_aranges
                0x00000000      0x128 ./AGV_Communication/agv_stm32_c.o
 .debug_aranges
                0x00000128       0x98 ./Core/Src/main.o
 .debug_aranges
                0x000001c0       0x28 ./Core/Src/motor.o
 .debug_aranges
                0x000001e8       0x48 ./Core/Src/mpu6050.o
 .debug_aranges
                0x00000230       0x68 ./Core/Src/stm32f1xx_hal_msp.o
 .debug_aranges
                0x00000298       0x70 ./Core/Src/stm32f1xx_it.o
 .debug_aranges
                0x00000308       0x28 ./Core/Src/system_stm32f1xx.o
 .debug_aranges
                0x00000330      0x120 ./Core/Src/vl53l0x.o
 .debug_aranges
                0x00000450       0x28 ./Core/Startup/startup_stm32f103c8tx.o
 .debug_aranges
                0x00000478       0xe0 ./Drivers/STM32F1xx_HAL_Driver/Src/stm32f1xx_hal.o
 .debug_aranges
                0x00000558      0x100 ./Drivers/STM32F1xx_HAL_Driver/Src/stm32f1xx_hal_cortex.o
 .debug_aranges
                0x00000658       0x80 ./Drivers/STM32F1xx_HAL_Driver/Src/stm32f1xx_hal_dma.o
 .debug_aranges
                0x000006d8       0x88 ./Drivers/STM32F1xx_HAL_Driver/Src/stm32f1xx_hal_flash.o
 .debug_aranges
                0x00000760       0x98 ./Drivers/STM32F1xx_HAL_Driver/Src/stm32f1xx_hal_flash_ex.o
 .debug_aranges
                0x000007f8       0x58 ./Drivers/STM32F1xx_HAL_Driver/Src/stm32f1xx_hal_gpio.o
 .debug_aranges
                0x00000850      0x2a8 ./Drivers/STM32F1xx_HAL_Driver/Src/stm32f1xx_hal_i2c.o
 .debug_aranges
                0x00000af8       0x90 ./Drivers/STM32F1xx_HAL_Driver/Src/stm32f1xx_hal_rcc.o
 .debug_aranges
                0x00000b88      0x3d0 ./Drivers/STM32F1xx_HAL_Driver/Src/stm32f1xx_hal_tim.o
 .debug_aranges
                0x00000f58      0x168 ./Drivers/STM32F1xx_HAL_Driver/Src/stm32f1xx_hal_tim_ex.o
 .debug_aranges
                0x000010c0      0x208 ./Drivers/STM32F1xx_HAL_Driver/Src/stm32f1xx_hal_uart.o

.debug_rnglists
                0x00000000      0xf56
 .debug_rnglists
                0x00000000       0xe5 ./AGV_Communication/agv_stm32_c.o
 .debug_rnglists
                0x000000e5       0xfa ./Core/Src/main.o
 .debug_rnglists
                0x000001df       0x1a ./Core/Src/motor.o
 .debug_rnglists
                0x000001f9       0x36 ./Core/Src/mpu6050.o
 .debug_rnglists
                0x0000022f       0x4b ./Core/Src/stm32f1xx_hal_msp.o
 .debug_rnglists
                0x0000027a       0x4f ./Core/Src/stm32f1xx_it.o
 .debug_rnglists
                0x000002c9       0x1a ./Core/Src/system_stm32f1xx.o
 .debug_rnglists
                0x000002e3       0xdd ./Core/Src/vl53l0x.o
 .debug_rnglists
                0x000003c0       0x19 ./Core/Startup/startup_stm32f103c8tx.o
 .debug_rnglists
                0x000003d9       0xa3 ./Drivers/STM32F1xx_HAL_Driver/Src/stm32f1xx_hal.o
 .debug_rnglists
                0x0000047c       0xbb ./Drivers/STM32F1xx_HAL_Driver/Src/stm32f1xx_hal_cortex.o
 .debug_rnglists
                0x00000537       0x64 ./Drivers/STM32F1xx_HAL_Driver/Src/stm32f1xx_hal_dma.o
 .debug_rnglists
                0x0000059b       0x66 ./Drivers/STM32F1xx_HAL_Driver/Src/stm32f1xx_hal_flash.o
 .debug_rnglists
                0x00000601       0x73 ./Drivers/STM32F1xx_HAL_Driver/Src/stm32f1xx_hal_flash_ex.o
 .debug_rnglists
                0x00000674       0x3f ./Drivers/STM32F1xx_HAL_Driver/Src/stm32f1xx_hal_gpio.o
 .debug_rnglists
                0x000006b3      0x23c ./Drivers/STM32F1xx_HAL_Driver/Src/stm32f1xx_hal_i2c.o
 .debug_rnglists
                0x000008ef       0x6c ./Drivers/STM32F1xx_HAL_Driver/Src/stm32f1xx_hal_rcc.o
 .debug_rnglists
                0x0000095b      0x31a ./Drivers/STM32F1xx_HAL_Driver/Src/stm32f1xx_hal_tim.o
 .debug_rnglists
                0x00000c75      0x125 ./Drivers/STM32F1xx_HAL_Driver/Src/stm32f1xx_hal_tim_ex.o
 .debug_rnglists
                0x00000d9a      0x1bc ./Drivers/STM32F1xx_HAL_Driver/Src/stm32f1xx_hal_uart.o

.debug_macro    0x00000000    0x18bc0
 .debug_macro   0x00000000      0x152 ./AGV_Communication/agv_stm32_c.o
 .debug_macro   0x00000152      0xacc ./AGV_Communication/agv_stm32_c.o
 .debug_macro   0x00000c1e       0x22 ./AGV_Communication/agv_stm32_c.o
 .debug_macro   0x00000c40       0x8e ./AGV_Communication/agv_stm32_c.o
 .debug_macro   0x00000cce       0x51 ./AGV_Communication/agv_stm32_c.o
 .debug_macro   0x00000d1f      0x103 ./AGV_Communication/agv_stm32_c.o
 .debug_macro   0x00000e22       0x6a ./AGV_Communication/agv_stm32_c.o
 .debug_macro   0x00000e8c      0x1df ./AGV_Communication/agv_stm32_c.o
 .debug_macro   0x0000106b       0x22 ./AGV_Communication/agv_stm32_c.o
 .debug_macro   0x0000108d      0x190 ./AGV_Communication/agv_stm32_c.o
 .debug_macro   0x0000121d      0x112 ./AGV_Communication/agv_stm32_c.o
 .debug_macro   0x0000132f       0x61 ./AGV_Communication/agv_stm32_c.o
 .debug_macro   0x00001390       0x24 ./AGV_Communication/agv_stm32_c.o
 .debug_macro   0x000013b4       0x43 ./AGV_Communication/agv_stm32_c.o
 .debug_macro   0x000013f7       0x34 ./AGV_Communication/agv_stm32_c.o
 .debug_macro   0x0000142b      0x364 ./AGV_Communication/agv_stm32_c.o
 .debug_macro   0x0000178f       0x16 ./AGV_Communication/agv_stm32_c.o
 .debug_macro   0x000017a5       0x4a ./AGV_Communication/agv_stm32_c.o
 .debug_macro   0x000017ef       0x34 ./AGV_Communication/agv_stm32_c.o
 .debug_macro   0x00001823       0x10 ./AGV_Communication/agv_stm32_c.o
 .debug_macro   0x00001833       0x58 ./AGV_Communication/agv_stm32_c.o
 .debug_macro   0x0000188b       0x8e ./AGV_Communication/agv_stm32_c.o
 .debug_macro   0x00001919       0x1c ./AGV_Communication/agv_stm32_c.o
 .debug_macro   0x00001935      0x17e ./AGV_Communication/agv_stm32_c.o
 .debug_macro   0x00001ab3       0x10 ./AGV_Communication/agv_stm32_c.o
 .debug_macro   0x00001ac3       0x3c ./AGV_Communication/agv_stm32_c.o
 .debug_macro   0x00001aff       0x20 ./AGV_Communication/agv_stm32_c.o
 .debug_macro   0x00001b1f      0x2d2 ./Core/Src/main.o
 .debug_macro   0x00001df1      0x221 ./Core/Src/main.o
 .debug_macro   0x00002012       0x2e ./Core/Src/main.o
 .debug_macro   0x00002040       0x22 ./Core/Src/main.o
 .debug_macro   0x00002062       0x1c ./Core/Src/main.o
 .debug_macro   0x0000207e       0x22 ./Core/Src/main.o
 .debug_macro   0x000020a0       0xbd ./Core/Src/main.o
 .debug_macro   0x0000215d      0xd23 ./Core/Src/main.o
 .debug_macro   0x00002e80     0xe09e ./Core/Src/main.o
 .debug_macro   0x00010f1e       0x6d ./Core/Src/main.o
 .debug_macro   0x00010f8b     0x34a2 ./Core/Src/main.o
 .debug_macro   0x0001442d       0x5c ./Core/Src/main.o
 .debug_macro   0x00014489      0x5bc ./Core/Src/main.o
 .debug_macro   0x00014a45      0x289 ./Core/Src/main.o
 .debug_macro   0x00014cce      0x1cb ./Core/Src/main.o
 .debug_macro   0x00014e99      0x114 ./Core/Src/main.o
 .debug_macro   0x00014fad      0x1b2 ./Core/Src/main.o
 .debug_macro   0x0001515f       0x27 ./Core/Src/main.o
 .debug_macro   0x00015186      0x136 ./Core/Src/main.o
 .debug_macro   0x000152bc      0x1bc ./Core/Src/main.o
 .debug_macro   0x00015478       0x34 ./Core/Src/main.o
 .debug_macro   0x000154ac       0x3c ./Core/Src/main.o
 .debug_macro   0x000154e8       0x57 ./Core/Src/main.o
 .debug_macro   0x0001553f       0x87 ./Core/Src/main.o
 .debug_macro   0x000155c6      0x240 ./Core/Src/main.o
 .debug_macro   0x00015806      0x287 ./Core/Src/main.o
 .debug_macro   0x00015a8d      0x140 ./Core/Src/main.o
 .debug_macro   0x00015bcd      0x8ed ./Core/Src/main.o
 .debug_macro   0x000164ba      0x28e ./Core/Src/main.o
 .debug_macro   0x00016748       0x83 ./Core/Src/main.o
 .debug_macro   0x000167cb       0x70 ./Core/Src/main.o
 .debug_macro   0x0001683b       0x40 ./Core/Src/main.o
 .debug_macro   0x0001687b       0x2e ./Core/Src/main.o
 .debug_macro   0x000168a9      0x1cb ./Core/Src/motor.o
 .debug_macro   0x00016a74      0x2a7 ./Core/Src/mpu6050.o
 .debug_macro   0x00016d1b       0x5b ./Core/Src/mpu6050.o
 .debug_macro   0x00016d76       0x94 ./Core/Src/mpu6050.o
 .debug_macro   0x00016e0a       0x57 ./Core/Src/mpu6050.o
 .debug_macro   0x00016e61      0x19b ./Core/Src/mpu6050.o
 .debug_macro   0x00016ffc       0x56 ./Core/Src/mpu6050.o
 .debug_macro   0x00017052      0x1bc ./Core/Src/stm32f1xx_hal_msp.o
 .debug_macro   0x0001720e      0x1c6 ./Core/Src/stm32f1xx_it.o
 .debug_macro   0x000173d4      0x1ad ./Core/Src/system_stm32f1xx.o
 .debug_macro   0x00017581      0x2a5 ./Core/Src/vl53l0x.o
 .debug_macro   0x00017826       0x28 ./Core/Src/vl53l0x.o
 .debug_macro   0x0001784e      0x1d1 ./Drivers/STM32F1xx_HAL_Driver/Src/stm32f1xx_hal.o
 .debug_macro   0x00017a1f      0x1ad ./Drivers/STM32F1xx_HAL_Driver/Src/stm32f1xx_hal_cortex.o
 .debug_macro   0x00017bcc      0x1ad ./Drivers/STM32F1xx_HAL_Driver/Src/stm32f1xx_hal_dma.o
 .debug_macro   0x00017d79      0x1ad ./Drivers/STM32F1xx_HAL_Driver/Src/stm32f1xx_hal_flash.o
 .debug_macro   0x00017f26      0x1bf ./Drivers/STM32F1xx_HAL_Driver/Src/stm32f1xx_hal_flash_ex.o
 .debug_macro   0x000180e5      0x218 ./Drivers/STM32F1xx_HAL_Driver/Src/stm32f1xx_hal_gpio.o
 .debug_macro   0x000182fd      0x1fb ./Drivers/STM32F1xx_HAL_Driver/Src/stm32f1xx_hal_i2c.o
 .debug_macro   0x000184f8      0x1bf ./Drivers/STM32F1xx_HAL_Driver/Src/stm32f1xx_hal_rcc.o
 .debug_macro   0x000186b7      0x1ae ./Drivers/STM32F1xx_HAL_Driver/Src/stm32f1xx_hal_tim.o
 .debug_macro   0x00018865      0x1ad ./Drivers/STM32F1xx_HAL_Driver/Src/stm32f1xx_hal_tim_ex.o
 .debug_macro   0x00018a12      0x1ae ./Drivers/STM32F1xx_HAL_Driver/Src/stm32f1xx_hal_uart.o

.debug_line     0x00000000    0x183fb
 .debug_line    0x00000000     0x158f ./AGV_Communication/agv_stm32_c.o
 .debug_line    0x0000158f     0x167c ./Core/Src/main.o
 .debug_line    0x00002c0b      0x90a ./Core/Src/motor.o
 .debug_line    0x00003515      0xd63 ./Core/Src/mpu6050.o
 .debug_line    0x00004278      0xa17 ./Core/Src/stm32f1xx_hal_msp.o
 .debug_line    0x00004c8f      0x995 ./Core/Src/stm32f1xx_it.o
 .debug_line    0x00005624      0x91e ./Core/Src/system_stm32f1xx.o
 .debug_line    0x00005f42     0x13a0 ./Core/Src/vl53l0x.o
 .debug_line    0x000072e2       0x78 ./Core/Startup/startup_stm32f103c8tx.o
 .debug_line    0x0000735a      0xb52 ./Drivers/STM32F1xx_HAL_Driver/Src/stm32f1xx_hal.o
 .debug_line    0x00007eac      0xd19 ./Drivers/STM32F1xx_HAL_Driver/Src/stm32f1xx_hal_cortex.o
 .debug_line    0x00008bc5      0xf59 ./Drivers/STM32F1xx_HAL_Driver/Src/stm32f1xx_hal_dma.o
 .debug_line    0x00009b1e      0xc09 ./Drivers/STM32F1xx_HAL_Driver/Src/stm32f1xx_hal_flash.o
 .debug_line    0x0000a727      0xd16 ./Drivers/STM32F1xx_HAL_Driver/Src/stm32f1xx_hal_flash_ex.o
 .debug_line    0x0000b43d      0xba9 ./Drivers/STM32F1xx_HAL_Driver/Src/stm32f1xx_hal_gpio.o
 .debug_line    0x0000bfe6     0x3d4c ./Drivers/STM32F1xx_HAL_Driver/Src/stm32f1xx_hal_i2c.o
 .debug_line    0x0000fd32     0x1008 ./Drivers/STM32F1xx_HAL_Driver/Src/stm32f1xx_hal_rcc.o
 .debug_line    0x00010d3a     0x3643 ./Drivers/STM32F1xx_HAL_Driver/Src/stm32f1xx_hal_tim.o
 .debug_line    0x0001437d     0x1a13 ./Drivers/STM32F1xx_HAL_Driver/Src/stm32f1xx_hal_tim_ex.o
 .debug_line    0x00015d90     0x266b ./Drivers/STM32F1xx_HAL_Driver/Src/stm32f1xx_hal_uart.o

.debug_str      0x00000000    0x8f218
 .debug_str     0x00000000    0x8f218 ./AGV_Communication/agv_stm32_c.o
                               0x7d11 (size before relaxing)
 .debug_str     0x0008f218    0x8a7ad ./Core/Src/main.o
 .debug_str     0x0008f218    0x857ed ./Core/Src/motor.o
 .debug_str     0x0008f218    0x891e8 ./Core/Src/mpu6050.o
 .debug_str     0x0008f218    0x85f81 ./Core/Src/stm32f1xx_hal_msp.o
 .debug_str     0x0008f218    0x8569d ./Core/Src/stm32f1xx_it.o
 .debug_str     0x0008f218    0x85072 ./Core/Src/system_stm32f1xx.o
 .debug_str     0x0008f218    0x895aa ./Core/Src/vl53l0x.o
 .debug_str     0x0008f218       0x67 ./Core/Startup/startup_stm32f103c8tx.o
 .debug_str     0x0008f218    0x857a5 ./Drivers/STM32F1xx_HAL_Driver/Src/stm32f1xx_hal.o
 .debug_str     0x0008f218    0x856f1 ./Drivers/STM32F1xx_HAL_Driver/Src/stm32f1xx_hal_cortex.o
 .debug_str     0x0008f218    0x8541b ./Drivers/STM32F1xx_HAL_Driver/Src/stm32f1xx_hal_dma.o
 .debug_str     0x0008f218    0x8534d ./Drivers/STM32F1xx_HAL_Driver/Src/stm32f1xx_hal_flash.o
 .debug_str     0x0008f218    0x854fb ./Drivers/STM32F1xx_HAL_Driver/Src/stm32f1xx_hal_flash_ex.o
 .debug_str     0x0008f218    0x853f8 ./Drivers/STM32F1xx_HAL_Driver/Src/stm32f1xx_hal_gpio.o
 .debug_str     0x0008f218    0x86139 ./Drivers/STM32F1xx_HAL_Driver/Src/stm32f1xx_hal_i2c.o
 .debug_str     0x0008f218    0x854a1 ./Drivers/STM32F1xx_HAL_Driver/Src/stm32f1xx_hal_rcc.o
 .debug_str     0x0008f218    0x864a3 ./Drivers/STM32F1xx_HAL_Driver/Src/stm32f1xx_hal_tim.o
 .debug_str     0x0008f218    0x85caf ./Drivers/STM32F1xx_HAL_Driver/Src/stm32f1xx_hal_tim_ex.o
 .debug_str     0x0008f218    0x85b12 ./Drivers/STM32F1xx_HAL_Driver/Src/stm32f1xx_hal_uart.o

.comment        0x00000000       0x43
 .comment       0x00000000       0x43 ./AGV_Communication/agv_stm32_c.o
                                 0x44 (size before relaxing)
 .comment       0x00000043       0x44 ./Core/Src/main.o
 .comment       0x00000043       0x44 ./Core/Src/motor.o
 .comment       0x00000043       0x44 ./Core/Src/mpu6050.o
 .comment       0x00000043       0x44 ./Core/Src/stm32f1xx_hal_msp.o
 .comment       0x00000043       0x44 ./Core/Src/stm32f1xx_it.o
 .comment       0x00000043       0x44 ./Core/Src/system_stm32f1xx.o
 .comment       0x00000043       0x44 ./Core/Src/vl53l0x.o
 .comment       0x00000043       0x44 ./Drivers/STM32F1xx_HAL_Driver/Src/stm32f1xx_hal.o
 .comment       0x00000043       0x44 ./Drivers/STM32F1xx_HAL_Driver/Src/stm32f1xx_hal_cortex.o
 .comment       0x00000043       0x44 ./Drivers/STM32F1xx_HAL_Driver/Src/stm32f1xx_hal_dma.o
 .comment       0x00000043       0x44 ./Drivers/STM32F1xx_HAL_Driver/Src/stm32f1xx_hal_flash.o
 .comment       0x00000043       0x44 ./Drivers/STM32F1xx_HAL_Driver/Src/stm32f1xx_hal_flash_ex.o
 .comment       0x00000043       0x44 ./Drivers/STM32F1xx_HAL_Driver/Src/stm32f1xx_hal_gpio.o
 .comment       0x00000043       0x44 ./Drivers/STM32F1xx_HAL_Driver/Src/stm32f1xx_hal_i2c.o
 .comment       0x00000043       0x44 ./Drivers/STM32F1xx_HAL_Driver/Src/stm32f1xx_hal_rcc.o
 .comment       0x00000043       0x44 ./Drivers/STM32F1xx_HAL_Driver/Src/stm32f1xx_hal_tim.o
 .comment       0x00000043       0x44 ./Drivers/STM32F1xx_HAL_Driver/Src/stm32f1xx_hal_tim_ex.o
 .comment       0x00000043       0x44 ./Drivers/STM32F1xx_HAL_Driver/Src/stm32f1xx_hal_uart.o

.debug_frame    0x00000000     0x52b8
 .debug_frame   0x00000000      0x4f0 ./AGV_Communication/agv_stm32_c.o
 .debug_frame   0x000004f0      0x248 ./Core/Src/main.o
 .debug_frame   0x00000738       0x50 ./Core/Src/motor.o
 .debug_frame   0x00000788      0x10c ./Core/Src/mpu6050.o
 .debug_frame   0x00000894      0x178 ./Core/Src/stm32f1xx_hal_msp.o
 .debug_frame   0x00000a0c      0x13c ./Core/Src/stm32f1xx_it.o
 .debug_frame   0x00000b48       0x50 ./Core/Src/system_stm32f1xx.o
 .debug_frame   0x00000b98      0x4c4 ./Core/Src/vl53l0x.o
 .debug_frame   0x0000105c      0x2e4 ./Drivers/STM32F1xx_HAL_Driver/Src/stm32f1xx_hal.o
 .debug_frame   0x00001340      0x3f0 ./Drivers/STM32F1xx_HAL_Driver/Src/stm32f1xx_hal_cortex.o
 .debug_frame   0x00001730      0x1e8 ./Drivers/STM32F1xx_HAL_Driver/Src/stm32f1xx_hal_dma.o
 .debug_frame   0x00001918      0x1e8 ./Drivers/STM32F1xx_HAL_Driver/Src/stm32f1xx_hal_flash.o
 .debug_frame   0x00001b00      0x240 ./Drivers/STM32F1xx_HAL_Driver/Src/stm32f1xx_hal_flash_ex.o
 .debug_frame   0x00001d40      0x130 ./Drivers/STM32F1xx_HAL_Driver/Src/stm32f1xx_hal_gpio.o
 .debug_frame   0x00001e70      0xbf4 ./Drivers/STM32F1xx_HAL_Driver/Src/stm32f1xx_hal_i2c.o
 .debug_frame   0x00002a64      0x1f8 ./Drivers/STM32F1xx_HAL_Driver/Src/stm32f1xx_hal_rcc.o
 .debug_frame   0x00002c5c     0x10e8 ./Drivers/STM32F1xx_HAL_Driver/Src/stm32f1xx_hal_tim.o
 .debug_frame   0x00003d44      0x600 ./Drivers/STM32F1xx_HAL_Driver/Src/stm32f1xx_hal_tim_ex.o
 .debug_frame   0x00004344      0x8dc ./Drivers/STM32F1xx_HAL_Driver/Src/stm32f1xx_hal_uart.o
 .debug_frame   0x00004c20      0x144 F:/Software/STM32Cube/STM32CubeIDE_2.2.0/STM32CubeIDE/plugins/com.st.stm32cube.ide.mcu.externaltools.gnu-tools-for-stm32.14.3.rel1.win32_1.0.100.202602081740/tools/bin/../lib/gcc/arm-none-eabi/14.3.1/../../../../arm-none-eabi/lib/thumb/v7-m/nofp\libc_nano.a(libc_a-findfp.o)
 .debug_frame   0x00004d64       0x20 F:/Software/STM32Cube/STM32CubeIDE_2.2.0/STM32CubeIDE/plugins/com.st.stm32cube.ide.mcu.externaltools.gnu-tools-for-stm32.14.3.rel1.win32_1.0.100.202602081740/tools/bin/../lib/gcc/arm-none-eabi/14.3.1/../../../../arm-none-eabi/lib/thumb/v7-m/nofp\libc_nano.a(libc_a-memset.o)
 .debug_frame   0x00004d84       0x20 F:/Software/STM32Cube/STM32CubeIDE_2.2.0/STM32CubeIDE/plugins/com.st.stm32cube.ide.mcu.externaltools.gnu-tools-for-stm32.14.3.rel1.win32_1.0.100.202602081740/tools/bin/../lib/gcc/arm-none-eabi/14.3.1/../../../../arm-none-eabi/lib/thumb/v7-m/nofp\libc_nano.a(libc_a-errno.o)
 .debug_frame   0x00004da4       0x2c F:/Software/STM32Cube/STM32CubeIDE_2.2.0/STM32CubeIDE/plugins/com.st.stm32cube.ide.mcu.externaltools.gnu-tools-for-stm32.14.3.rel1.win32_1.0.100.202602081740/tools/bin/../lib/gcc/arm-none-eabi/14.3.1/../../../../arm-none-eabi/lib/thumb/v7-m/nofp\libc_nano.a(libc_a-init.o)
 .debug_frame   0x00004dd0       0x28 F:/Software/STM32Cube/STM32CubeIDE_2.2.0/STM32CubeIDE/plugins/com.st.stm32cube.ide.mcu.externaltools.gnu-tools-for-stm32.14.3.rel1.win32_1.0.100.202602081740/tools/bin/../lib/gcc/arm-none-eabi/14.3.1/../../../../arm-none-eabi/lib/thumb/v7-m/nofp\libc_nano.a(libc_a-memcpy-stub.o)
 .debug_frame   0x00004df8       0x20 F:/Software/STM32Cube/STM32CubeIDE_2.2.0/STM32CubeIDE/plugins/com.st.stm32cube.ide.mcu.externaltools.gnu-tools-for-stm32.14.3.rel1.win32_1.0.100.202602081740/tools/bin/../lib/gcc/arm-none-eabi/14.3.1/../../../../arm-none-eabi/lib/thumb/v7-m/nofp\libm.a(libm_a-w_atan2.o)
 .debug_frame   0x00004e18       0x30 F:/Software/STM32Cube/STM32CubeIDE_2.2.0/STM32CubeIDE/plugins/com.st.stm32cube.ide.mcu.externaltools.gnu-tools-for-stm32.14.3.rel1.win32_1.0.100.202602081740/tools/bin/../lib/gcc/arm-none-eabi/14.3.1/../../../../arm-none-eabi/lib/thumb/v7-m/nofp\libm.a(libm_a-w_sqrt.o)