Archive member included to satisfy reference by file (symbol)

F:/Software/STM32Cube/STM32CubeIDE_2.2.0/STM32CubeIDE/plugins/com.st.stm32cube.ide.mcu.externaltools.gnu-tools-for-stm32.14.3.rel1.win32_1.0.100.202602081740/tools/bin/../lib/gcc/arm-none-eabi/14.3.1/../../../../arm-none-eabi/lib/thumb/v7-m/nofp\libc_nano.a(libc_a-exit.o)
                              F:/Software/STM32Cube/STM32CubeIDE_2.2.0/STM32CubeIDE/plugins/com.st.stm32cube.ide.mcu.externaltools.gnu-tools-for-stm32.14.3.rel1.win32_1.0.100.202602081740/tools/bin/../lib/gcc/arm-none-eabi/14.3.1/../../../../arm-none-eabi/lib/thumb/v7-m/nofp/crt0.o (exit)
F:/Software/STM32Cube/STM32CubeIDE_2.2.0/STM32CubeIDE/plugins/com.st.stm32cube.ide.mcu.externaltools.gnu-tools-for-stm32.14.3.rel1.win32_1.0.100.202602081740/tools/bin/../lib/gcc/arm-none-eabi/14.3.1/../../../../arm-none-eabi/lib/thumb/v7-m/nofp\libc_nano.a(libc_a-findfp.o)
                              F:/Software/STM32Cube/STM32CubeIDE_2.2.0/STM32CubeIDE/plugins/com.st.stm32cube.ide.mcu.externaltools.gnu-tools-for-stm32.14.3.rel1.win32_1.0.100.202602081740/tools/bin/../lib/gcc/arm-none-eabi/14.3.1/../../../../arm-none-eabi/lib/thumb/v7-m/nofp\libc_nano.a(libc_a-exit.o) (__stdio_exit_handler)
F:/Software/STM32Cube/STM32CubeIDE_2.2.0/STM32CubeIDE/plugins/com.st.stm32cube.ide.mcu.externaltools.gnu-tools-for-stm32.14.3.rel1.win32_1.0.100.202602081740/tools/bin/../lib/gcc/arm-none-eabi/14.3.1/../../../../arm-none-eabi/lib/thumb/v7-m/nofp\libc_nano.a(libc_a-fwalk.o)
                              F:/Software/STM32Cube/STM32CubeIDE_2.2.0/STM32CubeIDE/plugins/com.st.stm32cube.ide.mcu.externaltools.gnu-tools-for-stm32.14.3.rel1.win32_1.0.100.202602081740/tools/bin/../lib/gcc/arm-none-eabi/14.3.1/../../../../arm-none-eabi/lib/thumb/v7-m/nofp\libc_nano.a(libc_a-findfp.o) (_fwalk_sglue)
F:/Software/STM32Cube/STM32CubeIDE_2.2.0/STM32CubeIDE/plugins/com.st.stm32cube.ide.mcu.externaltools.gnu-tools-for-stm32.14.3.rel1.win32_1.0.100.202602081740/tools/bin/../lib/gcc/arm-none-eabi/14.3.1/../../../../arm-none-eabi/lib/thumb/v7-m/nofp\libc_nano.a(libc_a-stdio.o)
                              F:/Software/STM32Cube/STM32CubeIDE_2.2.0/STM32CubeIDE/plugins/com.st.stm32cube.ide.mcu.externaltools.gnu-tools-for-stm32.14.3.rel1.win32_1.0.100.202602081740/tools/bin/../lib/gcc/arm-none-eabi/14.3.1/../../../../arm-none-eabi/lib/thumb/v7-m/nofp\libc_nano.a(libc_a-findfp.o) (__sread)
F:/Software/STM32Cube/STM32CubeIDE_2.2.0/STM32CubeIDE/plugins/com.st.stm32cube.ide.mcu.externaltools.gnu-tools-for-stm32.14.3.rel1.win32_1.0.100.202602081740/tools/bin/../lib/gcc/arm-none-eabi/14.3.1/../../../../arm-none-eabi/lib/thumb/v7-m/nofp\libc_nano.a(libc_a-memset.o)
                              F:/Software/STM32Cube/STM32CubeIDE_2.2.0/STM32CubeIDE/plugins/com.st.stm32cube.ide.mcu.externaltools.gnu-tools-for-stm32.14.3.rel1.win32_1.0.100.202602081740/tools/bin/../lib/gcc/arm-none-eabi/14.3.1/../../../../arm-none-eabi/lib/thumb/v7-m/nofp/crt0.o (memset)
F:/Software/STM32Cube/STM32CubeIDE_2.2.0/STM32CubeIDE/plugins/com.st.stm32cube.ide.mcu.externaltools.gnu-tools-for-stm32.14.3.rel1.win32_1.0.100.202602081740/tools/bin/../lib/gcc/arm-none-eabi/14.3.1/../../../../arm-none-eabi/lib/thumb/v7-m/nofp\libc_nano.a(libc_a-closer.o)
                              F:/Software/STM32Cube/STM32CubeIDE_2.2.0/STM32CubeIDE/plugins/com.st.stm32cube.ide.mcu.externaltools.gnu-tools-for-stm32.14.3.rel1.win32_1.0.100.202602081740/tools/bin/../lib/gcc/arm-none-eabi/14.3.1/../../../../arm-none-eabi/lib/thumb/v7-m/nofp\libc_nano.a(libc_a-stdio.o) (_close_r)
F:/Software/STM32Cube/STM32CubeIDE_2.2.0/STM32CubeIDE/plugins/com.st.stm32cube.ide.mcu.externaltools.gnu-tools-for-stm32.14.3.rel1.win32_1.0.100.202602081740/tools/bin/../lib/gcc/arm-none-eabi/14.3.1/../../../../arm-none-eabi/lib/thumb/v7-m/nofp\libc_nano.a(libc_a-reent.o)
                              F:/Software/STM32Cube/STM32CubeIDE_2.2.0/STM32CubeIDE/plugins/com.st.stm32cube.ide.mcu.externaltools.gnu-tools-for-stm32.14.3.rel1.win32_1.0.100.202602081740/tools/bin/../lib/gcc/arm-none-eabi/14.3.1/../../../../arm-none-eabi/lib/thumb/v7-m/nofp\libc_nano.a(libc_a-closer.o) (errno)
F:/Software/STM32Cube/STM32CubeIDE_2.2.0/STM32CubeIDE/plugins/com.st.stm32cube.ide.mcu.externaltools.gnu-tools-for-stm32.14.3.rel1.win32_1.0.100.202602081740/tools/bin/../lib/gcc/arm-none-eabi/14.3.1/../../../../arm-none-eabi/lib/thumb/v7-m/nofp\libc_nano.a(libc_a-impure.o)
                              F:/Software/STM32Cube/STM32CubeIDE_2.2.0/STM32CubeIDE/plugins/com.st.stm32cube.ide.mcu.externaltools.gnu-tools-for-stm32.14.3.rel1.win32_1.0.100.202602081740/tools/bin/../lib/gcc/arm-none-eabi/14.3.1/../../../../arm-none-eabi/lib/thumb/v7-m/nofp\libc_nano.a(libc_a-reent.o) (_impure_ptr)
[...]
Memory Configuration

Name             Origin             Length             Attributes
RAM              0x20000000         0x00005000         xrw
FLASH            0x08000000         0x0000fc00         xr
*default*        0x00000000         0xffffffff

Linker script and memory map

LOAD F:/Software/STM32Cube/STM32CubeIDE_2.2.0/STM32CubeIDE/plugins/com.st.stm32cube.ide.mcu.externaltools.gnu-tools-for-stm32.14.3.rel1.win32_1.0.100.202602081740/tools/bin/../lib/gcc/arm-none-eabi/14.3.1/thumb/v7-m/nofp/crti.o
LOAD F:/Software/STM32Cube/STM32CubeIDE_2.2.0/STM32CubeIDE/plugins/com.st.stm32cube.ide.mcu.externaltools.gnu-tools-for-stm32.14.3.rel1.win32_1.0.100.202602081740/tools/bin/../lib/gcc/arm-none-eabi/14.3.1/thumb/v7-m/nofp/crtbegin.o
LOAD F:/Software/STM32Cube/STM32CubeIDE_2.2.0/STM32CubeIDE/plugins/com.st.stm32cube.ide.mcu.externaltools.gnu-tools-for-stm32.14.3.rel1.win32_1.0.100.202602081740/tools/bin/../lib/gcc/arm-none-eabi/14.3.1/../../../../arm-none-eabi/lib/thumb/v7-m/nofp/crt0.o
LOAD ./AGV_Communication/agv_stm32_c.o
LOAD ./Core/Src/main.o
LOAD ./Core/Src/motor.o
LOAD ./Core/Src/mpu6050.o
LOAD ./Core/Src/stm32f1xx_hal_msp.o
LOAD ./Core/Src/stm32f1xx_it.o
LOAD ./Core/Src/syscalls.o
LOAD ./Core/Src/sysmem.o
LOAD ./Core/Src/system_stm32f1xx.o
LOAD ./Core/Src/vl53l0x.o
LOAD ./Core/Startup/startup_stm32f103c8tx.o
LOAD ./Drivers/STM32F1xx_HAL_Driver/Src/stm32f1xx_hal.o
LOAD ./Drivers/STM32F1xx_HAL_Driver/Src/stm32f1xx_hal_cortex.o
LOAD ./Drivers/STM32F1xx_HAL_Driver/Src/stm32f1xx_hal_dma.o
LOAD ./Drivers/STM32F1xx_HAL_Driver/Src/stm32f1xx_hal_exti.o
LOAD ./Drivers/STM32F1xx_HAL_Driver/Src/stm32f1xx_hal_flash.o
LOAD ./Drivers/STM32F1xx_HAL_Driver/Src/stm32f1xx_hal_flash_ex.o
LOAD ./Drivers/STM32F1xx_HAL_Driver/Src/stm32f1xx_hal_gpio.o
LOAD ./Drivers/STM32F1xx_HAL_Driver/Src/stm32f1xx_hal_gpio_ex.o
LOAD ./Drivers/STM32F1xx_HAL_Driver/Src/stm32f1xx_hal_i2c.o
LOAD ./Drivers/STM32F1xx_HAL_Driver/Src/stm32f1xx_hal_pwr.o
LOAD ./Drivers/STM32F1xx_HAL_Driver/Src/stm32f1xx_hal_rcc.o
LOAD ./Drivers/STM32F1xx_HAL_Driver/Src/stm32f1xx_hal_rcc_ex.o
LOAD ./Drivers/STM32F1xx_HAL_Driver/Src/stm32f1xx_hal_tim.o
LOAD ./Drivers/STM32F1xx_HAL_Driver/Src/stm32f1xx_hal_tim_ex.o
LOAD ./Drivers/STM32F1xx_HAL_Driver/Src/stm32f1xx_hal_uart.o
START GROUP
LOAD F:/Software/STM32Cube/STM32CubeIDE_2.2.0/STM32CubeIDE/plugins/com.st.stm32cube.ide.mcu.externaltools.gnu-tools-for-stm32.14.3.rel1.win32_1.0.100.202602081740/tools/bin/../lib/gcc/arm-none-eabi/14.3.1/../../../../arm-none-eabi/lib/thumb/v7-m/nofp\libc_nano.a
LOAD F:/Software/STM32Cube/STM32CubeIDE_2.2.0/STM32CubeIDE/plugins/com.st.stm32cube.ide.mcu.externaltools.gnu-tools-for-stm32.14.3.rel1.win32_1.0.100.202602081740/tools/bin/../lib/gcc/arm-none-eabi/14.3.1/../../../../arm-none-eabi/lib/thumb/v7-m/nofp\libm.a
END GROUP
START GROUP
LOAD F:/Software/STM32Cube/STM32CubeIDE_2.2.0/STM32CubeIDE/plugins/com.st.stm32cube.ide.mcu.externaltools.gnu-tools-for-stm32.14.3.rel1.win32_1.0.100.202602081740/tools/bin/../lib/gcc/arm-none-eabi/14.3.1/thumb/v7-m/nofp\libgcc.a
LOAD F:/Software/STM32Cube/STM32CubeIDE_2.2.0/STM32CubeIDE/plugins/com.st.stm32cube.ide.mcu.externaltools.gnu-tools-for-stm32.14.3.rel1.win32_1.0.100.202602081740/tools/bin/../lib/gcc/arm-none-eabi/14.3.1/../../../../arm-none-eabi/lib/thumb/v7-m/nofp\libc_nano.a
END GROUP
START GROUP
LOAD F:/Software/STM32Cube/STM32CubeIDE_2.2.0/STM32CubeIDE/plugins/com.st.stm32cube.ide.mcu.externaltools.gnu-tools-for-stm32.14.3.rel1.win32_1.0.100.202602081740/tools/bin/../lib/gcc/arm-none-eabi/14.3.1/thumb/v7-m/nofp\libgcc.a
LOAD F:/Software/STM32Cube/STM32CubeIDE_2.2.0/STM32CubeIDE/plugins/com.st.stm32cube.ide.mcu.externaltools.gnu-tools-for-stm32.14.3.rel1.win32_1.0.100.202602081740/tools/bin/../lib/gcc/arm-none-eabi/14.3.1/../../../../arm-none-eabi/lib/thumb/v7-m/nofp\libc_nano.a
LOAD F:/Software/STM32Cube/STM32CubeIDE_2.2.0/STM32CubeIDE/plugins/com.st.stm32cube.ide.mcu.externaltools.gnu-tools-for-stm32.14.3.rel1.win32_1.0.100.202602081740/tools/bin/../lib/gcc/arm-none-eabi/14.3.1/../../../../arm-none-eabi/lib/thumb/v7-m/nofp\libnosys.a
END GROUP
START GROUP
LOAD F:/Software/STM32Cube/STM32CubeIDE_2.2.0/STM32CubeIDE/plugins/com.st.stm32cube.ide.mcu.externaltools.gnu-tools-for-stm32.14.3.rel1.win32_1.0.100.202602081740/tools/bin/../lib/gcc/arm-none-eabi/14.3.1/thumb/v7-m/nofp\libgcc.a
LOAD F:/Software/STM32Cube/STM32CubeIDE_2.2.0/STM32CubeIDE/plugins/com.st.stm32cube.ide.mcu.externaltools.gnu-tools-for-stm32.14.3.rel1.win32_1.0.100.202602081740/tools/bin/../lib/gcc/arm-none-eabi/14.3.1/../../../../arm-none-eabi/lib/thumb/v7-m/nofp\libc_nano.a
LOAD F:/Software/STM32Cube/STM32CubeIDE_2.2.0/STM32CubeIDE/plugins/com.st.stm32cube.ide.mcu.externaltools.gnu-tools-for-stm32.14.3.rel1.win32_1.0.100.202602081740/tools/bin/../lib/gcc/arm-none-eabi/14.3.1/../../../../arm-none-eabi/lib/thumb/v7-m/nofp\libnosys.a
END GROUP
LOAD F:/Software/STM32Cube/STM32CubeIDE_2.2.0/STM32CubeIDE/plugins/com.st.stm32cube.ide.mcu.externaltools.gnu-tools-for-stm32.14.3.rel1.win32_1.0.100.202602081740/tools/bin/../lib/gcc/arm-none-eabi/14.3.1/thumb/v7-m/nofp/crtend.o
LOAD F:/Software/STM32Cube/STM32CubeIDE_2.2.0/STM32CubeIDE/plugins/com.st.stm32cube.ide.mcu.externaltools.gnu-tools-for-stm32.14.3.rel1.win32_1.0.100.202602081740/tools/bin/../lib/gcc/arm-none-eabi/14.3.1/thumb/v7-m/nofp/crtn.o
                0x20005000                        _estack = (ORIGIN (RAM) + LENGTH (RAM))
                0x00000200                        _Min_Heap_Size = 0x200
                0x00000800                        _Min_Stack_Size = 0x800

.isr_vector     0x08000000      0x10c
                0x08000000                        . = ALIGN (0x4)
 *(.isr_vector)
 .isr_vector    0x08000000      0x10c ./Core/Startup/startup_stm32f103c8tx.o
                0x08000000                g_pfnVectors
                0x0800010c                        . = ALIGN (0x4)

.text           0x08000110     0xa3cc
                0x08000110                        . = ALIGN (0x4)
 *(.text)
 .text          0x08000110       0x40 F:/Software/STM32Cube/STM32CubeIDE_2.2.0/STM32CubeIDE/plugins/com.st.stm32cube.ide.mcu.externaltools.gnu-tools-for-stm32.14.3.rel1.win32_1.0.100.202602081740/tools/bin/../lib/gcc/arm-none-eabi/14.3.1/thumb/v7-m/nofp/crtbegin.o
 .text          0x08000150      0x378 F:/Software/STM32Cube/STM32CubeIDE_2.2.0/STM32CubeIDE/plugins/com.st.stm32cube.ide.mcu.externaltools.gnu-tools-for-stm32.14.3.rel1.win32_1.0.100.202602081740/tools/bin/../lib/gcc/arm-none-eabi/14.3.1/thumb/v7-m/nofp\libgcc.a(_arm_addsubdf3.o)
                0x08000150                __aeabi_drsub
                0x08000158                __aeabi_dsub
                0x08000158                __subdf3
                0x0800015c                __aeabi_dadd
                0x0800015c                __adddf3
                0x080003d4                __floatunsidf
                0x080003d4                __aeabi_ui2d
                0x080003f4                __floatsidf
                0x080003f4                __aeabi_i2d
                0x08000418                __aeabi_f2d
                0x08000418                __extendsfdf2
                0x0800045c                __floatundidf
                0x0800045c                __aeabi_ul2d
                0x0800046c                __floatdidf
                0x0800046c                __aeabi_l2d
 .text          0x080004c8      0x424 F:/Software/STM32Cube/STM32CubeIDE_2.2.0/STM32CubeIDE/plugins/com.st.stm32cube.ide.mcu.externaltools.gnu-tools-for-stm32.14.3.rel1.win32_1.0.100.202602081740/tools/bin/../lib/gcc/arm-none-eabi/14.3.1/thumb/v7-m/nofp\libgcc.a(_arm_muldivdf3.o)
                0x080004c8                __aeabi_dmul
                0x080004c8                __muldf3
                0x0800071c                __divdf3
                0x0800071c                __aeabi_ddiv
 .text          0x080008ec      0x110 F:/Software/STM32Cube/STM32CubeIDE_2.2.0/STM32CubeIDE/plugins/com.st.stm32cube.ide.mcu.externaltools.gnu-tools-for-stm32.14.3.rel1.win32_1.0.100.202602081740/tools/bin/../lib/gcc/arm-none-eabi/14.3.1/thumb/v7-m/nofp\libgcc.a(_arm_cmpdf2.o)
                0x080008ec                __gtdf2
                0x080008ec                __gedf2
                0x080008f4                __ltdf2
                0x080008f4                __ledf2
                0x080008fc                __nedf2
                0x080008fc                __eqdf2
                0x080008fc                __cmpdf2
                0x08000978                __aeabi_cdrcmple
                0x08000988                __aeabi_cdcmpeq
                0x08000988                __aeabi_cdcmple
                0x08000998                __aeabi_dcmpeq
                0x080009ac                __aeabi_dcmplt
                0x080009c0                __aeabi_dcmple
                0x080009d4                __aeabi_dcmpge
                0x080009e8                __aeabi_dcmpgt
 .text          0x080009fc       0x2c F:/Software/STM32Cube/STM32CubeIDE_2.2.0/STM32CubeIDE/plugins/com.st.stm32cube.ide.mcu.externaltools.gnu-tools-for-stm32.14.3.rel1.win32_1.0.100.202602081740/tools/bin/../lib/gcc/arm-none-eabi/14.3.1/thumb/v7-m/nofp\libgcc.a(_arm_unorddf2.o)
                0x080009fc                __unorddf2
                0x080009fc                __aeabi_dcmpun
 .text          0x08000a28       0xa0 F:/Software/STM32Cube/STM32CubeIDE_2.2.0/STM32CubeIDE/plugins/com.st.stm32cube.ide.mcu.externaltools.gnu-tools-for-stm32.14.3.rel1.win32_1.0.100.202602081740/tools/bin/../lib/gcc/arm-none-eabi/14.3.1/thumb/v7-m/nofp\libgcc.a(_arm_truncdfsf2.o)
                0x08000a28                __truncdfsf2
                0x08000a28                __aeabi_d2f
 .text          0x08000ac8      0x21c F:/Software/STM32Cube/STM32CubeIDE_2.2.0/STM32CubeIDE/plugins/com.st.stm32cube.ide.mcu.externaltools.gnu-tools-for-stm32.14.3.rel1.win32_1.0.100.202602081740/tools/bin/../lib/gcc/arm-none-eabi/14.3.1/thumb/v7-m/nofp\libgcc.a(_arm_addsubsf3.o)
                0x08000ac8                __aeabi_frsub
                0x08000ad0                __subsf3
                0x08000ad0                __aeabi_fsub
                0x08000ad4                __aeabi_fadd
                0x08000ad4                __addsf3
                0x08000c34                __aeabi_ui2f
                0x08000c34                __floatunsisf
                0x08000c3c                __aeabi_i2f
                0x08000c3c                __floatsisf
                0x08000c58                __aeabi_ul2f
                0x08000c58                __floatundisf
                0x08000c68                __aeabi_l2f
                0x08000c68                __floatdisf
 .text          0x08000ce4      0x2a0 F:/Software/STM32Cube/STM32CubeIDE_2.2.0/STM32CubeIDE/plugins/com.st.stm32cube.ide.mcu.externaltools.gnu-tools-for-stm32.14.3.rel1.win32_1.0.100.202602081740/tools/bin/../lib/gcc/arm-none-eabi/14.3.1/thumb/v7-m/nofp\libgcc.a(_arm_muldivsf3.o)
                0x08000ce4                __mulsf3
                0x08000ce4                __aeabi_fmul
                0x08000e4c                __aeabi_fdiv
                0x08000e4c                __divsf3
 .text          0x08000f84       0xec F:/Software/STM32Cube/STM32CubeIDE_2.2.0/STM32CubeIDE/plugins/com.st.stm32cube.ide.mcu.externaltools.gnu-tools-for-stm32.14.3.rel1.win32_1.0.100.202602081740/tools/bin/../lib/gcc/arm-none-eabi/14.3.1/thumb/v7-m/nofp\libgcc.a(_arm_cmpsf2.o)
                0x08000f84                __gesf2
                0x08000f84                __gtsf2
                0x08000f8c                __lesf2
                0x08000f8c                __ltsf2
                0x08000f94                __nesf2
                0x08000f94                __eqsf2
                0x08000f94                __cmpsf2
                0x08000ff4                __aeabi_cfrcmple
                0x08000ffc                __aeabi_cfcmpeq
                0x08000ffc                __aeabi_cfcmple
                0x0800100c                __aeabi_fcmpeq
                0x08001020                __aeabi_fcmplt
                0x08001034                __aeabi_fcmple
                0x08001048                __aeabi_fcmpge
                0x0800105c                __aeabi_fcmpgt
 .text          0x08001070       0x4c F:/Software/STM32Cube/STM32CubeIDE_2.2.0/STM32CubeIDE/plugins/com.st.stm32cube.ide.mcu.externaltools.gnu-tools-for-stm32.14.3.rel1.win32_1.0.100.202602081740/tools/bin/../lib/gcc/arm-none-eabi/14.3.1/thumb/v7-m/nofp\libgcc.a(_arm_fixsfsi.o)
                0x08001070                __aeabi_f2iz
                0x08001070                __fixsfsi
 .text          0x080010bc       0x40 F:/Software/STM32Cube/STM32CubeIDE_2.2.0/STM32CubeIDE/plugins/com.st.stm32cube.ide.mcu.externaltools.gnu-tools-for-stm32.14.3.rel1.win32_1.0.100.202602081740/tools/bin/../lib/gcc/arm-none-eabi/14.3.1/thumb/v7-m/nofp\libgcc.a(_arm_fixunssfsi.o)
                0x080010bc                __fixunssfsi
                0x080010bc                __aeabi_f2uiz
 *(.text*)
 .text.agv_crc16_calc
                0x080010fc       0x80 ./AGV_Communication/agv_stm32_c.o
                0x080010fc                agv_crc16_calc
 .text.agv_encode_packet
                0x0800117c      0x126 ./AGV_Communication/agv_stm32_c.o
                0x0800117c                agv_encode_packet
 .text.agv_decode_packet
                0x080012a2      0x118 ./AGV_Communication/agv_stm32_c.o
                0x080012a2                agv_decode_packet
 .text.agv_stm32_parser_init
                0x080013ba       0x3c ./AGV_Communication/agv_stm32_c.o
                0x080013ba                agv_stm32_parser_init
 *fill*         0x080013f6        0x2 
 .text.agv_stm32_parser_feed
                0x080013f8      0x274 ./AGV_Communication/agv_stm32_c.o
                0x080013f8                agv_stm32_parser_feed
 .text.agv_build_ack
                0x0800166c       0x42 ./AGV_Communication/agv_stm32_c.o
                0x0800166c                agv_build_ack
 .text.agv_build_status
                0x080016ae       0x42 ./AGV_Communication/agv_stm32_c.o
                0x080016ae                agv_build_status
 .text.agv_build_version
                0x080016f0       0x5c ./AGV_Communication/agv_stm32_c.o
                0x080016f0                agv_build_version
 .text.agv_build_odometry
                0x0800174c       0x8a ./AGV_Communication/agv_stm32_c.o
                0x0800174c                agv_build_odometry
 .text.agv_build_telemetry_sync
                0x080017d6      0x1b8 ./AGV_Communication/agv_stm32_c.o
                0x080017d6                agv_build_telemetry_sync
 .text.agv_build_move_done
                0x0800198e       0x42 ./AGV_Communication/agv_stm32_c.o
                0x0800198e                agv_build_move_done
 .text.agv_build_turn_done
                0x080019d0       0x42 ./AGV_Communication/agv_stm32_c.o
                0x080019d0                agv_build_turn_done
 .text.agv_parse_move
                0x08001a12       0x82 ./AGV_Communication/agv_stm32_c.o
                0x08001a12                agv_parse_move
 .text.agv_parse_turn
                0x08001a94       0x78 ./AGV_Communication/agv_stm32_c.o
                0x08001a94                agv_parse_turn
 .text.agv_parse_set_repeat_speed
                0x08001b0c       0x50 ./AGV_Communication/agv_stm32_c.o
                0x08001b0c                agv_parse_set_repeat_speed
 .text.agv_parse_set_speeds
                0x08001b5c       0x6e ./AGV_Communication/agv_stm32_c.o
                0x08001b5c                agv_parse_set_speeds
 .text.agv_parse_motor_trim
                0x08001bca       0x6c ./AGV_Communication/agv_stm32_c.o
                0x08001bca                agv_parse_motor_trim
 .text.agv_parse_set_pid_tuning
                0x08001c36       0xa0 ./AGV_Communication/agv_stm32_c.o
                0x08001c36                agv_parse_set_pid_tuning
 .text.agv_parse_set_pid_enable
                0x08001cd6       0x48 ./AGV_Communication/agv_stm32_c.o
                0x08001cd6                agv_parse_set_pid_enable
 .text.agv_parse_set_encoder_config
                0x08001d1e       0x86 ./AGV_Communication/agv_stm32_c.o
                0x08001d1e                agv_parse_set_encoder_config
 .text.Load_IMU_Offset
                0x08001da4       0x50 ./Core/Src/main.o
                0x08001da4                Load_IMU_Offset
 *fill*         0x08001df4        0x4 
 .text.Save_IMU_Offset
                0x08001df8      0x140 ./Core/Src/main.o
                0x08001df8                Save_IMU_Offset
 .text.I2C_BusRecover
                0x08001f38       0xac ./Core/Src/main.o
                0x08001f38                I2C_BusRecover
 .text.I2C_CheckAndRecover
                0x08001fe4       0x5c ./Core/Src/main.o
                0x08001fe4                I2C_CheckAndRecover
 .text.AGV_STM32_DispatchCommand
                0x08002040      0x7cc ./Core/Src/main.o
                0x08002040                AGV_STM32_DispatchCommand
 .text.HAL_UART_RxCpltCallback
                0x0800280c       0x74 ./Core/Src/main.o
                0x0800280c                HAL_UART_RxCpltCallback
 .text.HAL_UART_ErrorCallback
                0x08002880       0xa0 ./Core/Src/main.o
                0x08002880                HAL_UART_ErrorCallback
 .text.main     0x08002920      0xe90 ./Core/Src/main.o
                0x08002920                main
 .text.SystemClock_Config
                0x080037b0       0x8a ./Core/Src/main.o
                0x080037b0                SystemClock_Config
 *fill*         0x0800383a        0x2 
 .text.MX_I2C1_Init
                0x0800383c       0x5c ./Core/Src/main.o
 .text.MX_TIM1_Init
                0x08003898      0x158 ./Core/Src/main.o
 .text.MX_TIM2_Init
                0x080039f0       0xa8 ./Core/Src/main.o
 .text.MX_TIM3_Init
                0x08003a98       0xa8 ./Core/Src/main.o
 .text.MX_USART2_UART_Init
                0x08003b40       0x54 ./Core/Src/main.o
 .text.MX_GPIO_Init
                0x08003b94       0xdc ./Core/Src/main.o
 .text.Error_Handler
                0x08003c70       0x34 ./Core/Src/main.o
                0x08003c70                Error_Handler
 .text.Motor_Init
                0x08003ca4       0x20 ./Core/Src/motor.o
                0x08003ca4                Motor_Init
 .text.Motor_SetSpeed
                0x08003cc4      0x14c ./Core/Src/motor.o
                0x08003cc4                Motor_SetSpeed
 .text.MPU6050_Init
                0x08003e10       0xbc ./Core/Src/mpu6050.o
                0x08003e10                MPU6050_Init
 *fill*         0x08003ecc        0x4 
 .text.MPU6050_Read_All
                0x08003ed0      0x3e0 ./Core/Src/mpu6050.o
                0x08003ed0                MPU6050_Read_All
 .text.Kalman_getAngle
                0x080042b0      0x2a6 ./Core/Src/mpu6050.o
                0x080042b0                Kalman_getAngle
 *fill*         0x08004556        0x2 
 .text.HAL_MspInit
                0x08004558       0x64 ./Core/Src/stm32f1xx_hal_msp.o
                0x08004558                HAL_MspInit
 .text.HAL_I2C_MspInit
                0x080045bc       0x7c ./Core/Src/stm32f1xx_hal_msp.o
                0x080045bc                HAL_I2C_MspInit
 .text.HAL_I2C_MspDeInit
                0x08004638       0x44 ./Core/Src/stm32f1xx_hal_msp.o
                0x08004638                HAL_I2C_MspDeInit
 .text.HAL_TIM_Base_MspInit
                0x0800467c       0x3c ./Core/Src/stm32f1xx_hal_msp.o
                0x0800467c                HAL_TIM_Base_MspInit
 .text.HAL_TIM_Encoder_MspInit
                0x080046b8       0xd0 ./Core/Src/stm32f1xx_hal_msp.o
                0x080046b8                HAL_TIM_Encoder_MspInit
 .text.HAL_TIM_MspPostInit
                0x08004788       0x68 ./Core/Src/stm32f1xx_hal_msp.o
                0x08004788                HAL_TIM_MspPostInit
 .text.HAL_UART_MspInit
                0x080047f0       0xa4 ./Core/Src/stm32f1xx_hal_msp.o
                0x080047f0                HAL_UART_MspInit
 .text.EmergencyMotorKill
                0x08004894       0x28 ./Core/Src/stm32f1xx_it.o
 .text.NMI_Handler
                0x080048bc        0xc ./Core/Src/stm32f1xx_it.o
                0x080048bc                NMI_Handler
 .text.HardFault_Handler
                0x080048c8        0xc ./Core/Src/stm32f1xx_it.o
                0x080048c8                HardFault_Handler
 .text.MemManage_Handler
                0x080048d4        0x8 ./Core/Src/stm32f1xx_it.o
                0x080048d4                MemManage_Handler
 .text.BusFault_Handler
                0x080048dc        0xc ./Core/Src/stm32f1xx_it.o
                0x080048dc                BusFault_Handler
 .text.UsageFault_Handler
                0x080048e8        0x8 ./Core/Src/stm32f1xx_it.o
                0x080048e8                UsageFault_Handler
 .text.SVC_Handler
                0x080048f0        0xc ./Core/Src/stm32f1xx_it.o
                0x080048f0                SVC_Handler
 .text.DebugMon_Handler
                0x080048fc        0xc ./Core/Src/stm32f1xx_it.o
                0x080048fc                DebugMon_Handler
 .text.PendSV_Handler
                0x08004908        0xc ./Core/Src/stm32f1xx_it.o
                0x08004908                PendSV_Handler
 .text.SysTick_Handler
                0x08004914        0xc ./Core/Src/stm32f1xx_it.o
                0x08004914                SysTick_Handler
 .text.USART2_IRQHandler
                0x08004920       0x14 ./Core/Src/stm32f1xx_it.o
                0x08004920                USART2_IRQHandler
 .text.SystemInit
                0x08004934        0xc ./Core/Src/system_stm32f1xx.o
                0x08004934                SystemInit
 .text.writeReg
                0x08004940       0x50 ./Core/Src/vl53l0x.o
                0x08004940                writeReg
 .text.writeReg16Bit
                0x08004990       0x5c ./Core/Src/vl53l0x.o
                0x08004990                writeReg16Bit
 .text.writeReg32Bit
                0x080049ec       0x6c ./Core/Src/vl53l0x.o
                0x080049ec                writeReg32Bit
 .text.readReg  0x08004a58       0x54 ./Core/Src/vl53l0x.o
                0x08004a58                readReg
 .text.readReg16Bit
                0x08004aac       0x64 ./Core/Src/vl53l0x.o
                0x08004aac                readReg16Bit
 .text.writeMulti
                0x08004b10       0x5c ./Core/Src/vl53l0x.o
                0x08004b10                writeMulti
 .text.readMulti
                0x08004b6c       0x54 ./Core/Src/vl53l0x.o
                0x08004b6c                readMulti
 .text.setAddress_VL53L0X
                0x08004bc0       0x2a ./Core/Src/vl53l0x.o
                0x08004bc0                setAddress_VL53L0X
 *fill*         0x08004bea        0x2 
 .text.initVL53L0X
                0x08004bec      0x5a8 ./Core/Src/vl53l0x.o
                0x08004bec                initVL53L0X
 *fill*         0x08005194        0x4 
 .text.setSignalRateLimit
                0x08005198       0x68 ./Core/Src/vl53l0x.o
                0x08005198                setSignalRateLimit
 .text.setMeasurementTimingBudget
                0x08005200      0x132 ./Core/Src/vl53l0x.o
                0x08005200                setMeasurementTimingBudget
 .text.getMeasurementTimingBudget
                0x08005332       0xce ./Core/Src/vl53l0x.o
                0x08005332                getMeasurementTimingBudget
 .text.getVcselPulsePeriod
                0x08005400       0x4a ./Core/Src/vl53l0x.o
                0x08005400                getVcselPulsePeriod
 .text.startContinuous
                0x0800544a       0x9e ./Core/Src/vl53l0x.o
                0x0800544a                startContinuous
 .text.isDataReady
                0x080054e8       0x28 ./Core/Src/vl53l0x.o
                0x080054e8                isDataReady
 .text.readRangeContinuousMillimeters
                0x08005510       0xf0 ./Core/Src/vl53l0x.o
                0x08005510                readRangeContinuousMillimeters
 .text.setTimeout
                0x08005600       0x1c ./Core/Src/vl53l0x.o
                0x08005600                setTimeout
 .text.getSpadInfo
                0x0800561c      0x152 ./Core/Src/vl53l0x.o
                0x0800561c                getSpadInfo
 .text.getSequenceStepEnables
                0x0800576e       0x68 ./Core/Src/vl53l0x.o
                0x0800576e                getSequenceStepEnables
 .text.getSequenceStepTimeouts
                0x080057d6       0xd6 ./Core/Src/vl53l0x.o
                0x080057d6                getSequenceStepTimeouts
 .text.decodeTimeout
                0x080058ac       0x26 ./Core/Src/vl53l0x.o
 .text.encodeTimeout
                0x080058d2       0x52 ./Core/Src/vl53l0x.o
 .text.timeoutMclksToMicroseconds
                0x08005924       0x50 ./Core/Src/vl53l0x.o
 .text.timeoutMicrosecondsToMclks
                0x08005974       0x4c ./Core/Src/vl53l0x.o
 .text.performSingleRefCalibration
                0x080059c0       0x80 ./Core/Src/vl53l0x.o
                0x080059c0                performSingleRefCalibration
 .text.Reset_Handler
                0x08005a40       0x48 ./Core/Startup/startup_stm32f103c8tx.o
                0x08005a40                Reset_Handler
 .text.Default_Handler
                0x08005a88        0x2 ./Core/Startup/startup_stm32f103c8tx.o
                0x08005a88                RTC_Alarm_IRQHandler
                0x08005a88                EXTI2_IRQHandler
                0x08005a88                TIM1_CC_IRQHandler
                0x08005a88                PVD_IRQHandler
                0x08005a88                EXTI3_IRQHandler
                0x08005a88                EXTI0_IRQHandler
                0x08005a88                I2C2_EV_IRQHandler
                0x08005a88                ADC1_2_IRQHandler
                0x08005a88                SPI1_IRQHandler
                0x08005a88                TAMPER_IRQHandler
                0x08005a88                DMA1_Channel4_IRQHandler
                0x08005a88                USART3_IRQHandler
                0x08005a88                RTC_IRQHandler
                0x08005a88                DMA1_Channel7_IRQHandler
                0x08005a88                CAN1_RX1_IRQHandler
                0x08005a88                TIM4_IRQHandler
                0x08005a88                I2C1_EV_IRQHandler
                0x08005a88                DMA1_Channel6_IRQHandler
                0x08005a88                TIM3_IRQHandler
                0x08005a88                RCC_IRQHandler
                0x08005a88                TIM1_TRG_COM_IRQHandler
                0x08005a88                DMA1_Channel1_IRQHandler
                0x08005a88                Default_Handler
                0x08005a88                EXTI15_10_IRQHandler
                0x08005a88                EXTI9_5_IRQHandler
                0x08005a88                SPI2_IRQHandler
                0x08005a88                DMA1_Channel5_IRQHandler
                0x08005a88                EXTI4_IRQHandler
                0x08005a88                USB_LP_CAN1_RX0_IRQHandler
                0x08005a88                USB_HP_CAN1_TX_IRQHandler
                0x08005a88                DMA1_Channel3_IRQHandler
                0x08005a88                TIM1_UP_IRQHandler
                0x08005a88                WWDG_IRQHandler
                0x08005a88                TIM2_IRQHandler
                0x08005a88                TIM1_BRK_IRQHandler
                0x08005a88                EXTI1_IRQHandler
                0x08005a88                I2C2_ER_IRQHandler
                0x08005a88                DMA1_Channel2_IRQHandler
                0x08005a88                CAN1_SCE_IRQHandler
                0x08005a88                FLASH_IRQHandler
                0x08005a88                USART1_IRQHandler
                0x08005a88                I2C1_ER_IRQHandler
                0x08005a88                USBWakeUp_IRQHandler
 *fill*         0x08005a8a        0x2 
 .text.HAL_Init
                0x08005a8c       0x2c ./Drivers/STM32F1xx_HAL_Driver/Src/stm32f1xx_hal.o
                0x08005a8c                HAL_Init
 .text.HAL_InitTick
                0x08005ab8       0x60 ./Drivers/STM32F1xx_HAL_Driver/Src/stm32f1xx_hal.o
                0x08005ab8                HAL_InitTick
 .text.HAL_IncTick
                0x08005b18       0x24 ./Drivers/STM32F1xx_HAL_Driver/Src/stm32f1xx_hal.o
                0x08005b18                HAL_IncTick
 .text.HAL_GetTick
                0x08005b3c       0x14 ./Drivers/STM32F1xx_HAL_Driver/Src/stm32f1xx_hal.o
                0x08005b3c                HAL_GetTick
 .text.HAL_Delay
                0x08005b50       0x48 ./Drivers/STM32F1xx_HAL_Driver/Src/stm32f1xx_hal.o
                0x08005b50                HAL_Delay
 .text.__NVIC_SetPriorityGrouping
                0x08005b98       0x48 ./Drivers/STM32F1xx_HAL_Driver/Src/stm32f1xx_hal_cortex.o
 .text.__NVIC_GetPriorityGrouping
                0x08005be0       0x1c ./Drivers/STM32F1xx_HAL_Driver/Src/stm32f1xx_hal_cortex.o
 .text.__NVIC_EnableIRQ
                0x08005bfc       0x38 ./Drivers/STM32F1xx_HAL_Driver/Src/stm32f1xx_hal_cortex.o
 .text.__NVIC_DisableIRQ
                0x08005c34       0x48 ./Drivers/STM32F1xx_HAL_Driver/Src/stm32f1xx_hal_cortex.o
 .text.__NVIC_SetPriority
                0x08005c7c       0x54 ./Drivers/STM32F1xx_HAL_Driver/Src/stm32f1xx_hal_cortex.o
 .text.NVIC_EncodePriority
                0x08005cd0       0x64 ./Drivers/STM32F1xx_HAL_Driver/Src/stm32f1xx_hal_cortex.o
 .text.SysTick_Config
                0x08005d34       0x44 ./Drivers/STM32F1xx_HAL_Driver/Src/stm32f1xx_hal_cortex.o
 .text.HAL_NVIC_SetPriorityGrouping
                0x08005d78       0x16 ./Drivers/STM32F1xx_HAL_Driver/Src/stm32f1xx_hal_cortex.o
                0x08005d78                HAL_NVIC_SetPriorityGrouping
 .text.HAL_NVIC_SetPriority
                0x08005d8e       0x38 ./Drivers/STM32F1xx_HAL_Driver/Src/stm32f1xx_hal_cortex.o
                0x08005d8e                HAL_NVIC_SetPriority
 .text.HAL_NVIC_EnableIRQ
                0x08005dc6       0x1c ./Drivers/STM32F1xx_HAL_Driver/Src/stm32f1xx_hal_cortex.o
                0x08005dc6                HAL_NVIC_EnableIRQ
 .text.HAL_NVIC_DisableIRQ
                0x08005de2       0x1c ./Drivers/STM32F1xx_HAL_Driver/Src/stm32f1xx_hal_cortex.o
                0x08005de2                HAL_NVIC_DisableIRQ
 .text.HAL_SYSTICK_Config
                0x08005dfe       0x18 ./Drivers/STM32F1xx_HAL_Driver/Src/stm32f1xx_hal_cortex.o
                0x08005dfe                HAL_SYSTICK_Config
 .text.HAL_DMA_Abort
                0x08005e16       0x76 ./Drivers/STM32F1xx_HAL_Driver/Src/stm32f1xx_hal_dma.o
                0x08005e16                HAL_DMA_Abort
 .text.HAL_DMA_Abort_IT
                0x08005e8c       0xf0 ./Drivers/STM32F1xx_HAL_Driver/Src/stm32f1xx_hal_dma.o
                0x08005e8c                HAL_DMA_Abort_IT
 .text.HAL_FLASH_Program
                0x08005f7c       0xe0 ./Drivers/STM32F1xx_HAL_Driver/Src/stm32f1xx_hal_flash.o
                0x08005f7c                HAL_FLASH_Program
 .text.HAL_FLASH_Unlock
                0x0800605c       0x4c ./Drivers/STM32F1xx_HAL_Driver/Src/stm32f1xx_hal_flash.o
                0x0800605c                HAL_FLASH_Unlock
 .text.HAL_FLASH_Lock
                0x080060a8       0x20 ./Drivers/STM32F1xx_HAL_Driver/Src/stm32f1xx_hal_flash.o
                0x080060a8                HAL_FLASH_Lock
 .text.FLASH_Program_HalfWord
                0x080060c8       0x38 ./Drivers/STM32F1xx_HAL_Driver/Src/stm32f1xx_hal_flash.o
 .text.FLASH_WaitForLastOperation
                0x08006100       0x8c ./Drivers/STM32F1xx_HAL_Driver/Src/stm32f1xx_hal_flash.o
                0x08006100                FLASH_WaitForLastOperation
 .text.FLASH_SetErrorCode
                0x0800618c       0xa0 ./Drivers/STM32F1xx_HAL_Driver/Src/stm32f1xx_hal_flash.o
 .text.HAL_FLASHEx_Erase
                0x0800622c       0xd8 ./Drivers/STM32F1xx_HAL_Driver/Src/stm32f1xx_hal_flash_ex.o
                0x0800622c                HAL_FLASHEx_Erase
 .text.FLASH_MassErase
                0x08006304       0x38 ./Drivers/STM32F1xx_HAL_Driver/Src/stm32f1xx_hal_flash_ex.o
 .text.FLASH_PageErase
                0x0800633c       0x40 ./Drivers/STM32F1xx_HAL_Driver/Src/stm32f1xx_hal_flash_ex.o
                0x0800633c                FLASH_PageErase
 .text.HAL_GPIO_Init
                0x0800637c      0x308 ./Drivers/STM32F1xx_HAL_Driver/Src/stm32f1xx_hal_gpio.o
                0x0800637c                HAL_GPIO_Init
 .text.HAL_GPIO_DeInit
                0x08006684      0x178 ./Drivers/STM32F1xx_HAL_Driver/Src/stm32f1xx_hal_gpio.o
                0x08006684                HAL_GPIO_DeInit
 .text.HAL_GPIO_WritePin
                0x080067fc       0x30 ./Drivers/STM32F1xx_HAL_Driver/Src/stm32f1xx_hal_gpio.o
                0x080067fc                HAL_GPIO_WritePin
 .text.HAL_GPIO_TogglePin
                0x0800682c       0x32 ./Drivers/STM32F1xx_HAL_Driver/Src/stm32f1xx_hal_gpio.o
                0x0800682c                HAL_GPIO_TogglePin
 *fill*         0x0800685e        0x2 
 .text.HAL_I2C_Init
                0x08006860      0x288 ./Drivers/STM32F1xx_HAL_Driver/Src/stm32f1xx_hal_i2c.o
                0x08006860                HAL_I2C_Init
 .text.HAL_I2C_DeInit
                0x08006ae8       0x5e ./Drivers/STM32F1xx_HAL_Driver/Src/stm32f1xx_hal_i2c.o
                0x08006ae8                HAL_I2C_DeInit
 *fill*         0x08006b46        0x2 
 .text.HAL_I2C_Mem_Write
                0x08006b48      0x1f4 ./Drivers/STM32F1xx_HAL_Driver/Src/stm32f1xx_hal_i2c.o
                0x08006b48                HAL_I2C_Mem_Write
 .text.HAL_I2C_Mem_Read
                0x08006d3c      0x4e8 ./Drivers/STM32F1xx_HAL_Driver/Src/stm32f1xx_hal_i2c.o
                0x08006d3c                HAL_I2C_Mem_Read
 .text.I2C_RequestMemoryWrite
                0x08007224      0x12c ./Drivers/STM32F1xx_HAL_Driver/Src/stm32f1xx_hal_i2c.o
 .text.I2C_RequestMemoryRead
                0x08007350      0x1d0 ./Drivers/STM32F1xx_HAL_Driver/Src/stm32f1xx_hal_i2c.o
 .text.I2C_WaitOnFlagUntilTimeout
                0x08007520       0xf4 ./Drivers/STM32F1xx_HAL_Driver/Src/stm32f1xx_hal_i2c.o
 .text.I2C_WaitOnMasterAddressFlagUntilTimeout
                0x08007614      0x140 ./Drivers/STM32F1xx_HAL_Driver/Src/stm32f1xx_hal_i2c.o
 .text.I2C_WaitOnTXEFlagUntilTimeout
                0x08007754       0x90 ./Drivers/STM32F1xx_HAL_Driver/Src/stm32f1xx_hal_i2c.o
 .text.I2C_WaitOnBTFFlagUntilTimeout
                0x080077e4       0x90 ./Drivers/STM32F1xx_HAL_Driver/Src/stm32f1xx_hal_i2c.o
 .text.I2C_WaitOnRXNEFlagUntilTimeout
                0x08007874       0xba ./Drivers/STM32F1xx_HAL_Driver/Src/stm32f1xx_hal_i2c.o
 .text.I2C_IsAcknowledgeFailed
                0x0800792e       0x5c ./Drivers/STM32F1xx_HAL_Driver/Src/stm32f1xx_hal_i2c.o
 *fill*         0x0800798a        0x2 
 .text.HAL_RCC_OscConfig
                0x0800798c      0x504 ./Drivers/STM32F1xx_HAL_Driver/Src/stm32f1xx_hal_rcc.o
                0x0800798c                HAL_RCC_OscConfig
 .text.HAL_RCC_ClockConfig
                0x08007e90      0x1d4 ./Drivers/STM32F1xx_HAL_Driver/Src/stm32f1xx_hal_rcc.o
                0x08007e90                HAL_RCC_ClockConfig
 .text.HAL_RCC_GetSysClockFreq
                0x08008064       0xa8 ./Drivers/STM32F1xx_HAL_Driver/Src/stm32f1xx_hal_rcc.o
                0x08008064                HAL_RCC_GetSysClockFreq
 .text.HAL_RCC_GetHCLKFreq
                0x0800810c       0x14 ./Drivers/STM32F1xx_HAL_Driver/Src/stm32f1xx_hal_rcc.o
                0x0800810c                HAL_RCC_GetHCLKFreq
 .text.HAL_RCC_GetPCLK1Freq
                0x08008120       0x28 ./Drivers/STM32F1xx_HAL_Driver/Src/stm32f1xx_hal_rcc.o
                0x08008120                HAL_RCC_GetPCLK1Freq
 .text.HAL_RCC_GetPCLK2Freq
                0x08008148       0x28 ./Drivers/STM32F1xx_HAL_Driver/Src/stm32f1xx_hal_rcc.o
                0x08008148                HAL_RCC_GetPCLK2Freq
 .text.RCC_Delay
                0x08008170       0x3c ./Drivers/STM32F1xx_HAL_Driver/Src/stm32f1xx_hal_rcc.o
 .text.HAL_TIM_Base_Init
                0x080081ac       0x9e ./Drivers/STM32F1xx_HAL_Driver/Src/stm32f1xx_hal_tim.o
                0x080081ac                HAL_TIM_Base_Init
 .text.HAL_TIM_PWM_Init
                0x0800824a       0x9e ./Drivers/STM32F1xx_HAL_Driver/Src/stm32f1xx_hal_tim.o
                0x0800824a                HAL_TIM_PWM_Init
 .text.HAL_TIM_PWM_MspInit
                0x080082e8       0x12 ./Drivers/STM32F1xx_HAL_Driver/Src/stm32f1xx_hal_tim.o
                0x080082e8                HAL_TIM_PWM_MspInit
 *fill*         0x080082fa        0x2 
 .text.HAL_TIM_PWM_Start
                0x080082fc      0x144 ./Drivers/STM32F1xx_HAL_Driver/Src/stm32f1xx_hal_tim.o
                0x080082fc                HAL_TIM_PWM_Start
 .text.HAL_TIM_Encoder_Init
                0x08008440      0x144 ./Drivers/STM32F1xx_HAL_Driver/Src/stm32f1xx_hal_tim.o
                0x08008440                HAL_TIM_Encoder_Init
 .text.HAL_TIM_Encoder_Start
                0x08008584      0x11c ./Drivers/STM32F1xx_HAL_Driver/Src/stm32f1xx_hal_tim.o
                0x08008584                HAL_TIM_Encoder_Start
 .text.HAL_TIM_PWM_ConfigChannel
                0x080086a0      0x184 ./Drivers/STM32F1xx_HAL_Driver/Src/stm32f1xx_hal_tim.o
                0x080086a0                HAL_TIM_PWM_ConfigChannel
 .text.HAL_TIM_ConfigClockSource
                0x08008824      0x18e ./Drivers/STM32F1xx_HAL_Driver/Src/stm32f1xx_hal_tim.o
                0x08008824                HAL_TIM_ConfigClockSource
 *fill*         0x080089b2        0x2 
 .text.TIM_Base_SetConfig
                0x080089b4       0xdc ./Drivers/STM32F1xx_HAL_Driver/Src/stm32f1xx_hal_tim.o
                0x080089b4                TIM_Base_SetConfig
 .text.TIM_OC1_SetConfig
                0x08008a90       0xcc ./Drivers/STM32F1xx_HAL_Driver/Src/stm32f1xx_hal_tim.o
 .text.TIM_OC2_SetConfig
                0x08008b5c       0xd4 ./Drivers/STM32F1xx_HAL_Driver/Src/stm32f1xx_hal_tim.o
                0x08008b5c                TIM_OC2_SetConfig
 .text.TIM_OC3_SetConfig
                0x08008c30       0xd4 ./Drivers/STM32F1xx_HAL_Driver/Src/stm32f1xx_hal_tim.o
 .text.TIM_OC4_SetConfig
                0x08008d04       0x9c ./Drivers/STM32F1xx_HAL_Driver/Src/stm32f1xx_hal_tim.o
 .text.TIM_TI1_ConfigInputStage
                0x08008da0       0x5c ./Drivers/STM32F1xx_HAL_Driver/Src/stm32f1xx_hal_tim.o
 .text.TIM_TI2_ConfigInputStage
                0x08008dfc       0x5e ./Drivers/STM32F1xx_HAL_Driver/Src/stm32f1xx_hal_tim.o
 .text.TIM_ITRx_SetConfig
                0x08008e5a       0x34 ./Drivers/STM32F1xx_HAL_Driver/Src/stm32f1xx_hal_tim.o
 .text.TIM_ETR_SetConfig
                0x08008e8e       0x3e ./Drivers/STM32F1xx_HAL_Driver/Src/stm32f1xx_hal_tim.o
                0x08008e8e                TIM_ETR_SetConfig
 .text.TIM_CCxChannelCmd
                0x08008ecc       0x48 ./Drivers/STM32F1xx_HAL_Driver/Src/stm32f1xx_hal_tim.o
                0x08008ecc                TIM_CCxChannelCmd
 .text.HAL_TIMEx_MasterConfigSynchronization
                0x08008f14       0xbc ./Drivers/STM32F1xx_HAL_Driver/Src/stm32f1xx_hal_tim_ex.o
                0x08008f14                HAL_TIMEx_MasterConfigSynchronization
 .text.HAL_TIMEx_ConfigBreakDeadTime
                0x08008fd0       0xa2 ./Drivers/STM32F1xx_HAL_Driver/Src/stm32f1xx_hal_tim_ex.o
                0x08008fd0                HAL_TIMEx_ConfigBreakDeadTime
 .text.HAL_UART_Init
                0x08009072       0xa0 ./Drivers/STM32F1xx_HAL_Driver/Src/stm32f1xx_hal_uart.o
                0x08009072                HAL_UART_Init
 .text.HAL_UART_Transmit
                0x08009112      0x116 ./Drivers/STM32F1xx_HAL_Driver/Src/stm32f1xx_hal_uart.o
                0x08009112                HAL_UART_Transmit
 .text.HAL_UART_Receive_IT
                0x08009228       0x4a ./Drivers/STM32F1xx_HAL_Driver/Src/stm32f1xx_hal_uart.o
                0x08009228                HAL_UART_Receive_IT
 *fill*         0x08009272        0x2 
 .text.HAL_UART_IRQHandler
                0x08009274      0x524 ./Drivers/STM32F1xx_HAL_Driver/Src/stm32f1xx_hal_uart.o
                0x08009274                HAL_UART_IRQHandler
 .text.HAL_UART_TxCpltCallback
                0x08009798       0x12 ./Drivers/STM32F1xx_HAL_Driver/Src/stm32f1xx_hal_uart.o
                0x08009798                HAL_UART_TxCpltCallback
 .text.HAL_UARTEx_RxEventCallback
                0x080097aa       0x16 ./Drivers/STM32F1xx_HAL_Driver/Src/stm32f1xx_hal_uart.o
                0x080097aa                HAL_UARTEx_RxEventCallback
 .text.UART_WaitOnFlagUntilTimeout
                0x080097c0       0xb2 ./Drivers/STM32F1xx_HAL_Driver/Src/stm32f1xx_hal_uart.o
 .text.UART_Start_Receive_IT
                0x08009872       0x72 ./Drivers/STM32F1xx_HAL_Driver/Src/stm32f1xx_hal_uart.o
                0x08009872                UART_Start_Receive_IT
 .text.UART_EndRxTransfer
                0x080098e4       0xc4 ./Drivers/STM32F1xx_HAL_Driver/Src/stm32f1xx_hal_uart.o
 .text.UART_DMAAbortOnError
                0x080099a8       0x28 ./Drivers/STM32F1xx_HAL_Driver/Src/stm32f1xx_hal_uart.o
 .text.UART_Transmit_IT
                0x080099d0       0x9e ./Drivers/STM32F1xx_HAL_Driver/Src/stm32f1xx_hal_uart.o
 .text.UART_EndTransmit_IT
                0x08009a6e       0x30 ./Drivers/STM32F1xx_HAL_Driver/Src/stm32f1xx_hal_uart.o
 .text.UART_Receive_IT
                0x08009a9e      0x17c ./Drivers/STM32F1xx_HAL_Driver/Src/stm32f1xx_hal_uart.o
 *fill*         0x08009c1a        0x2 
 .text.UART_SetConfig
                0x08009c1c      0x11c ./Drivers/STM32F1xx_HAL_Driver/Src/stm32f1xx_hal_uart.o
 .text.memset   0x08009d38       0x10 F:/Software/STM32Cube/STM32CubeIDE_2.2.0/STM32CubeIDE/plugins/com.st.stm32cube.ide.mcu.externaltools.gnu-tools-for-stm32.14.3.rel1.win32_1.0.100.202602081740/tools/bin/../lib/gcc/arm-none-eabi/14.3.1/../../../../arm-none-eabi/lib/thumb/v7-m/nofp\libc_nano.a(libc_a-memset.o)
                0x08009d38                memset
 .text.__errno  0x08009d48        0xc F:/Software/STM32Cube/STM32CubeIDE_2.2.0/STM32CubeIDE/plugins/com.st.stm32cube.ide.mcu.externaltools.gnu-tools-for-stm32.14.3.rel1.win32_1.0.100.202602081740/tools/bin/../lib/gcc/arm-none-eabi/14.3.1/../../../../arm-none-eabi/lib/thumb/v7-m/nofp\libc_nano.a(libc_a-errno.o)
                0x08009d48                __errno
 .text.__libc_init_array
                0x08009d54       0x48 F:/Software/STM32Cube/STM32CubeIDE_2.2.0/STM32CubeIDE/plugins/com.st.stm32cube.ide.mcu.externaltools.gnu-tools-for-stm32.14.3.rel1.win32_1.0.100.202602081740/tools/bin/../lib/gcc/arm-none-eabi/14.3.1/../../../../arm-none-eabi/lib/thumb/v7-m/nofp\libc_nano.a(libc_a-init.o)
                0x08009d54                __libc_init_array
 .text.memcpy   0x08009d9c       0x1c F:/Software/STM32Cube/STM32CubeIDE_2.2.0/STM32CubeIDE/plugins/com.st.stm32cube.ide.mcu.externaltools.gnu-tools-for-stm32.14.3.rel1.win32_1.0.100.202602081740/tools/bin/../lib/gcc/arm-none-eabi/14.3.1/../../../../arm-none-eabi/lib/thumb/v7-m/nofp\libc_nano.a(libc_a-memcpy-stub.o)
                0x08009d9c                memcpy
 .text.atan2    0x08009db8        0x4 F:/Software/STM32Cube/STM32CubeIDE_2.2.0/STM32CubeIDE/plugins/com.st.stm32cube.ide.mcu.externaltools.gnu-tools-for-stm32.14.3.rel1.win32_1.0.100.202602081740/tools/bin/../lib/gcc/arm-none-eabi/14.3.1/../../../../arm-none-eabi/lib/thumb/v7-m/nofp\libm.a(libm_a-w_atan2.o)
                0x08009db8                atan2
 .text.sqrt     0x08009dbc       0x50 F:/Software/STM32Cube/STM32CubeIDE_2.2.0/STM32CubeIDE/plugins/com.st.stm32cube.ide.mcu.externaltools.gnu-tools-for-stm32.14.3.rel1.win32_1.0.100.202602081740/tools/bin/../lib/gcc/arm-none-eabi/14.3.1/../../../../arm-none-eabi/lib/thumb/v7-m/nofp\libm.a(libm_a-w_sqrt.o)
                0x08009dbc                sqrt
 *fill*         0x08009e0c        0x4 
 .text.atan     0x08009e10      0x338 F:/Software/STM32Cube/STM32CubeIDE_2.2.0/STM32CubeIDE/plugins/com.st.stm32cube.ide.mcu.externaltools.gnu-tools-for-stm32.14.3.rel1.win32_1.0.100.202602081740/tools/bin/../lib/gcc/arm-none-eabi/14.3.1/../../../../arm-none-eabi/lib/thumb/v7-m/nofp\libm.a(libm_a-s_atan.o)
                0x08009e10                atan
 .text.fabs     0x0800a148        0x8 F:/Software/STM32Cube/STM32CubeIDE_2.2.0/STM32CubeIDE/plugins/com.st.stm32cube.ide.mcu.externaltools.gnu-tools-for-stm32.14.3.rel1.win32_1.0.100.202602081740/tools/bin/../lib/gcc/arm-none-eabi/14.3.1/../../../../arm-none-eabi/lib/thumb/v7-m/nofp\libm.a(libm_a-s_fabs.o)
                0x0800a148                fabs
 .text.__ieee754_sqrt
                0x0800a150      0x1dc F:/Software/STM32Cube/STM32CubeIDE_2.2.0/STM32CubeIDE/plugins/com.st.stm32cube.ide.mcu.externaltools.gnu-tools-for-stm32.14.3.rel1.win32_1.0.100.202602081740/tools/bin/../lib/gcc/arm-none-eabi/14.3.1/../../../../arm-none-eabi/lib/thumb/v7-m/nofp\libm.a(libm_a-e_sqrt.o)
                0x0800a150                __ieee754_sqrt
 *fill*         0x0800a32c        0x4 
 .text.__ieee754_atan2
                0x0800a330      0x194 F:/Software/STM32Cube/STM32CubeIDE_2.2.0/STM32CubeIDE/plugins/com.st.stm32cube.ide.mcu.externaltools.gnu-tools-for-stm32.14.3.rel1.win32_1.0.100.202602081740/tools/bin/../lib/gcc/arm-none-eabi/14.3.1/../../../../arm-none-eabi/lib/thumb/v7-m/nofp\libm.a(libm_a-e_atan2.o)
                0x0800a330                __ieee754_atan2
 *(.glue_7)
 .glue_7        0x0800a4c4        0x0 linker stubs
 *(.glue_7t)
 .glue_7t       0x0800a4c4        0x0 linker stubs
 *(.eh_frame)
 .eh_frame      0x0800a4c4        0x0 F:/Software/STM32Cube/STM32CubeIDE_2.2.0/STM32CubeIDE/plugins/com.st.stm32cube.ide.mcu.externaltools.gnu-tools-for-stm32.14.3.rel1.win32_1.0.100.202602081740/tools/bin/../lib/gcc/arm-none-eabi/14.3.1/thumb/v7-m/nofp/crtbegin.o
 *(.init)
 .init          0x0800a4c4        0x4 F:/Software/STM32Cube/STM32CubeIDE_2.2.0/STM32CubeIDE/plugins/com.st.stm32cube.ide.mcu.externaltools.gnu-tools-for-stm32.14.3.rel1.win32_1.0.100.202602081740/tools/bin/../lib/gcc/arm-none-eabi/14.3.1/thumb/v7-m/nofp/crti.o
                0x0800a4c4                _init
 .init          0x0800a4c8        0x8 F:/Software/STM32Cube/STM32CubeIDE_2.2.0/STM32CubeIDE/plugins/com.st.stm32cube.ide.mcu.externaltools.gnu-tools-for-stm32.14.3.rel1.win32_1.0.100.202602081740/tools/bin/../lib/gcc/arm-none-eabi/14.3.1/thumb/v7-m/nofp/crtn.o
 *(.fini)
 .fini          0x0800a4d0        0x4 F:/Software/STM32Cube/STM32CubeIDE_2.2.0/STM32CubeIDE/plugins/com.st.stm32cube.ide.mcu.externaltools.gnu-tools-for-stm32.14.3.rel1.win32_1.0.100.202602081740/tools/bin/../lib/gcc/arm-none-eabi/14.3.1/thumb/v7-m/nofp/crti.o
                0x0800a4d0                _fini
 .fini          0x0800a4d4        0x8 F:/Software/STM32Cube/STM32CubeIDE_2.2.0/STM32CubeIDE/plugins/com.st.stm32cube.ide.mcu.externaltools.gnu-tools-for-stm32.14.3.rel1.win32_1.0.100.202602081740/tools/bin/../lib/gcc/arm-none-eabi/14.3.1/thumb/v7-m/nofp/crtn.o
                0x0800a4dc                        . = ALIGN (0x4)
                0x0800a4dc                        _etext = .

.vfp11_veneer   0x0800a4dc        0x0
 .vfp11_veneer  0x0800a4dc        0x0 linker stubs

.v4_bx          0x0800a4dc        0x0
 .v4_bx         0x0800a4dc        0x0 linker stubs

.iplt           0x0800a4dc        0x0
 .iplt          0x0800a4dc        0x0 F:/Software/STM32Cube/STM32CubeIDE_2.2.0/STM32CubeIDE/plugins/com.st.stm32cube.ide.mcu.externaltools.gnu-tools-for-stm32.14.3.rel1.win32_1.0.100.202602081740/tools/bin/../lib/gcc/arm-none-eabi/14.3.1/thumb/v7-m/nofp/crtbegin.o

.rodata         0x0800a4e0       0xb0
                0x0800a4e0                        . = ALIGN (0x4)
 *(.rodata)
 *(.rodata*)
 .rodata.AHBPrescTable
                0x0800a4e0       0x10 ./Core/Src/system_stm32f1xx.o
                0x0800a4e0                AHBPrescTable
 .rodata.APBPrescTable
                0x0800a4f0        0x8 ./Core/Src/system_stm32f1xx.o
                0x0800a4f0                APBPrescTable
 .rodata.aPLLMULFactorTable.1
                0x0800a4f8       0x10 ./Drivers/STM32F1xx_HAL_Driver/Src/stm32f1xx_hal_rcc.o
 .rodata.aPredivFactorTable.0
                0x0800a508        0x2 ./Drivers/STM32F1xx_HAL_Driver/Src/stm32f1xx_hal_rcc.o
 *fill*         0x0800a50a        0x6 
 .rodata.atanlo
                0x0800a510       0x20 F:/Software/STM32Cube/STM32CubeIDE_2.2.0/STM32CubeIDE/plugins/com.st.stm32cube.ide.mcu.externaltools.gnu-tools-for-stm32.14.3.rel1.win32_1.0.100.202602081740/tools/bin/../lib/gcc/arm-none-eabi/14.3.1/../../../../arm-none-eabi/lib/thumb/v7-m/nofp\libm.a(libm_a-s_atan.o)
 .rodata.atanhi
                0x0800a530       0x20 F:/Software/STM32Cube/STM32CubeIDE_2.2.0/STM32CubeIDE/plugins/com.st.stm32cube.ide.mcu.externaltools.gnu-tools-for-stm32.14.3.rel1.win32_1.0.100.202602081740/tools/bin/../lib/gcc/arm-none-eabi/14.3.1/../../../../arm-none-eabi/lib/thumb/v7-m/nofp\libm.a(libm_a-s_atan.o)
 .rodata.tiny   0x0800a550        0x8 F:/Software/STM32Cube/STM32CubeIDE_2.2.0/STM32CubeIDE/plugins/com.st.stm32cube.ide.mcu.externaltools.gnu-tools-for-stm32.14.3.rel1.win32_1.0.100.202602081740/tools/bin/../lib/gcc/arm-none-eabi/14.3.1/../../../../arm-none-eabi/lib/thumb/v7-m/nofp\libm.a(libm_a-e_sqrt.o)
 .rodata.one    0x0800a558        0x8 F:/Software/STM32Cube/STM32CubeIDE_2.2.0/STM32CubeIDE/plugins/com.st.stm32cube.ide.mcu.externaltools.gnu-tools-for-stm32.14.3.rel1.win32_1.0.100.202602081740/tools/bin/../lib/gcc/arm-none-eabi/14.3.1/../../../../arm-none-eabi/lib/thumb/v7-m/nofp\libm.a(libm_a-e_sqrt.o)
 .rodata.CSWTCH.9
                0x0800a560       0x18 F:/Software/STM32Cube/STM32CubeIDE_2.2.0/STM32CubeIDE/plugins/com.st.stm32cube.ide.mcu.externaltools.gnu-tools-for-stm32.14.3.rel1.win32_1.0.100.202602081740/tools/bin/../lib/gcc/arm-none-eabi/14.3.1/../../../../arm-none-eabi/lib/thumb/v7-m/nofp\libm.a(libm_a-e_atan2.o)
 .rodata.CSWTCH.8
                0x0800a578       0x18 F:/Software/STM32Cube/STM32CubeIDE_2.2.0/STM32CubeIDE/plugins/com.st.stm32cube.ide.mcu.externaltools.gnu-tools-for-stm32.14.3.rel1.win32_1.0.100.202602081740/tools/bin/../lib/gcc/arm-none-eabi/14.3.1/../../../../arm-none-eabi/lib/thumb/v7-m/nofp\libm.a(libm_a-e_atan2.o)
                0x0800a590                        . = ALIGN (0x4)

.ARM.extab      0x0800a590        0x0
                0x0800a590                        . = ALIGN (0x4)
 *(.ARM.extab* .gnu.linkonce.armextab.*)
                0x0800a590                        . = ALIGN (0x4)

.ARM            0x0800a590        0x0
                0x0800a590                        . = ALIGN (0x4)
                0x0800a590                        __exidx_start = .
 *(.ARM.exidx*)
                0x0800a590                        __exidx_end = .
                0x0800a590                        . = ALIGN (0x4)

.preinit_array  0x0800a590        0x0
                0x0800a590                        . = ALIGN (0x4)
                0x0800a590                        PROVIDE (__preinit_array_start = .)
 *(.preinit_array*)
                0x0800a590                        PROVIDE (__preinit_array_end = .)
                0x0800a590                        . = ALIGN (0x4)

.init_array     0x0800a590        0x4
                0x0800a590                        . = ALIGN (0x4)
                0x0800a590                        PROVIDE (__init_array_start = .)
 *(SORT_BY_NAME(.init_array.*))
 *(.init_array*)
 .init_array    0x0800a590        0x4 F:/Software/STM32Cube/STM32CubeIDE_2.2.0/STM32CubeIDE/plugins/com.st.stm32cube.ide.mcu.externaltools.gnu-tools-for-stm32.14.3.rel1.win32_1.0.100.202602081740/tools/bin/../lib/gcc/arm-none-eabi/14.3.1/thumb/v7-m/nofp/crtbegin.o
                0x0800a594                        PROVIDE (__init_array_end = .)
                0x0800a594                        . = ALIGN (0x4)

.fini_array     0x0800a594        0x4
                0x0800a594                        . = ALIGN (0x4)
                [!provide]                        PROVIDE (__fini_array_start = .)
 *(SORT_BY_NAME(.fini_array.*))
 *(.fini_array*)
 .fini_array    0x0800a594        0x4 F:/Software/STM32Cube/STM32CubeIDE_2.2.0/STM32CubeIDE/plugins/com.st.stm32cube.ide.mcu.externaltools.gnu-tools-for-stm32.14.3.rel1.win32_1.0.100.202602081740/tools/bin/../lib/gcc/arm-none-eabi/14.3.1/thumb/v7-m/nofp/crtbegin.o
                [!provide]                        PROVIDE (__fini_array_end = .)
                0x0800a598                        . = ALIGN (0x4)
                0x0800a598                        _sidata = LOADADDR (.data)

.rel.dyn        0x0800a598        0x0
 .rel.iplt      0x0800a598        0x0 F:/Software/STM32Cube/STM32CubeIDE_2.2.0/STM32CubeIDE/plugins/com.st.stm32cube.ide.mcu.externaltools.gnu-tools-for-stm32.14.3.rel1.win32_1.0.100.202602081740/tools/bin/../lib/gcc/arm-none-eabi/14.3.1/thumb/v7-m/nofp/crtbegin.o

.data           0x20000000      0x10c load address 0x0800a598
                0x20000000                        . = ALIGN (0x4)
                0x20000000                        _sdata = .
 *(.data)
 *(.data*)
 .data.trim_l_fwd
                0x20000000        0x1 ./Core/Src/main.o
 .data.trim_r_fwd
                0x20000001        0x1 ./Core/Src/main.o
 .data.trim_l_turn
                0x20000002        0x1 ./Core/Src/main.o
 .data.trim_r_turn
                0x20000003        0x1 ./Core/Src/main.o
 .data.pid_kp_L
                0x20000004        0x4 ./Core/Src/main.o
 .data.pid_kp_R
                0x20000008        0x4 ./Core/Src/main.o
 .data.pid_enabled
                0x2000000c        0x1 ./Core/Src/main.o
 *fill*         0x2000000d        0x3 
 .data.enc_wheel_circ_mm
                0x20000010        0x4 ./Core/Src/main.o
 .data.enc_ppr_l
                0x20000014        0x2 ./Core/Src/main.o
 .data.enc_ppr_r
                0x20000016        0x2 ./Core/Src/main.o
 .data.repeat_speed_pct
                0x20000018        0x2 ./Core/Src/main.o
 .data.was_turning.3
                0x2000001a        0x1 ./Core/Src/main.o
 *fill*         0x2000001b        0x5 
 .data.KalmanX  0x20000020       0x48 ./Core/Src/mpu6050.o
                0x20000020                KalmanX
 .data.KalmanY  0x20000068       0x48 ./Core/Src/mpu6050.o
                0x20000068                KalmanY
 .data.SystemCoreClock
                0x200000b0        0x4 ./Core/Src/system_stm32f1xx.o
                0x200000b0                SystemCoreClock
 .data.uwTickPrio
                0x200000b4        0x4 ./Drivers/STM32F1xx_HAL_Driver/Src/stm32f1xx_hal.o
                0x200000b4                uwTickPrio
 .data.uwTickFreq
                0x200000b8        0x1 ./Drivers/STM32F1xx_HAL_Driver/Src/stm32f1xx_hal.o
                0x200000b8                uwTickFreq
 *fill*         0x200000b9        0x3 
 .data._impure_ptr
                0x200000bc        0x4 F:/Software/STM32Cube/STM32CubeIDE_2.2.0/STM32CubeIDE/plugins/com.st.stm32cube.ide.mcu.externaltools.gnu-tools-for-stm32.14.3.rel1.win32_1.0.100.202602081740/tools/bin/../lib/gcc/arm-none-eabi/14.3.1/../../../../arm-none-eabi/lib/thumb/v7-m/nofp\libc_nano.a(libc_a-impure.o)
                0x200000bc                _impure_ptr
 .data._impure_data
                0x200000c0       0x4c F:/Software/STM32Cube/STM32CubeIDE_2.2.0/STM32CubeIDE/plugins/com.st.stm32cube.ide.mcu.externaltools.gnu-tools-for-stm32.14.3.rel1.win32_1.0.100.202602081740/tools/bin/../lib/gcc/arm-none-eabi/14.3.1/../../../../arm-none-eabi/lib/thumb/v7-m/nofp\libc_nano.a(libc_a-impure.o)
                0x200000c0                _impure_data
 *(.RamFunc)
 *(.RamFunc*)
                0x2000010c                        . = ALIGN (0x4)
                0x2000010c                        _edata = .

.igot.plt       0x2000010c        0x0 load address 0x0800a6a4
 .igot.plt      0x2000010c        0x0 F:/Software/STM32Cube/STM32CubeIDE_2.2.0/STM32CubeIDE/plugins/com.st.stm32cube.ide.mcu.externaltools.gnu-tools-for-stm32.14.3.rel1.win32_1.0.100.202602081740/tools/bin/../lib/gcc/arm-none-eabi/14.3.1/thumb/v7-m/nofp/crtbegin.o
                0x2000010c                        . = ALIGN (0x4)

.bss            0x20000110      0x560 load address 0x0800a6a4
                0x20000110                        _sbss = .
                0x20000110                        __bss_start__ = _sbss
 *(.bss)
 .bss           0x20000110       0x1c F:/Software/STM32Cube/STM32CubeIDE_2.2.0/STM32CubeIDE/plugins/com.st.stm32cube.ide.mcu.externaltools.gnu-tools-for-stm32.14.3.rel1.win32_1.0.100.202602081740/tools/bin/../lib/gcc/arm-none-eabi/14.3.1/thumb/v7-m/nofp/crtbegin.o
 *(.bss*)
 .bss.hi2c1     0x2000012c       0x54 ./Core/Src/main.o
                0x2000012c                hi2c1
 .bss.htim1     0x20000180       0x48 ./Core/Src/main.o
                0x20000180                htim1
 .bss.htim2     0x200001c8       0x48 ./Core/Src/main.o
                0x200001c8                htim2
 .bss.htim3     0x20000210       0x48 ./Core/Src/main.o
                0x20000210                htim3
 .bss.huart2    0x20000258       0x48 ./Core/Src/main.o
                0x20000258                huart2
 .bss.agv_parser
                0x200002a0       0x94 ./Core/Src/main.o
 .bss.rx_byte   0x20000334        0x1 ./Core/Src/main.o
 *fill*         0x20000335        0x3 
 .bss.tx_buffer
                0x20000338       0x80 ./Core/Src/main.o
 .bss.current_left_dist_mm
                0x200003b8        0x4 ./Core/Src/main.o
 .bss.current_right_dist_mm
                0x200003bc        0x4 ./Core/Src/main.o
 .bss.current_yaw_deg_x10
                0x200003c0        0x2 ./Core/Src/main.o
 *fill*         0x200003c2        0x2 
 .bss.last_telemetry_time
                0x200003c4        0x4 ./Core/Src/main.o
 .bss.cmd_pending
                0x200003c8        0x1 ./Core/Src/main.o
 *fill*         0x200003c9        0x3 
 .bss.pending_pkt
                0x200003cc       0x46 ./Core/Src/main.o
 *fill*         0x20000412        0x2 
 .bss.pid_ki_L  0x20000414        0x4 ./Core/Src/main.o
 .bss.pid_kd_L  0x20000418        0x4 ./Core/Src/main.o
 .bss.pid_ki_R  0x2000041c        0x4 ./Core/Src/main.o
 .bss.pid_kd_R  0x20000420        0x4 ./Core/Src/main.o
 .bss.pid_integral_L
                0x20000424        0x4 ./Core/Src/main.o
 .bss.pid_integral_R
                0x20000428        0x4 ./Core/Src/main.o
 .bss.target_rpm_L
                0x2000042c        0x4 ./Core/Src/main.o
 .bss.target_rpm_R
                0x20000430        0x4 ./Core/Src/main.o
 .bss.last_pid_time
                0x20000434        0x4 ./Core/Src/main.o
 .bss.last_tof_time
                0x20000438        0x4 ./Core/Src/main.o
 .bss.cached_tof_l
                0x2000043c        0x2 ./Core/Src/main.o
 .bss.cached_tof_c
                0x2000043e        0x2 ./Core/Src/main.o
 .bss.cached_tof_r
                0x20000440        0x2 ./Core/Src/main.o
 *fill*         0x20000442        0x2 
 .bss.tof_left  0x20000444       0x14 ./Core/Src/main.o
 .bss.tof_center
                0x20000458       0x14 ./Core/Src/main.o
 .bss.tof_right
                0x2000046c       0x14 ./Core/Src/main.o
 .bss.mpu_data  0x20000480       0x58 ./Core/Src/main.o
 .bss.current_yaw_float
                0x200004d8        0x4 ./Core/Src/main.o
 .bss.gyro_z_offset
                0x200004dc        0x4 ./Core/Src/main.o
 .bss.calibrating_imu
                0x200004e0        0x1 ./Core/Src/main.o
 *fill*         0x200004e1        0x1 
 .bss.calib_samples
                0x200004e2        0x2 ./Core/Src/main.o
 .bss.calib_sum
                0x200004e4        0x4 ./Core/Src/main.o
 .bss.i2c_error_count
                0x200004e8        0x4 ./Core/Src/main.o
 .bss.last_led_time.6
                0x200004ec        0x4 ./Core/Src/main.o
 .bss.last_enc_l.5
                0x200004f0        0x4 ./Core/Src/main.o
 .bss.last_enc_r.4
                0x200004f4        0x4 ./Core/Src/main.o
 .bss.target_heading.2
                0x200004f8        0x4 ./Core/Src/main.o
 .bss.prev_actual_rpm_L.1
                0x200004fc        0x4 ./Core/Src/main.o
 .bss.prev_actual_rpm_R.0
                0x20000500        0x4 ./Core/Src/main.o
 .bss.timer     0x20000504        0x4 ./Core/Src/mpu6050.o
                0x20000504                timer
 .bss.msgBuffer
                0x20000508        0x4 ./Core/Src/vl53l0x.o
                0x20000508                msgBuffer
 .bss.i2cStat   0x2000050c        0x1 ./Core/Src/vl53l0x.o
                0x2000050c                i2cStat
 *fill*         0x2000050d        0x3 
 .bss.uwTick    0x20000510        0x4 ./Drivers/STM32F1xx_HAL_Driver/Src/stm32f1xx_hal.o
                0x20000510                uwTick
 *fill*         0x20000514        0x4 
 .bss.pFlash    0x20000518       0x20 ./Drivers/STM32F1xx_HAL_Driver/Src/stm32f1xx_hal_flash.o
                0x20000518                pFlash
 .bss.__sf      0x20000538      0x138 F:/Software/STM32Cube/STM32CubeIDE_2.2.0/STM32CubeIDE/plugins/com.st.stm32cube.ide.mcu.externaltools.gnu-tools-for-stm32.14.3.rel1.win32_1.0.100.202602081740/tools/bin/../lib/gcc/arm-none-eabi/14.3.1/../../../../arm-none-eabi/lib/thumb/v7-m/nofp\libc_nano.a(libc_a-findfp.o)
                0x20000538                __sf
 *(COMMON)
                0x20000670                        . = ALIGN (0x4)
                0x20000670                        _ebss = .
                0x20000670                        __bss_end__ = _ebss

._user_heap_stack
                0x20000670      0xa00 load address 0x0800a6a4
                0x20000670                        . = ALIGN (0x8)
                [!provide]                        PROVIDE (end = .)
                0x20000670                        PROVIDE (_end = .)
                0x20000870                        . = (. + _Min_Heap_Size)
 *fill*         0x20000670      0x200 
                0x20001070                        . = (. + _Min_Stack_Size)
 *fill*         0x20000870      0x800 
                0x20001070                        . = ALIGN (0x8)

/DISCARD/
 libc.a(*)
 libm.a(*)
 libgcc.a(*)

.ARM.attributes
                0x00000000       0x29
 *(.ARM.attributes)
 .ARM.attributes
                0x00000000       0x1d F:/Software/STM32Cube/STM32CubeIDE_2.2.0/STM32CubeIDE/plugins/com.st.stm32cube.ide.mcu.externaltools.gnu-tools-for-stm32.14.3.rel1.win32_1.0.100.202602081740/tools/bin/../lib/gcc/arm-none-eabi/14.3.1/thumb/v7-m/nofp/crti.o
 .ARM.attributes
                0x0000001d       0x2d F:/Software/STM32Cube/STM32CubeIDE_2.2.0/STM32CubeIDE/plugins/com.st.stm32cube.ide.mcu.externaltools.gnu-tools-for-stm32.14.3.rel1.win32_1.0.100.202602081740/tools/bin/../lib/gcc/arm-none-eabi/14.3.1/thumb/v7-m/nofp/crtbegin.o
 .ARM.attributes
                0x0000004a       0x2d ./AGV_Communication/agv_stm32_c.o
 .ARM.attributes
                0x00000077       0x2d ./Core/Src/main.o
 .ARM.attributes
                0x000000a4       0x2d ./Core/Src/motor.o
 .ARM.attributes
                0x000000d1       0x2d ./Core/Src/mpu6050.o
 .ARM.attributes
                0x000000fe       0x2d ./Core/Src/stm32f1xx_hal_msp.o
 .ARM.attributes
                0x0000012b       0x2d ./Core/Src/stm32f1xx_it.o
 .ARM.attributes
                0x00000158       0x2d ./Core/Src/system_stm32f1xx.o
 .ARM.attributes
                0x00000185       0x2d ./Core/Src/vl53l0x.o
 .ARM.attributes
                0x000001b2       0x21 ./Core/Startup/startup_stm32f103c8tx.o
 .ARM.attributes
                0x000001d3       0x2d ./Drivers/STM32F1xx_HAL_Driver/Src/stm32f1xx_hal.o
 .ARM.attributes
                0x00000200       0x2d ./Drivers/STM32F1xx_HAL_Driver/Src/stm32f1xx_hal_cortex.o
 .ARM.attributes
                0x0000022d       0x2d ./Drivers/STM32F1xx_HAL_Driver/Src/stm32f1xx_hal_dma.o
 .ARM.attributes
                0x0000025a       0x2d ./Drivers/STM32F1xx_HAL_Driver/Src/stm32f1xx_hal_flash.o
 .ARM.attributes
                0x00000287       0x2d ./Drivers/STM32F1xx_HAL_Driver/Src/stm32f1xx_hal_flash_ex.o
 .ARM.attributes
                0x000002b4       0x2d ./Drivers/STM32F1xx_HAL_Driver/Src/stm32f1xx_hal_gpio.o
 .ARM.attributes
                0x000002e1       0x2d ./Drivers/STM32F1xx_HAL_Driver/Src/stm32f1xx_hal_i2c.o
 .ARM.attributes
                0x0000030e       0x2d ./Drivers/STM32F1xx_HAL_Driver/Src/stm32f1xx_hal_rcc.o
 .ARM.attributes
                0x0000033b       0x2d ./Drivers/STM32F1xx_HAL_Driver/Src/stm32f1xx_hal_tim.o
 .ARM.attributes
                0x00000368       0x2d ./Drivers/STM32F1xx_HAL_Driver/Src/stm32f1xx_hal_tim_ex.o
 .ARM.attributes
                0x00000395       0x2d ./Drivers/STM32F1xx_HAL_Driver/Src/stm32f1xx_hal_uart.o
 .ARM.attributes
                0x000003c2       0x2d F:/Software/STM32Cube/STM32CubeIDE_2.2.0/STM32CubeIDE/plugins/com.st.stm32cube.ide.mcu.externaltools.gnu-tools-for-stm32.14.3.rel1.win32_1.0.100.202602081740/tools/bin/../lib/gcc/arm-none-eabi/14.3.1/../../../../arm-none-eabi/lib/thumb/v7-m/nofp\libc_nano.a(libc_a-findfp.o)
 .ARM.attributes
                0x000003ef       0x2d F:/Software/STM32Cube/STM32CubeIDE_2.2.0/STM32CubeIDE/plugins/com.st.stm32cube.ide.mcu.externaltools.gnu-tools-for-stm32.14.3.rel1.win32_1.0.100.202602081740/tools/bin/../lib/gcc/arm-none-eabi/14.3.1/../../../../arm-none-eabi/lib/thumb/v7-m/nofp\libc_nano.a(libc_a-memset.o)
 .ARM.attributes
                0x0000041c       0x2d F:/Software/STM32Cube/STM32CubeIDE_2.2.0/STM32CubeIDE/plugins/com.st.stm32cube.ide.mcu.externaltools.gnu-tools-for-stm32.14.3.rel1.win32_1.0.100.202602081740/tools/bin/../lib/gcc/arm-none-eabi/14.3.1/../../../../arm-none-eabi/lib/thumb/v7-m/nofp\libc_nano.a(libc_a-impure.o)
 .ARM.attributes
                0x00000449       0x2d F:/Software/STM32Cube/STM32CubeIDE_2.2.0/STM32CubeIDE/plugins/com.st.stm32cube.ide.mcu.externaltools.gnu-tools-for-stm32.14.3.rel1.win32_1.0.100.202602081740/tools/bin/../lib/gcc/arm-none-eabi/14.3.1/../../../../arm-none-eabi/lib/thumb/v7-m/nofp\libc_nano.a(libc_a-errno.o)
 .ARM.attributes
                0x00000476       0x2d F:/Software/STM32Cube/STM32CubeIDE_2.2.0/STM32CubeIDE/plugins/com.st.stm32cube.ide.mcu.externaltools.gnu-tools-for-stm32.14.3.rel1.win32_1.0.100.202602081740/tools/bin/../lib/gcc/arm-none-eabi/14.3.1/../../../../arm-none-eabi/lib/thumb/v7-m/nofp\libc_nano.a(libc_a-init.o)
 .ARM.attributes
                0x000004a3       0x2d F:/Software/STM32Cube/STM32CubeIDE_2.2.0/STM32CubeIDE/plugins/com.st.stm32cube.ide.mcu.externaltools.gnu-tools-for-stm32.14.3.rel1.win32_1.0.100.202602081740/tools/bin/../lib/gcc/arm-none-eabi/14.3.1/../../../../arm-none-eabi/lib/thumb/v7-m/nofp\libc_nano.a(libc_a-memcpy-stub.o)
 .ARM.attributes
                0x000004d0       0x2d F:/Software/STM32Cube/STM32CubeIDE_2.2.0/STM32CubeIDE/plugins/com.st.stm32cube.ide.mcu.externaltools.gnu-tools-for-stm32.14.3.rel1.win32_1.0.100.202602081740/tools/bin/../lib/gcc/arm-none-eabi/14.3.1/../../../../arm-none-eabi/lib/thumb/v7-m/nofp\libm.a(libm_a-w_atan2.o)
 .ARM.attributes
                0x000004fd       0x2d F:/Software/STM32Cube/STM32CubeIDE_2.2.0/STM32CubeIDE/plugins/com.st.stm32cube.ide.mcu.externaltools.gnu-tools-for-stm32.14.3.rel1.win32_1.0.100.202602081740/tools/bin/../lib/gcc/arm-none-eabi/14.3.1/../../../../arm-none-eabi/lib/thumb/v7-m/nofp\libm.a(libm_a-w_sqrt.o)
 .ARM.attributes
                0x0000052a       0x2d F:/Software/STM32Cube/STM32CubeIDE_2.2.0/STM32CubeIDE/plugins/com.st.stm32cube.ide.mcu.externaltools.gnu-tools-for-stm32.14.3.rel1.win32_1.0.100.202602081740/tools/bin/../lib/gcc/arm-none-eabi/14.3.1/../../../../arm-none-eabi/lib/thumb/v7-m/nofp\libm.a(libm_a-s_atan.o)
 .ARM.attributes
                0x00000557       0x2d F:/Software/STM32Cube/STM32CubeIDE_2.2.0/STM32CubeIDE/plugins/com.st.stm32cube.ide.mcu.externaltools.gnu-tools-for-stm32.14.3.rel1.win32_1.0.100.202602081740/tools/bin/../lib/gcc/arm-none-eabi/14.3.1/../../../../arm-none-eabi/lib/thumb/v7-m/nofp\libm.a(libm_a-s_fabs.o)
 .ARM.attributes
                0x00000584       0x2d F:/Software/STM32Cube/STM32CubeIDE_2.2.0/STM32CubeIDE/plugins/com.st.stm32cube.ide.mcu.externaltools.gnu-tools-for-stm32.14.3.rel1.win32_1.0.100.202602081740/tools/bin/../lib/gcc/arm-none-eabi/14.3.1/../../../../arm-none-eabi/lib/thumb/v7-m/nofp\libm.a(libm_a-e_sqrt.o)
 .ARM.attributes
                0x000005b1       0x2d F:/Software/STM32Cube/STM32CubeIDE_2.2.0/STM32CubeIDE/plugins/com.st.stm32cube.ide.mcu.externaltools.gnu-tools-for-stm32.14.3.rel1.win32_1.0.100.202602081740/tools/bin/../lib/gcc/arm-none-eabi/14.3.1/../../../../arm-none-eabi/lib/thumb/v7-m/nofp\libm.a(libm_a-e_atan2.o)
 .ARM.attributes
                0x000005de       0x1d F:/Software/STM32Cube/STM32CubeIDE_2.2.0/STM32CubeIDE/plugins/com.st.stm32cube.ide.mcu.externaltools.gnu-tools-for-stm32.14.3.rel1.win32_1.0.100.202602081740/tools/bin/../lib/gcc/arm-none-eabi/14.3.1/thumb/v7-m/nofp\libgcc.a(_arm_addsubdf3.o)
 .ARM.attributes
                0x000005fb       0x1d F:/Software/STM32Cube/STM32CubeIDE_2.2.0/STM32CubeIDE/plugins/com.st.stm32cube.ide.mcu.externaltools.gnu-tools-for-stm32.14.3.rel1.win32_1.0.100.202602081740/tools/bin/../lib/gcc/arm-none-eabi/14.3.1/thumb/v7-m/nofp\libgcc.a(_arm_muldivdf3.o)
 .ARM.attributes
                0x00000618       0x1d F:/Software/STM32Cube/STM32CubeIDE_2.2.0/STM32CubeIDE/plugins/com.st.stm32cube.ide.mcu.externaltools.gnu-tools-for-stm32.14.3.rel1.win32_1.0.100.202602081740/tools/bin/../lib/gcc/arm-none-eabi/14.3.1/thumb/v7-m/nofp\libgcc.a(_arm_cmpdf2.o)
 .ARM.attributes
                0x00000635       0x1d F:/Software/STM32Cube/STM32CubeIDE_2.2.0/STM32CubeIDE/plugins/com.st.stm32cube.ide.mcu.externaltools.gnu-tools-for-stm32.14.3.rel1.win32_1.0.100.202602081740/tools/bin/../lib/gcc/arm-none-eabi/14.3.1/thumb/v7-m/nofp\libgcc.a(_arm_unorddf2.o)
 .ARM.attributes
                0x00000652       0x1d F:/Software/STM32Cube/STM32CubeIDE_2.2.0/STM32CubeIDE/plugins/com.st.stm32cube.ide.mcu.externaltools.gnu-tools-for-stm32.14.3.rel1.win32_1.0.100.202602081740/tools/bin/../lib/gcc/arm-none-eabi/14.3.1/thumb/v7-m/nofp\libgcc.a(_arm_truncdfsf2.o)
 .ARM.attributes
                0x0000066f       0x1d F:/Software/STM32Cube/STM32CubeIDE_2.2.0/STM32CubeIDE/plugins/com.st.stm32cube.ide.mcu.externaltools.gnu-tools-for-stm32.14.3.rel1.win32_1.0.100.202602081740/tools/bin/../lib/gcc/arm-none-eabi/14.3.1/thumb/v7-m/nofp\libgcc.a(_arm_addsubsf3.o)
 .ARM.attributes
                0x0000068c       0x1d F:/Software/STM32Cube/STM32CubeIDE_2.2.0/STM32CubeIDE/plugins/com.st.stm32cube.ide.mcu.externaltools.gnu-tools-for-stm32.14.3.rel1.win32_1.0.100.202602081740/tools/bin/../lib/gcc/arm-none-eabi/14.3.1/thumb/v7-m/nofp\libgcc.a(_arm_muldivsf3.o)
 .ARM.attributes
                0x000006a9       0x1d F:/Software/STM32Cube/STM32CubeIDE_2.2.0/STM32CubeIDE/plugins/com.st.stm32cube.ide.mcu.externaltools.gnu-tools-for-stm32.14.3.rel1.win32_1.0.100.202602081740/tools/bin/../lib/gcc/arm-none-eabi/14.3.1/thumb/v7-m/nofp\libgcc.a(_arm_cmpsf2.o)
 .ARM.attributes
                0x000006c6       0x1d F:/Software/STM32Cube/STM32CubeIDE_2.2.0/STM32CubeIDE/plugins/com.st.stm32cube.ide.mcu.externaltools.gnu-tools-for-stm32.14.3.rel1.win32_1.0.100.202602081740/tools/bin/../lib/gcc/arm-none-eabi/14.3.1/thumb/v7-m/nofp\libgcc.a(_arm_fixsfsi.o)
 .ARM.attributes
                0x000006e3       0x1d F:/Software/STM32Cube/STM32CubeIDE_2.2.0/STM32CubeIDE/plugins/com.st.stm32cube.ide.mcu.externaltools.gnu-tools-for-stm32.14.3.rel1.win32_1.0.100.202602081740/tools/bin/../lib/gcc/arm-none-eabi/14.3.1/thumb/v7-m/nofp\libgcc.a(_arm_fixunssfsi.o)
 .ARM.attributes
                0x00000700       0x1d F:/Software/STM32Cube/STM32CubeIDE_2.2.0/STM32CubeIDE/plugins/com.st.stm32cube.ide.mcu.externaltools.gnu-tools-for-stm32.14.3.rel1.win32_1.0.100.202602081740/tools/bin/../lib/gcc/arm-none-eabi/14.3.1/thumb/v7-m/nofp/crtn.o
OUTPUT(TARSLift_AGV.elf elf32-littlearm)
LOAD linker stubs
LOAD F:/Software/STM32Cube/STM32CubeIDE_2.2.0/STM32CubeIDE/plugins/com.st.stm32cube.ide.mcu.externaltools.gnu-tools-for-stm32.14.3.rel1.win32_1.0.100.202602081740/tools/bin/../lib/gcc/arm-none-eabi/14.3.1/../../../../arm-none-eabi/lib/thumb/v7-m/nofp\libc.a
LOAD F:/Software/STM32Cube/STM32CubeIDE_2.2.0/STM32CubeIDE/plugins/com.st.stm32cube.ide.mcu.externaltools.gnu-tools-for-stm32.14.3.rel1.win32_1.0.100.202602081740/tools/bin/../lib/gcc/arm-none-eabi/14.3.1/../../../../arm-none-eabi/lib/thumb/v7-m/nofp\libm.a
LOAD F:/Software/STM32Cube/STM32CubeIDE_2.2.0/STM32CubeIDE/plugins/com.st.stm32cube.ide.mcu.externaltools.gnu-tools-for-stm32.14.3.rel1.win32_1.0.100.202602081740/tools/bin/../lib/gcc/arm-none-eabi/14.3.1/thumb/v7-m/nofp\libgcc.a

.debug_info     0x00000000    0x1402c
 .debug_info    0x00000000     0x1097 ./AGV_Communication/agv_stm32_c.o
 .debug_info    0x00001097     0x2a25 ./Core/Src/main.o
 .debug_info    0x00003abc      0x72e ./Core/Src/motor.o
 .debug_info    0x000041ea      0xa99 ./Core/Src/mpu6050.o
 .debug_info    0x00004c83     0x1164 ./Core/Src/stm32f1xx_hal_msp.o
 .debug_info    0x00005de7      0x778 ./Core/Src/stm32f1xx_it.o
 .debug_info    0x0000655f      0x222 ./Core/Src/system_stm32f1xx.o
 .debug_info    0x00006781     0x142a ./Core/Src/vl53l0x.o
 .debug_info    0x00007bab       0x30 ./Core/Startup/startup_stm32f103c8tx.o
 .debug_info    0x00007bdb      0x704 ./Drivers/STM32F1xx_HAL_Driver/Src/stm32f1xx_hal.o
 .debug_info    0x000082df      0xa87 ./Drivers/STM32F1xx_HAL_Driver/Src/stm32f1xx_hal_cortex.o
 .debug_info    0x00008d66      0x6d2 ./Drivers/STM32F1xx_HAL_Driver/Src/stm32f1xx_hal_dma.o
 .debug_info    0x00009438      0x4f8 ./Drivers/STM32F1xx_HAL_Driver/Src/stm32f1xx_hal_flash.o
 .debug_info    0x00009930      0x777 ./Drivers/STM32F1xx_HAL_Driver/Src/stm32f1xx_hal_flash_ex.o
 .debug_info    0x0000a0a7      0x5ab ./Drivers/STM32F1xx_HAL_Driver/Src/stm32f1xx_hal_gpio.o
 .debug_info    0x0000a652     0x2524 ./Drivers/STM32F1xx_HAL_Driver/Src/stm32f1xx_hal_i2c.o
 .debug_info    0x0000cb76      0x7d5 ./Drivers/STM32F1xx_HAL_Driver/Src/stm32f1xx_hal_rcc.o
 .debug_info    0x0000d34b     0x2959 ./Drivers/STM32F1xx_HAL_Driver/Src/stm32f1xx_hal_tim.o
 .debug_info    0x0000fca4     0x149b ./Drivers/STM32F1xx_HAL_Driver/Src/stm32f1xx_hal_tim_ex.o
 .debug_info    0x0001113f     0x2eed ./Drivers/STM32F1xx_HAL_Driver/Src/stm32f1xx_hal_uart.o

.debug_abbrev   0x00000000     0x2c41
 .debug_abbrev  0x00000000      0x203 ./AGV_Communication/agv_stm32_c.o
 .debug_abbrev  0x00000203      0x34f ./Core/Src/main.o
 .debug_abbrev  0x00000552      0x1a2 ./Core/Src/motor.o
 .debug_abbrev  0x000006f4      0x220 ./Core/Src/mpu6050.o
 .debug_abbrev  0x00000914      0x254 ./Core/Src/stm32f1xx_hal_msp.o
 .debug_abbrev  0x00000b68      0x18c ./Core/Src/stm32f1xx_it.o
 .debug_abbrev  0x00000cf4      0x13f ./Core/Src/system_stm32f1xx.o
 .debug_abbrev  0x00000e33      0x33e ./Core/Src/vl53l0x.o
 .debug_abbrev  0x00001171       0x24 ./Core/Startup/startup_stm32f103c8tx.o
 .debug_abbrev  0x00001195      0x201 ./Drivers/STM32F1xx_HAL_Driver/Src/stm32f1xx_hal.o
 .debug_abbrev  0x00001396      0x2f8 ./Drivers/STM32F1xx_HAL_Driver/Src/stm32f1xx_hal_cortex.o
 .debug_abbrev  0x0000168e      0x20b ./Drivers/STM32F1xx_HAL_Driver/Src/stm32f1xx_hal_dma.o
 .debug_abbrev  0x00001899      0x250 ./Drivers/STM32F1xx_HAL_Driver/Src/stm32f1xx_hal_flash.o
 .debug_abbrev  0x00001ae9      0x247 ./Drivers/STM32F1xx_HAL_Driver/Src/stm32f1xx_hal_flash_ex.o
 .debug_abbrev  0x00001d30      0x1ca ./Drivers/STM32F1xx_HAL_Driver/Src/stm32f1xx_hal_gpio.o
 .debug_abbrev  0x00001efa      0x2a3 ./Drivers/STM32F1xx_HAL_Driver/Src/stm32f1xx_hal_i2c.o
 .debug_abbrev  0x0000219d      0x2b3 ./Drivers/STM32F1xx_HAL_Driver/Src/stm32f1xx_hal_rcc.o
 .debug_abbrev  0x00002450      0x277 ./Drivers/STM32F1xx_HAL_Driver/Src/stm32f1xx_hal_tim.o
 .debug_abbrev  0x000026c7      0x282 ./Drivers/STM32F1xx_HAL_Driver/Src/stm32f1xx_hal_tim_ex.o
 .debug_abbrev  0x00002949      0x2f8 ./Drivers/STM32F1xx_HAL_Driver/Src/stm32f1xx_hal_uart.o

.debug_aranges  0x00000000     0x12b8
 .debug_aranges
                0x00000000      0x118 ./AGV_Communication/agv_stm32_c.o
 .debug_aranges
                0x00000118       0x98 ./Core/Src/main.o
 .debug_aranges
                0x000001b0       0x28 ./Core/Src/motor.o
 .debug_aranges
                0x000001d8       0x48 ./Core/Src/mpu6050.o
 .debug_aranges
                0x00000220       0x68 ./Core/Src/stm32f1xx_hal_msp.o
 .debug_aranges
                0x00000288       0x70 ./Core/Src/stm32f1xx_it.o
 .debug_aranges
                0x000002f8       0x28 ./Core/Src/system_stm32f1xx.o
 .debug_aranges
                0x00000320      0x120 ./Core/Src/vl53l0x.o
 .debug_aranges
                0x00000440       0x28 ./Core/Startup/startup_stm32f103c8tx.o
 .debug_aranges
                0x00000468       0xe0 ./Drivers/STM32F1xx_HAL_Driver/Src/stm32f1xx_hal.o
 .debug_aranges
                0x00000548      0x100 ./Drivers/STM32F1xx_HAL_Driver/Src/stm32f1xx_hal_cortex.o
 .debug_aranges
                0x00000648       0x80 ./Drivers/STM32F1xx_HAL_Driver/Src/stm32f1xx_hal_dma.o
 .debug_aranges
                0x000006c8       0x88 ./Drivers/STM32F1xx_HAL_Driver/Src/stm32f1xx_hal_flash.o
 .debug_aranges
                0x00000750       0x98 ./Drivers/STM32F1xx_HAL_Driver/Src/stm32f1xx_hal_flash_ex.o
 .debug_aranges
                0x000007e8       0x58 ./Drivers/STM32F1xx_HAL_Driver/Src/stm32f1xx_hal_gpio.o
 .debug_aranges
                0x00000840      0x2a8 ./Drivers/STM32F1xx_HAL_Driver/Src/stm32f1xx_hal_i2c.o
 .debug_aranges
                0x00000ae8       0x90 ./Drivers/STM32F1xx_HAL_Driver/Src/stm32f1xx_hal_rcc.o
 .debug_aranges
                0x00000b78      0x3d0 ./Drivers/STM32F1xx_HAL_Driver/Src/stm32f1xx_hal_tim.o
 .debug_aranges
                0x00000f48      0x168 ./Drivers/STM32F1xx_HAL_Driver/Src/stm32f1xx_hal_tim_ex.o
 .debug_aranges
                0x000010b0      0x208 ./Drivers/STM32F1xx_HAL_Driver/Src/stm32f1xx_hal_uart.o

.debug_rnglists
                0x00000000      0xf3c
 .debug_rnglists
                0x00000000       0xd9 ./AGV_Communication/agv_stm32_c.o
 .debug_rnglists
                0x000000d9       0xec ./Core/Src/main.o
 .debug_rnglists
                0x000001c5       0x1a ./Core/Src/motor.o
 .debug_rnglists
                0x000001df       0x36 ./Core/Src/mpu6050.o
 .debug_rnglists
                0x00000215       0x4b ./Core/Src/stm32f1xx_hal_msp.o
 .debug_rnglists
                0x00000260       0x4f ./Core/Src/stm32f1xx_it.o
 .debug_rnglists
                0x000002af       0x1a ./Core/Src/system_stm32f1xx.o
 .debug_rnglists
                0x000002c9       0xdd ./Core/Src/vl53l0x.o
 .debug_rnglists
                0x000003a6       0x19 ./Core/Startup/startup_stm32f103c8tx.o
 .debug_rnglists
                0x000003bf       0xa3 ./Drivers/STM32F1xx_HAL_Driver/Src/stm32f1xx_hal.o
 .debug_rnglists
                0x00000462       0xbb ./Drivers/STM32F1xx_HAL_Driver/Src/stm32f1xx_hal_cortex.o
 .debug_rnglists
                0x0000051d       0x64 ./Drivers/STM32F1xx_HAL_Driver/Src/stm32f1xx_hal_dma.o
 .debug_rnglists
                0x00000581       0x66 ./Drivers/STM32F1xx_HAL_Driver/Src/stm32f1xx_hal_flash.o
 .debug_rnglists
                0x000005e7       0x73 ./Drivers/STM32F1xx_HAL_Driver/Src/stm32f1xx_hal_flash_ex.o
 .debug_rnglists
                0x0000065a       0x3f ./Drivers/STM32F1xx_HAL_Driver/Src/stm32f1xx_hal_gpio.o
 .debug_rnglists
                0x00000699      0x23c ./Drivers/STM32F1xx_HAL_Driver/Src/stm32f1xx_hal_i2c.o
 .debug_rnglists
                0x000008d5       0x6c ./Drivers/STM32F1xx_HAL_Driver/Src/stm32f1xx_hal_rcc.o
 .debug_rnglists
                0x00000941      0x31a ./Drivers/STM32F1xx_HAL_Driver/Src/stm32f1xx_hal_tim.o
 .debug_rnglists
                0x00000c5b      0x125 ./Drivers/STM32F1xx_HAL_Driver/Src/stm32f1xx_hal_tim_ex.o
 .debug_rnglists
                0x00000d80      0x1bc ./Drivers/STM32F1xx_HAL_Driver/Src/stm32f1xx_hal_uart.o

.debug_macro    0x00000000    0x18bba
 .debug_macro   0x00000000      0x152 ./AGV_Communication/agv_stm32_c.o
 .debug_macro   0x00000152      0xacc ./AGV_Communication/agv_stm32_c.o
 .debug_macro   0x00000c1e       0x22 ./AGV_Communication/agv_stm32_c.o
 .debug_macro   0x00000c40       0x8e ./AGV_Communication/agv_stm32_c.o
 .debug_macro   0x00000cce       0x51 ./AGV_Communication/agv_stm32_c.o
 .debug_macro   0x00000d1f      0x103 ./AGV_Communication/agv_stm32_c.o
 .debug_macro   0x00000e22       0x6a ./AGV_Communication/agv_stm32_c.o
 .debug_macro   0x00000e8c      0x1df ./AGV_Communication/agv_stm32_c.o
 .debug_macro   0x0000106b       0x22 ./AGV_Communication/agv_stm32_c.o
 .debug_macro   0x0000108d      0x190 ./AGV_Communication/agv_stm32_c.o
 .debug_macro   0x0000121d      0x10c ./AGV_Communication/agv_stm32_c.o
 .debug_macro   0x00001329       0x61 ./AGV_Communication/agv_stm32_c.o
 .debug_macro   0x0000138a       0x24 ./AGV_Communication/agv_stm32_c.o
 .debug_macro   0x000013ae       0x43 ./AGV_Communication/agv_stm32_c.o
 .debug_macro   0x000013f1       0x34 ./AGV_Communication/agv_stm32_c.o
 .debug_macro   0x00001425      0x364 ./AGV_Communication/agv_stm32_c.o
 .debug_macro   0x00001789       0x16 ./AGV_Communication/agv_stm32_c.o
 .debug_macro   0x0000179f       0x4a ./AGV_Communication/agv_stm32_c.o
 .debug_macro   0x000017e9       0x34 ./AGV_Communication/agv_stm32_c.o
 .debug_macro   0x0000181d       0x10 ./AGV_Communication/agv_stm32_c.o
 .debug_macro   0x0000182d       0x58 ./AGV_Communication/agv_stm32_c.o
 .debug_macro   0x00001885       0x8e ./AGV_Communication/agv_stm32_c.o
 .debug_macro   0x00001913       0x1c ./AGV_Communication/agv_stm32_c.o
 .debug_macro   0x0000192f      0x17e ./AGV_Communication/agv_stm32_c.o
 .debug_macro   0x00001aad       0x10 ./AGV_Communication/agv_stm32_c.o
 .debug_macro   0x00001abd       0x3c ./AGV_Communication/agv_stm32_c.o
 .debug_macro   0x00001af9       0x20 ./AGV_Communication/agv_stm32_c.o
 .debug_macro   0x00001b19      0x2d2 ./Core/Src/main.o
 .debug_macro   0x00001deb      0x221 ./Core/Src/main.o
 .debug_macro   0x0000200c       0x2e ./Core/Src/main.o
 .debug_macro   0x0000203a       0x22 ./Core/Src/main.o
 .debug_macro   0x0000205c       0x1c ./Core/Src/main.o
 .debug_macro   0x00002078       0x22 ./Core/Src/main.o
 .debug_macro   0x0000209a       0xbd ./Core/Src/main.o
 .debug_macro   0x00002157      0xd23 ./Core/Src/main.o
 .debug_macro   0x00002e7a     0xe09e ./Core/Src/main.o
 .debug_macro   0x00010f18       0x6d ./Core/Src/main.o
 .debug_macro   0x00010f85     0x34a2 ./Core/Src/main.o
 .debug_macro   0x00014427       0x5c ./Core/Src/main.o
 .debug_macro   0x00014483      0x5bc ./Core/Src/main.o
 .debug_macro   0x00014a3f      0x289 ./Core/Src/main.o
 .debug_macro   0x00014cc8      0x1cb ./Core/Src/main.o
 .debug_macro   0x00014e93      0x114 ./Core/Src/main.o
 .debug_macro   0x00014fa7      0x1b2 ./Core/Src/main.o
 .debug_macro   0x00015159       0x27 ./Core/Src/main.o
 .debug_macro   0x00015180      0x136 ./Core/Src/main.o
 .debug_macro   0x000152b6      0x1bc ./Core/Src/main.o
 .debug_macro   0x00015472       0x34 ./Core/Src/main.o
 .debug_macro   0x000154a6       0x3c ./Core/Src/main.o
 .debug_macro   0x000154e2       0x57 ./Core/Src/main.o
 .debug_macro   0x00015539       0x87 ./Core/Src/main.o
 .debug_macro   0x000155c0      0x240 ./Core/Src/main.o
 .debug_macro   0x00015800      0x287 ./Core/Src/main.o
 .debug_macro   0x00015a87      0x140 ./Core/Src/main.o
 .debug_macro   0x00015bc7      0x8ed ./Core/Src/main.o
 .debug_macro   0x000164b4      0x28e ./Core/Src/main.o
 .debug_macro   0x00016742       0x83 ./Core/Src/main.o
 .debug_macro   0x000167c5       0x70 ./Core/Src/main.o
 .debug_macro   0x00016835       0x40 ./Core/Src/main.o
 .debug_macro   0x00016875       0x2e ./Core/Src/main.o
 .debug_macro   0x000168a3      0x1cb ./Core/Src/motor.o
 .debug_macro   0x00016a6e      0x2a7 ./Core/Src/mpu6050.o
 .debug_macro   0x00016d15       0x5b ./Core/Src/mpu6050.o
 .debug_macro   0x00016d70       0x94 ./Core/Src/mpu6050.o
 .debug_macro   0x00016e04       0x57 ./Core/Src/mpu6050.o
 .debug_macro   0x00016e5b      0x19b ./Core/Src/mpu6050.o
 .debug_macro   0x00016ff6       0x56 ./Core/Src/mpu6050.o
 .debug_macro   0x0001704c      0x1bc ./Core/Src/stm32f1xx_hal_msp.o
 .debug_macro   0x00017208      0x1c6 ./Core/Src/stm32f1xx_it.o
 .debug_macro   0x000173ce      0x1ad ./Core/Src/system_stm32f1xx.o
 .debug_macro   0x0001757b      0x2a5 ./Core/Src/vl53l0x.o
 .debug_macro   0x00017820       0x28 ./Core/Src/vl53l0x.o
 .debug_macro   0x00017848      0x1d1 ./Drivers/STM32F1xx_HAL_Driver/Src/stm32f1xx_hal.o
 .debug_macro   0x00017a19      0x1ad ./Drivers/STM32F1xx_HAL_Driver/Src/stm32f1xx_hal_cortex.o
 .debug_macro   0x00017bc6      0x1ad ./Drivers/STM32F1xx_HAL_Driver/Src/stm32f1xx_hal_dma.o
 .debug_macro   0x00017d73      0x1ad ./Drivers/STM32F1xx_HAL_Driver/Src/stm32f1xx_hal_flash.o
 .debug_macro   0x00017f20      0x1bf ./Drivers/STM32F1xx_HAL_Driver/Src/stm32f1xx_hal_flash_ex.o
 .debug_macro   0x000180df      0x218 ./Drivers/STM32F1xx_HAL_Driver/Src/stm32f1xx_hal_gpio.o
 .debug_macro   0x000182f7      0x1fb ./Drivers/STM32F1xx_HAL_Driver/Src/stm32f1xx_hal_i2c.o
 .debug_macro   0x000184f2      0x1bf ./Drivers/STM32F1xx_HAL_Driver/Src/stm32f1xx_hal_rcc.o
 .debug_macro   0x000186b1      0x1ae ./Drivers/STM32F1xx_HAL_Driver/Src/stm32f1xx_hal_tim.o
 .debug_macro   0x0001885f      0x1ad ./Drivers/STM32F1xx_HAL_Driver/Src/stm32f1xx_hal_tim_ex.o
 .debug_macro   0x00018a0c      0x1ae ./Drivers/STM32F1xx_HAL_Driver/Src/stm32f1xx_hal_uart.o

.debug_line     0x00000000    0x18305
 .debug_line    0x00000000     0x151b ./AGV_Communication/agv_stm32_c.o
 .debug_line    0x0000151b     0x15fa ./Core/Src/main.o
 .debug_line    0x00002b15      0x90a ./Core/Src/motor.o
 .debug_line    0x0000341f      0xd63 ./Core/Src/mpu6050.o
 .debug_line    0x00004182      0xa17 ./Core/Src/stm32f1xx_hal_msp.o
 .debug_line    0x00004b99      0x995 ./Core/Src/stm32f1xx_it.o
 .debug_line    0x0000552e      0x91e ./Core/Src/system_stm32f1xx.o
 .debug_line    0x00005e4c     0x13a0 ./Core/Src/vl53l0x.o
 .debug_line    0x000071ec       0x78 ./Core/Startup/startup_stm32f103c8tx.o
 .debug_line    0x00007264      0xb52 ./Drivers/STM32F1xx_HAL_Driver/Src/stm32f1xx_hal.o
 .debug_line    0x00007db6      0xd19 ./Drivers/STM32F1xx_HAL_Driver/Src/stm32f1xx_hal_cortex.o
 .debug_line    0x00008acf      0xf59 ./Drivers/STM32F1xx_HAL_Driver/Src/stm32f1xx_hal_dma.o
 .debug_line    0x00009a28      0xc09 ./Drivers/STM32F1xx_HAL_Driver/Src/stm32f1xx_hal_flash.o
 .debug_line    0x0000a631      0xd16 ./Drivers/STM32F1xx_HAL_Driver/Src/stm32f1xx_hal_flash_ex.o
 .debug_line    0x0000b347      0xba9 ./Drivers/STM32F1xx_HAL_Driver/Src/stm32f1xx_hal_gpio.o
 .debug_line    0x0000bef0     0x3d4c ./Drivers/STM32F1xx_HAL_Driver/Src/stm32f1xx_hal_i2c.o
 .debug_line    0x0000fc3c     0x1008 ./Drivers/STM32F1xx_HAL_Driver/Src/stm32f1xx_hal_rcc.o
 .debug_line    0x00010c44     0x3643 ./Drivers/STM32F1xx_HAL_Driver/Src/stm32f1xx_hal_tim.o
 .debug_line    0x00014287     0x1a13 ./Drivers/STM32F1xx_HAL_Driver/Src/stm32f1xx_hal_tim_ex.o
 .debug_line    0x00015c9a     0x266b ./Drivers/STM32F1xx_HAL_Driver/Src/stm32f1xx_hal_uart.o

.debug_str      0x00000000    0x8f17a
 .debug_str     0x00000000    0x8f17a ./AGV_Communication/agv_stm32_c.o
                               0x7cb6 (size before relaxing)
 .debug_str     0x0008f17a    0x8a729 ./Core/Src/main.o
 .debug_str     0x0008f17a    0x857ed ./Core/Src/motor.o
 .debug_str     0x0008f17a    0x891e8 ./Core/Src/mpu6050.o
 .debug_str     0x0008f17a    0x85f81 ./Core/Src/stm32f1xx_hal_msp.o
 .debug_str     0x0008f17a    0x8569d ./Core/Src/stm32f1xx_it.o
 .debug_str     0x0008f17a    0x85072 ./Core/Src/system_stm32f1xx.o
 .debug_str     0x0008f17a    0x895aa ./Core/Src/vl53l0x.o
 .debug_str     0x0008f17a       0x67 ./Core/Startup/startup_stm32f103c8tx.o
 .debug_str     0x0008f17a    0x857a5 ./Drivers/STM32F1xx_HAL_Driver/Src/stm32f1xx_hal.o
 .debug_str     0x0008f17a    0x856f1 ./Drivers/STM32F1xx_HAL_Driver/Src/stm32f1xx_hal_cortex.o
 .debug_str     0x0008f17a    0x8541b ./Drivers/STM32F1xx_HAL_Driver/Src/stm32f1xx_hal_dma.o
 .debug_str     0x0008f17a    0x8534d ./Drivers/STM32F1xx_HAL_Driver/Src/stm32f1xx_hal_flash.o
 .debug_str     0x0008f17a    0x854fb ./Drivers/STM32F1xx_HAL_Driver/Src/stm32f1xx_hal_flash_ex.o
 .debug_str     0x0008f17a    0x853f8 ./Drivers/STM32F1xx_HAL_Driver/Src/stm32f1xx_hal_gpio.o
 .debug_str     0x0008f17a    0x86139 ./Drivers/STM32F1xx_HAL_Driver/Src/stm32f1xx_hal_i2c.o
 .debug_str     0x0008f17a    0x854a1 ./Drivers/STM32F1xx_HAL_Driver/Src/stm32f1xx_hal_rcc.o
 .debug_str     0x0008f17a    0x864a3 ./Drivers/STM32F1xx_HAL_Driver/Src/stm32f1xx_hal_tim.o
 .debug_str     0x0008f17a    0x85caf ./Drivers/STM32F1xx_HAL_Driver/Src/stm32f1xx_hal_tim_ex.o
 .debug_str     0x0008f17a    0x85b12 ./Drivers/STM32F1xx_HAL_Driver/Src/stm32f1xx_hal_uart.o

.comment        0x00000000       0x43
 .comment       0x00000000       0x43 ./AGV_Communication/agv_stm32_c.o
                                 0x44 (size before relaxing)
 .comment       0x00000043       0x44 ./Core/Src/main.o
 .comment       0x00000043       0x44 ./Core/Src/motor.o
 .comment       0x00000043       0x44 ./Core/Src/mpu6050.o
 .comment       0x00000043       0x44 ./Core/Src/stm32f1xx_hal_msp.o
 .comment       0x00000043       0x44 ./Core/Src/stm32f1xx_it.o
 .comment       0x00000043       0x44 ./Core/Src/system_stm32f1xx.o
 .comment       0x00000043       0x44 ./Core/Src/vl53l0x.o
 .comment       0x00000043       0x44 ./Drivers/STM32F1xx_HAL_Driver/Src/stm32f1xx_hal.o
 .comment       0x00000043       0x44 ./Drivers/STM32F1xx_HAL_Driver/Src/stm32f1xx_hal_cortex.o
 .comment       0x00000043       0x44 ./Drivers/STM32F1xx_HAL_Driver/Src/stm32f1xx_hal_dma.o
 .comment       0x00000043       0x44 ./Drivers/STM32F1xx_HAL_Driver/Src/stm32f1xx_hal_flash.o
 .comment       0x00000043       0x44 ./Drivers/STM32F1xx_HAL_Driver/Src/stm32f1xx_hal_flash_ex.o
 .comment       0x00000043       0x44 ./Drivers/STM32F1xx_HAL_Driver/Src/stm32f1xx_hal_gpio.o
 .comment       0x00000043       0x44 ./Drivers/STM32F1xx_HAL_Driver/Src/stm32f1xx_hal_i2c.o
 .comment       0x00000043       0x44 ./Drivers/STM32F1xx_HAL_Driver/Src/stm32f1xx_hal_rcc.o
 .comment       0x00000043       0x44 ./Drivers/STM32F1xx_HAL_Driver/Src/stm32f1xx_hal_tim.o
 .comment       0x00000043       0x44 ./Drivers/STM32F1xx_HAL_Driver/Src/stm32f1xx_hal_tim_ex.o
 .comment       0x00000043       0x44 ./Drivers/STM32F1xx_HAL_Driver/Src/stm32f1xx_hal_uart.o

.debug_frame    0x00000000     0x5270
 .debug_frame   0x00000000      0x4a8 ./AGV_Communication/agv_stm32_c.o
 .debug_frame   0x000004a8      0x248 ./Core/Src/main.o
 .debug_frame   0x000006f0       0x50 ./Core/Src/motor.o
 .debug_frame   0x00000740      0x10c ./Core/Src/mpu6050.o
 .debug_frame   0x0000084c      0x178 ./Core/Src/stm32f1xx_hal_msp.o
 .debug_frame   0x000009c4      0x13c ./Core/Src/stm32f1xx_it.o
 .debug_frame   0x00000b00       0x50 ./Core/Src/system_stm32f1xx.o
 .debug_frame   0x00000b50      0x4c4 ./Core/Src/vl53l0x.o
 .debug_frame   0x00001014      0x2e4 ./Drivers/STM32F1xx_HAL_Driver/Src/stm32f1xx_hal.o
 .debug_frame   0x000012f8      0x3f0 ./Drivers/STM32F1xx_HAL_Driver/Src/stm32f1xx_hal_cortex.o
 .debug_frame   0x000016e8      0x1e8 ./Drivers/STM32F1xx_HAL_Driver/Src/stm32f1xx_hal_dma.o
 .debug_frame   0x000018d0      0x1e8 ./Drivers/STM32F1xx_HAL_Driver/Src/stm32f1xx_hal_flash.o
 .debug_frame   0x00001ab8      0x240 ./Drivers/STM32F1xx_HAL_Driver/Src/stm32f1xx_hal_flash_ex.o
 .debug_frame   0x00001cf8      0x130 ./Drivers/STM32F1xx_HAL_Driver/Src/stm32f1xx_hal_gpio.o
 .debug_frame   0x00001e28      0xbf4 ./Drivers/STM32F1xx_HAL_Driver/Src/stm32f1xx_hal_i2c.o
 .debug_frame   0x00002a1c      0x1f8 ./Drivers/STM32F1xx_HAL_Driver/Src/stm32f1xx_hal_rcc.o
 .debug_frame   0x00002c14     0x10e8 ./Drivers/STM32F1xx_HAL_Driver/Src/stm32f1xx_hal_tim.o
 .debug_frame   0x00003cfc      0x600 ./Drivers/STM32F1xx_HAL_Driver/Src/stm32f1xx_hal_tim_ex.o
 .debug_frame   0x000042fc      0x8dc ./Drivers/STM32F1xx_HAL_Driver/Src/stm32f1xx_hal_uart.o
 .debug_frame   0x00004bd8      0x144 F:/Software/STM32Cube/STM32CubeIDE_2.2.0/STM32CubeIDE/plugins/com.st.stm32cube.ide.mcu.externaltools.gnu-tools-for-stm32.14.3.rel1.win32_1.0.100.202602081740/tools/bin/../lib/gcc/arm-none-eabi/14.3.1/../../../../arm-none-eabi/lib/thumb/v7-m/nofp\libc_nano.a(libc_a-findfp.o)
 .debug_frame   0x00004d1c       0x20 F:/Software/STM32Cube/STM32CubeIDE_2.2.0/STM32CubeIDE/plugins/com.st.stm32cube.ide.mcu.externaltools.gnu-tools-for-stm32.14.3.rel1.win32_1.0.100.202602081740/tools/bin/../lib/gcc/arm-none-eabi/14.3.1/../../../../arm-none-eabi/lib/thumb/v7-m/nofp\libc_nano.a(libc_a-memset.o)
 .debug_frame   0x00004d3c       0x20 F:/Software/STM32Cube/STM32CubeIDE_2.2.0/STM32CubeIDE/plugins/com.st.stm32cube.ide.mcu.externaltools.gnu-tools-for-stm32.14.3.rel1.win32_1.0.100.202602081740/tools/bin/../lib/gcc/arm-none-eabi/14.3.1/../../../../arm-none-eabi/lib/thumb/v7-m/nofp\libc_nano.a(libc_a-errno.o)
 .debug_frame   0x00004d5c       0x2c F:/Software/STM32Cube/STM32CubeIDE_2.2.0/STM32CubeIDE/plugins/com.st.stm32cube.ide.mcu.externaltools.gnu-tools-for-stm32.14.3.rel1.win32_1.0.100.202602081740/tools/bin/../lib/gcc/arm-none-eabi/14.3.1/../../../../arm-none-eabi/lib/thumb/v7-m/nofp\libc_nano.a(libc_a-init.o)
 .debug_frame   0x00004d88       0x28 F:/Software/STM32Cube/STM32CubeIDE_2.2.0/STM32CubeIDE/plugins/com.st.stm32cube.ide.mcu.externaltools.gnu-tools-for-stm32.14.3.rel1.win32_1.0.100.202602081740/tools/bin/../lib/gcc/arm-none-eabi/14.3.1/../../../../arm-none-eabi/lib/thumb/v7-m/nofp\libc_nano.a(libc_a-memcpy-stub.o)
 .debug_frame   0x00004db0       0x20 F:/Software/STM32Cube/STM32CubeIDE_2.2.0/STM32CubeIDE/plugins/com.st.stm32cube.ide.mcu.externaltools.gnu-tools-for-stm32.14.3.rel1.win32_1.0.100.202602081740/tools/bin/../lib/gcc/arm-none-eabi/14.3.1/../../../../arm-none-eabi/lib/thumb/v7-m/nofp\libm.a(libm_a-w_atan2.o)
 .debug_frame   0x00004dd0       0x30 F:/Software/STM32Cube/STM32CubeIDE_2.2.0/STM32CubeIDE/plugins/com.st.stm32cube.ide.mcu.externaltools.gnu-tools-for-stm32.14.3.rel1.win32_1.0.100.202602081740/tools/bin/../lib/gcc/arm-none-eabi/14.3.1/../../../../arm-none-eabi/lib/thumb/v7-m/nofp\libm.a(libm_a-w_sqrt.o)
 .debug_frame   0x00004e00       0x38 F:/Software/STM32Cube/STM32CubeIDE_2.2.0/STM32CubeIDE/plugins/com.st.stm32cube.ide.mcu.externaltools.gnu-tools-for-stm32.14.3.rel1.win32_1.0.100.202602081740/tools/bin/../lib/gcc/arm-none-eabi/14.3.1/../../../../arm-none-eabi/lib/thumb/v7-m/nofp\libm.a(libm_a-s_atan.o)