../AGV_Communication/agv_stm32_c.c:8:10:agv_crc16_calc	24	static
../AGV_Communication/agv_stm32_c.c:23:10:agv_encode_packet	40	static
../AGV_Communication/agv_stm32_c.c:54:6:agv_decode_packet	32	static
../AGV_Communication/agv_stm32_c.c:87:6:agv_stm32_parser_init	16	static
../AGV_Communication/agv_stm32_c.c:95:6:agv_stm32_parser_feed	16	static
../AGV_Communication/agv_stm32_c.c:175:10:agv_build_ack	88	static
../AGV_Communication/agv_stm32_c.c:185:10:agv_build_status	88	static
../AGV_Communication/agv_stm32_c.c:195:10:agv_build_version	96	static
../AGV_Communication/agv_stm32_c.c:208:10:agv_build_error	96	static
../AGV_Communication/agv_stm32_c.c:220:10:agv_build_odometry	96	static
../AGV_Communication/agv_stm32_c.c:240:10:agv_build_encoder_data	96	static
../AGV_Communication/agv_stm32_c.c:258:10:agv_build_imu_data	96	static
../AGV_Communication/agv_stm32_c.c:273:10:agv_build_tof_data	96	static
../AGV_Communication/agv_stm32_c.c:284:10:agv_build_motor_status	96	static
../AGV_Communication/agv_stm32_c.c:298:10:agv_build_move_done	88	static
../AGV_Communication/agv_stm32_c.c:308:10:agv_build_turn_done	88	static
../AGV_Communication/agv_stm32_c.c:318:6:agv_parse_move	24	static
../AGV_Communication/agv_stm32_c.c:325:6:agv_parse_turn	24	static
../AGV_Communication/agv_stm32_c.c:332:6:agv_parse_set_repeat_speed	16	static
../AGV_Communication/agv_stm32_c.c:338:6:agv_parse_set_speeds	24	static
../AGV_Communication/agv_stm32_c.c:345:6:agv_parse_motor_trim	24	static
../AGV_Communication/agv_stm32_c.c:354:6:agv_parse_segment_start	24	static
../AGV_Communication/agv_stm32_c.c:362:6:agv_parse_segment_complete	16	static
../AGV_Communication/agv_stm32_c.c:368:6:agv_parse_set_pid_tuning	24	static
../AGV_Communication/agv_stm32_c.c:379:6:agv_parse_set_encoder_config	24	static
../AGV_Communication/agv_stm32_c.c:387:6:agv_parse_tof_data	24	static
