../AGV_Communication/agv_stm32_c.c:8:10:agv_crc16_calc	24	static
../AGV_Communication/agv_stm32_c.c:23:10:agv_encode_packet	40	static
../AGV_Communication/agv_stm32_c.c:54:6:agv_decode_packet	32	static
../AGV_Communication/agv_stm32_c.c:87:6:agv_stm32_parser_init	16	static
../AGV_Communication/agv_stm32_c.c:95:6:agv_stm32_parser_feed	16	static
../AGV_Communication/agv_stm32_c.c:178:10:agv_build_ack	88	static
../AGV_Communication/agv_stm32_c.c:188:10:agv_build_status	88	static
../AGV_Communication/agv_stm32_c.c:198:10:agv_build_version	96	static
../AGV_Communication/agv_stm32_c.c:211:10:agv_build_error	96	static
../AGV_Communication/agv_stm32_c.c:223:10:agv_build_odometry	96	static
../AGV_Communication/agv_stm32_c.c:243:10:agv_build_encoder_data	96	static
../AGV_Communication/agv_stm32_c.c:261:10:agv_build_imu_data	96	static
../AGV_Communication/agv_stm32_c.c:276:10:agv_build_telemetry_sync	96	static
../AGV_Communication/agv_stm32_c.c:311:10:agv_build_set_pid_tuning	96	static
../AGV_Communication/agv_stm32_c.c:325:10:agv_build_set_pid_enable	88	static
../AGV_Communication/agv_stm32_c.c:334:10:agv_build_set_encoder_config	96	static
../AGV_Communication/agv_stm32_c.c:345:10:agv_build_tof_data	96	static
../AGV_Communication/agv_stm32_c.c:356:10:agv_build_motor_status	96	static
../AGV_Communication/agv_stm32_c.c:370:10:agv_build_move_done	88	static
../AGV_Communication/agv_stm32_c.c:380:10:agv_build_turn_done	88	static
../AGV_Communication/agv_stm32_c.c:390:6:agv_parse_move	24	static
../AGV_Communication/agv_stm32_c.c:397:6:agv_parse_turn	24	static
../AGV_Communication/agv_stm32_c.c:404:6:agv_parse_set_repeat_speed	16	static
../AGV_Communication/agv_stm32_c.c:410:6:agv_parse_set_speeds	24	static
../AGV_Communication/agv_stm32_c.c:417:6:agv_parse_motor_trim	24	static
../AGV_Communication/agv_stm32_c.c:426:6:agv_parse_segment_start	24	static
../AGV_Communication/agv_stm32_c.c:434:6:agv_parse_segment_complete	16	static
../AGV_Communication/agv_stm32_c.c:440:6:agv_parse_set_pid_tuning	24	static
../AGV_Communication/agv_stm32_c.c:451:6:agv_parse_set_pid_enable	16	static
../AGV_Communication/agv_stm32_c.c:457:6:agv_parse_set_encoder_config	24	static
../AGV_Communication/agv_stm32_c.c:465:6:agv_parse_tof_data	24	static
../AGV_Communication/agv_stm32_c.c:473:10:agv_build_calibrate_imu	88	static
