../Core/Src/main.c:105:6:AGV_STM32_DispatchCommand	22
../Core/Src/main.c:270:6:HAL_UART_RxCpltCallback	3
../Core/Src/main.c:279:6:HAL_UART_ErrorCallback	2
../Core/Src/main.c:297:5:main	12
../Core/Src/main.c:484:6:SystemClock_Config	3
../Core/Src/main.c:524:13:MX_I2C1_Init	2
../Core/Src/main.c:558:13:MX_TIM1_Init	8
../Core/Src/main.c:637:13:MX_TIM2_Init	3
../Core/Src/main.c:686:13:MX_TIM3_Init	3
../Core/Src/main.c:735:13:MX_USART2_UART_Init	2
../Core/Src/main.c:768:13:MX_GPIO_Init	1
../Core/Src/main.c:817:6:Error_Handler	2
