../Core/Src/main.c:117:6:Load_IMU_Offset	2
../Core/Src/main.c:128:6:Save_IMU_Offset	7
../Core/Src/main.c:191:6:I2C_BusRecover	2
../Core/Src/main.c:218:6:I2C_CheckAndRecover	6
../Core/Src/main.c:234:6:AGV_STM32_DispatchCommand	29
../Core/Src/main.c:438:6:HAL_UART_RxCpltCallback	4
../Core/Src/main.c:456:6:HAL_UART_ErrorCallback	2
../Core/Src/main.c:474:5:main	64
../Core/Src/main.c:876:6:SystemClock_Config	3
../Core/Src/main.c:916:13:MX_I2C1_Init	2
../Core/Src/main.c:950:13:MX_TIM1_Init	8
../Core/Src/main.c:1029:13:MX_TIM2_Init	3
../Core/Src/main.c:1078:13:MX_TIM3_Init	3
../Core/Src/main.c:1127:13:MX_USART2_UART_Init	2
../Core/Src/main.c:1160:13:MX_GPIO_Init	1
../Core/Src/main.c:1209:6:Error_Handler	2
