../Core/Src/vl53l0x.c:44:6:writeReg	32	static
../Core/Src/vl53l0x.c:51:6:writeReg16Bit	32	static
../Core/Src/vl53l0x.c:58:6:writeReg32Bit	40	static
../Core/Src/vl53l0x.c:67:9:readReg	40	static
../Core/Src/vl53l0x.c:77:10:readReg16Bit	40	static
../Core/Src/vl53l0x.c:87:10:readReg32Bit	40	static
../Core/Src/vl53l0x.c:97:6:writeMulti	48	static
../Core/Src/vl53l0x.c:105:6:readMulti	48	static
../Core/Src/vl53l0x.c:113:6:setAddress_VL53L0X	16	static
../Core/Src/vl53l0x.c:118:9:getAddress_VL53L0X	16	static
../Core/Src/vl53l0x.c:130:6:initVL53L0X	40	static
../Core/Src/vl53l0x.c:367:6:setSignalRateLimit	16	static
../Core/Src/vl53l0x.c:377:7:getSignalRateLimit	16	static
../Core/Src/vl53l0x.c:389:6:setMeasurementTimingBudget	80	static
../Core/Src/vl53l0x.c:478:10:getMeasurementTimingBudget	64	static
../Core/Src/vl53l0x.c:532:6:setVcselPulsePeriod	56	static
../Core/Src/vl53l0x.c:709:9:getVcselPulsePeriod	16	static
../Core/Src/vl53l0x.c:728:6:startContinuous	24	static
../Core/Src/vl53l0x.c:766:6:stopContinuous	16	static
../Core/Src/vl53l0x.c:778:6:isDataReady	16	static
../Core/Src/vl53l0x.c:786:10:readRangeContinuousMillimeters	32	static
../Core/Src/vl53l0x.c:829:10:readRangeSingleMillimeters	16	static
../Core/Src/vl53l0x.c:851:6:timeoutOccurred	24	static
../Core/Src/vl53l0x.c:858:6:setTimeout	16	static
../Core/Src/vl53l0x.c:862:10:getTimeout	16	static
../Core/Src/vl53l0x.c:871:6:getSpadInfo	32	static
../Core/Src/vl53l0x.c:913:6:getSequenceStepEnables	24	static
../Core/Src/vl53l0x.c:928:6:getSequenceStepTimeouts	24	static
../Core/Src/vl53l0x.c:962:10:decodeTimeout	16	static
../Core/Src/vl53l0x.c:973:10:encodeTimeout	24	static
../Core/Src/vl53l0x.c:997:10:timeoutMclksToMicroseconds	24	static
../Core/Src/vl53l0x.c:1006:10:timeoutMicrosecondsToMclks	24	static
../Core/Src/vl53l0x.c:1015:6:performSingleRefCalibration	16	static
