15:46:36 **** Incremental Build of configuration Debug for project TARSLift_AGV ****
make -j12 all 
arm-none-eabi-gcc "../Core/Src/main.c" -mcpu=cortex-m3 -std=gnu11 -g3 -DDEBUG -DUSE_HAL_DRIVER -DSTM32F103xB -c -I../Core/Inc -I../Drivers/STM32F1xx_HAL_Driver/Inc/Legacy -I../Drivers/STM32F1xx_HAL_Driver/Inc -I../Drivers/CMSIS/Device/ST/STM32F1xx/Include -I../Drivers/CMSIS/Include -I"F:/Projects/AGV/TARSLift_AGV/AGV_Communication" -O0 -ffunction-sections -fdata-sections -Wall -fstack-usage -fcyclomatic-complexity -MMD -MP -MF"Core/Src/main.d" -MT"Core/Src/main.o" --specs=nano.specs -mfloat-abi=soft -mthumb -o "Core/Src/main.o"
arm-none-eabi-gcc "../AGV_Communication/agv_stm32_c.c" -mcpu=cortex-m3 -std=gnu11 -g3 -DDEBUG -DUSE_HAL_DRIVER -DSTM32F103xB -c -I../Core/Inc -I../Drivers/STM32F1xx_HAL_Driver/Inc/Legacy -I../Drivers/STM32F1xx_HAL_Driver/Inc -I../Drivers/CMSIS/Device/ST/STM32F1xx/Include -I../Drivers/CMSIS/Include -I"F:/Projects/AGV/TARSLift_AGV/AGV_Communication" -O0 -ffunction-sections -fdata-sections -Wall -fstack-usage -fcyclomatic-complexity -MMD -MP -MF"AGV_Communication/agv_stm32_c.d" -MT"AGV_Communication/agv_stm32_c.o" --specs=nano.specs -mfloat-abi=soft -mthumb -o "AGV_Communication/agv_stm32_c.o"
arm-none-eabi-gcc -o "TARSLift_AGV.elf" @"objects.list"   -mcpu=cortex-m3 -T"F:\Projects\AGV\TARSLift_AGV\STM32F103C8TX_FLASH.ld" --specs=nosys.specs -Wl,-Map="TARSLift_AGV.map" -Wl,--gc-sections -static --specs=nano.specs -mfloat-abi=soft -mthumb -Wl,--start-group -lc -lm -Wl,--end-group
Finished building target: TARSLift_AGV.elf
 
arm-none-eabi-size  TARSLift_AGV.elf 
arm-none-eabi-objdump -h -S TARSLift_AGV.elf  > "TARSLift_AGV.list"
   text	   data	    bss	    dec	    hex	filename
  42736	    276	   3936	  46948	   b764	TARSLift_AGV.elf
Finished building: default.size.stdout
 
Finished building: TARSLift_AGV.list
 

15:46:39 Build Finished. 0 errors, 0 warnings. (took 3s.519ms)

